Component: ARM Compiler 5.06 update 6 (build 750) Tool: armlink [4d35ed]

==============================================================================

Section Cross References

    main.o(i.main) refers to stmflash.o(i.STMFLASH_Read) for STMFLASH_Read
    main.o(i.main) refers to memseta.o(.text) for __aeabi_memclr4
    main.o(i.main) refers to stmflash.o(i.STMFLASH_Write) for STMFLASH_Write
    main.o(i.main) refers to sys_cfg.o(i.Sys_Config) for Sys_Config
    main.o(i.main) refers to oled.o(i.OLED_Init) for OLED_Init
    main.o(i.main) refers to si7021.o(i.SI_IO_Init) for SI_IO_Init
    main.o(i.main) refers to net_device.o(i.NET_DEVICE_IO_Init) for NET_DEVICE_IO_Init
    main.o(i.main) refers to mcu_api.o(i.wifi_protocol_init) for wifi_protocol_init
    main.o(i.main) refers to mcu_api.o(i.wifi_uart_service) for wifi_uart_service
    main.o(i.main) refers to mcu_api.o(i.mcu_get_wifi_work_state) for mcu_get_wifi_work_state
    main.o(i.main) refers to main.o(.bss) for FlashBuffer
    main.o(i.main) refers to net_io.o(.data) for wifi_state
    stm32f4xx_adc.o(i.ADC_DeInit) refers to stm32f4xx_rcc.o(i.RCC_APB2PeriphResetCmd) for RCC_APB2PeriphResetCmd
    stm32f4xx_can.o(i.CAN_DeInit) refers to stm32f4xx_rcc.o(i.RCC_APB1PeriphResetCmd) for RCC_APB1PeriphResetCmd
    stm32f4xx_can.o(i.CAN_GetITStatus) refers to stm32f4xx_can.o(i.CheckITStatus) for CheckITStatus
    stm32f4xx_dac.o(i.DAC_DeInit) refers to stm32f4xx_rcc.o(i.RCC_APB1PeriphResetCmd) for RCC_APB1PeriphResetCmd
    stm32f4xx_flash.o(i.FLASH_EraseAllBank1Sectors) refers to stm32f4xx_flash.o(i.FLASH_WaitForLastOperation) for FLASH_WaitForLastOperation
    stm32f4xx_flash.o(i.FLASH_EraseAllBank2Sectors) refers to stm32f4xx_flash.o(i.FLASH_WaitForLastOperation) for FLASH_WaitForLastOperation
    stm32f4xx_flash.o(i.FLASH_EraseAllSectors) refers to stm32f4xx_flash.o(i.FLASH_WaitForLastOperation) for FLASH_WaitForLastOperation
    stm32f4xx_flash.o(i.FLASH_EraseSector) refers to stm32f4xx_flash.o(i.FLASH_WaitForLastOperation) for FLASH_WaitForLastOperation
    stm32f4xx_flash.o(i.FLASH_OB_Launch) refers to stm32f4xx_flash.o(i.FLASH_WaitForLastOperation) for FLASH_WaitForLastOperation
    stm32f4xx_flash.o(i.FLASH_OB_PCROP1Config) refers to stm32f4xx_flash.o(i.FLASH_WaitForLastOperation) for FLASH_WaitForLastOperation
    stm32f4xx_flash.o(i.FLASH_OB_PCROPConfig) refers to stm32f4xx_flash.o(i.FLASH_WaitForLastOperation) for FLASH_WaitForLastOperation
    stm32f4xx_flash.o(i.FLASH_OB_RDPConfig) refers to stm32f4xx_flash.o(i.FLASH_WaitForLastOperation) for FLASH_WaitForLastOperation
    stm32f4xx_flash.o(i.FLASH_OB_UserConfig) refers to stm32f4xx_flash.o(i.FLASH_WaitForLastOperation) for FLASH_WaitForLastOperation
    stm32f4xx_flash.o(i.FLASH_OB_WRP1Config) refers to stm32f4xx_flash.o(i.FLASH_WaitForLastOperation) for FLASH_WaitForLastOperation
    stm32f4xx_flash.o(i.FLASH_OB_WRPConfig) refers to stm32f4xx_flash.o(i.FLASH_WaitForLastOperation) for FLASH_WaitForLastOperation
    stm32f4xx_flash.o(i.FLASH_ProgramByte) refers to stm32f4xx_flash.o(i.FLASH_WaitForLastOperation) for FLASH_WaitForLastOperation
    stm32f4xx_flash.o(i.FLASH_ProgramDoubleWord) refers to stm32f4xx_flash.o(i.FLASH_WaitForLastOperation) for FLASH_WaitForLastOperation
    stm32f4xx_flash.o(i.FLASH_ProgramHalfWord) refers to stm32f4xx_flash.o(i.FLASH_WaitForLastOperation) for FLASH_WaitForLastOperation
    stm32f4xx_flash.o(i.FLASH_ProgramWord) refers to stm32f4xx_flash.o(i.FLASH_WaitForLastOperation) for FLASH_WaitForLastOperation
    stm32f4xx_flash.o(i.FLASH_WaitForLastOperation) refers to stm32f4xx_flash.o(i.FLASH_GetStatus) for FLASH_GetStatus
    stm32f4xx_fsmc.o(i.FSMC_NORSRAMStructInit) refers to stm32f4xx_fsmc.o(.constdata) for FSMC_DefaultTimingStruct
    stm32f4xx_gpio.o(i.GPIO_DeInit) refers to stm32f4xx_rcc.o(i.RCC_AHB1PeriphResetCmd) for RCC_AHB1PeriphResetCmd
    stm32f4xx_hash.o(i.HASH_DeInit) refers to stm32f4xx_rcc.o(i.RCC_AHB2PeriphResetCmd) for RCC_AHB2PeriphResetCmd
    stm32f4xx_i2c.o(i.I2C_DeInit) refers to stm32f4xx_rcc.o(i.RCC_APB1PeriphResetCmd) for RCC_APB1PeriphResetCmd
    stm32f4xx_i2c.o(i.I2C_Init) refers to stm32f4xx_rcc.o(i.RCC_GetClocksFreq) for RCC_GetClocksFreq
    stm32f4xx_ltdc.o(i.LTDC_DeInit) refers to stm32f4xx_rcc.o(i.RCC_APB2PeriphResetCmd) for RCC_APB2PeriphResetCmd
    stm32f4xx_pwr.o(i.PWR_DeInit) refers to stm32f4xx_rcc.o(i.RCC_APB1PeriphResetCmd) for RCC_APB1PeriphResetCmd
    stm32f4xx_rcc.o(i.RCC_GetClocksFreq) refers to stm32f4xx_rcc.o(.data) for APBAHBPrescTable
    stm32f4xx_rcc.o(i.RCC_WaitForHSEStartUp) refers to stm32f4xx_rcc.o(i.RCC_GetFlagStatus) for RCC_GetFlagStatus
    stm32f4xx_rng.o(i.RNG_DeInit) refers to stm32f4xx_rcc.o(i.RCC_AHB2PeriphResetCmd) for RCC_AHB2PeriphResetCmd
    stm32f4xx_rtc.o(i.RTC_CoarseCalibCmd) refers to stm32f4xx_rtc.o(i.RTC_EnterInitMode) for RTC_EnterInitMode
    stm32f4xx_rtc.o(i.RTC_CoarseCalibCmd) refers to stm32f4xx_rtc.o(i.RTC_ExitInitMode) for RTC_ExitInitMode
[...]
    ../clib/microlib/printf/printf.c         0x00000000   Number         0  printf5.o ABSOLUTE
    ../clib/microlib/printf/printf.c         0x00000000   Number         0  printf6.o ABSOLUTE
    ../clib/microlib/printf/printf.c         0x00000000   Number         0  printf7.o ABSOLUTE
    ../clib/microlib/printf/printf.c         0x00000000   Number         0  printfa.o ABSOLUTE
    ../clib/microlib/printf/printf.c         0x00000000   Number         0  printf8.o ABSOLUTE
    ../clib/microlib/printf/printf.c         0x00000000   Number         0  printf1.o ABSOLUTE
    ../clib/microlib/printf/printf.c         0x00000000   Number         0  printf2.o ABSOLUTE
    ../clib/microlib/printf/printf.c         0x00000000   Number         0  printf3.o ABSOLUTE
    ../clib/microlib/printf/printf.c         0x00000000   Number         0  printfb.o ABSOLUTE
    ../clib/microlib/printf/printf.c         0x00000000   Number         0  printf0.o ABSOLUTE
    ../clib/microlib/printf/stubs.s          0x00000000   Number         0  stubs.o ABSOLUTE
    ../clib/microlib/stdio/streams.c         0x00000000   Number         0  stdout.o ABSOLUTE
    ../clib/microlib/string/memcpy.c         0x00000000   Number         0  memcpya.o ABSOLUTE
    ../clib/microlib/string/memcpy.c         0x00000000   Number         0  memcpyb.o ABSOLUTE
    ../clib/microlib/string/memset.c         0x00000000   Number         0  memseta.o ABSOLUTE
    ../clib/microlib/string/strcat.c         0x00000000   Number         0  strcat.o ABSOLUTE
    ../clib/microlib/string/strchr.c         0x00000000   Number         0  strchr.o ABSOLUTE
    ../clib/microlib/string/strcpy.c         0x00000000   Number         0  strcpy.o ABSOLUTE
    ../clib/microlib/string/strlen.c         0x00000000   Number         0  strlen.o ABSOLUTE
    ../clib/microlib/string/strstr.c         0x00000000   Number         0  strstr.o ABSOLUTE
    ../clib/microlib/stubs.s                 0x00000000   Number         0  iusefp.o ABSOLUTE
    ../fplib/microlib/f2d.c                  0x00000000   Number         0  f2d.o ABSOLUTE
    ../fplib/microlib/fpadd.c                0x00000000   Number         0  dadd.o ABSOLUTE
    ../fplib/microlib/fpdiv.c                0x00000000   Number         0  ddiv.o ABSOLUTE
    ../fplib/microlib/fpepilogue.c           0x00000000   Number         0  depilogue.o ABSOLUTE
    ../fplib/microlib/fpfix.c                0x00000000   Number         0  dfixul.o ABSOLUTE
    ../fplib/microlib/fpmul.c                0x00000000   Number         0  dmul.o ABSOLUTE
    ..\STMFLASH\stmflash.c                   0x00000000   Number         0  stmflash.o ABSOLUTE
    ..\\STMFLASH\\stmflash.c                 0x00000000   Number         0  stmflash.o ABSOLUTE
    ..\\dev\\oled\\oled.c                    0x00000000   Number         0  oled.o ABSOLUTE
    ..\\dev\\temp\\SI7021.c                  0x00000000   Number         0  si7021.o ABSOLUTE
    ..\\fwlib\\src\\misc.c                   0x00000000   Number         0  misc.o ABSOLUTE
    ..\\fwlib\\src\\stm32f4xx_adc.c          0x00000000   Number         0  stm32f4xx_adc.o ABSOLUTE
    ..\\fwlib\\src\\stm32f4xx_can.c          0x00000000   Number         0  stm32f4xx_can.o ABSOLUTE
    ..\\fwlib\\src\\stm32f4xx_cec.c          0x00000000   Number         0  stm32f4xx_cec.o ABSOLUTE
    ..\\fwlib\\src\\stm32f4xx_crc.c          0x00000000   Number         0  stm32f4xx_crc.o ABSOLUTE
    ..\\fwlib\\src\\stm32f4xx_dac.c          0x00000000   Number         0  stm32f4xx_dac.o ABSOLUTE
    ..\\fwlib\\src\\stm32f4xx_dcmi.c         0x00000000   Number         0  stm32f4xx_dcmi.o ABSOLUTE
    ..\\fwlib\\src\\stm32f4xx_dma.c          0x00000000   Number         0  stm32f4xx_dma.o ABSOLUTE
    ..\\fwlib\\src\\stm32f4xx_dsi.c          0x00000000   Number         0  stm32f4xx_dsi.o ABSOLUTE
    ..\\fwlib\\src\\stm32f4xx_exti.c         0x00000000   Number         0  stm32f4xx_exti.o ABSOLUTE
    ..\\fwlib\\src\\stm32f4xx_flash.c        0x00000000   Number         0  stm32f4xx_flash.o ABSOLUTE
    ..\\fwlib\\src\\stm32f4xx_fsmc.c         0x00000000   Number         0  stm32f4xx_fsmc.o ABSOLUTE
    ..\\fwlib\\src\\stm32f4xx_gpio.c         0x00000000   Number         0  stm32f4xx_gpio.o ABSOLUTE
    ..\\fwlib\\src\\stm32f4xx_hash.c         0x00000000   Number         0  stm32f4xx_hash.o ABSOLUTE
    ..\\fwlib\\src\\stm32f4xx_i2c.c          0x00000000   Number         0  stm32f4xx_i2c.o ABSOLUTE
    ..\\fwlib\\src\\stm32f4xx_iwdg.c         0x00000000   Number         0  stm32f4xx_iwdg.o ABSOLUTE
    ..\\fwlib\\src\\stm32f4xx_lptim.c        0x00000000   Number         0  stm32f4xx_lptim.o ABSOLUTE
    ..\\fwlib\\src\\stm32f4xx_ltdc.c         0x00000000   Number         0  stm32f4xx_ltdc.o ABSOLUTE
    ..\\fwlib\\src\\stm32f4xx_pwr.c          0x00000000   Number         0  stm32f4xx_pwr.o ABSOLUTE
    ..\\fwlib\\src\\stm32f4xx_qspi.c         0x00000000   Number         0  stm32f4xx_qspi.o ABSOLUTE
    ..\\fwlib\\src\\stm32f4xx_rcc.c          0x00000000   Number         0  stm32f4xx_rcc.o ABSOLUTE
    ..\\fwlib\\src\\stm32f4xx_rng.c          0x00000000   Number         0  stm32f4xx_rng.o ABSOLUTE
    ..\\fwlib\\src\\stm32f4xx_rtc.c          0x00000000   Number         0  stm32f4xx_rtc.o ABSOLUTE
    ..\\fwlib\\src\\stm32f4xx_sai.c          0x00000000   Number         0  stm32f4xx_sai.o ABSOLUTE
    ..\\fwlib\\src\\stm32f4xx_sdio.c         0x00000000   Number         0  stm32f4xx_sdio.o ABSOLUTE
    ..\\fwlib\\src\\stm32f4xx_spdifrx.c      0x00000000   Number         0  stm32f4xx_spdifrx.o ABSOLUTE
    ..\\fwlib\\src\\stm32f4xx_spi.c          0x00000000   Number         0  stm32f4xx_spi.o ABSOLUTE
    ..\\fwlib\\src\\stm32f4xx_syscfg.c       0x00000000   Number         0  stm32f4xx_syscfg.o ABSOLUTE
    ..\\fwlib\\src\\stm32f4xx_tim.c          0x00000000   Number         0  stm32f4xx_tim.o ABSOLUTE
    ..\\fwlib\\src\\stm32f4xx_usart.c        0x00000000   Number         0  stm32f4xx_usart.o ABSOLUTE
    ..\\fwlib\\src\\stm32f4xx_wwdg.c         0x00000000   Number         0  stm32f4xx_wwdg.o ABSOLUTE
    ..\\misis\\system_stm32f4xx.c            0x00000000   Number         0  system_stm32f4xx.o ABSOLUTE
    ..\\sys\\sys_cfg.c                       0x00000000   Number         0  sys_cfg.o ABSOLUTE
    ..\\sys\\sys_delay.c                     0x00000000   Number         0  sys_delay.o ABSOLUTE
    ..\\tuya_sdk\\protocol.c                 0x00000000   Number         0  protocol.o ABSOLUTE
    ..\\user\\main.c                         0x00000000   Number         0  main.o ABSOLUTE
    ..\\user\\stm32f4xx_it.c                 0x00000000   Number         0  stm32f4xx_it.o ABSOLUTE
    ..\\wifi\\net_device.c                   0x00000000   Number         0  net_device.o ABSOLUTE
    ..\\wifi\\net_io.c                       0x00000000   Number         0  net_io.o ABSOLUTE
    ..\dev\oled\oled.c                       0x00000000   Number         0  oled.o ABSOLUTE
    ..\dev\temp\SI7021.c                     0x00000000   Number         0  si7021.o ABSOLUTE
    ..\fwlib\src\misc.c                      0x00000000   Number         0  misc.o ABSOLUTE
    ..\fwlib\src\stm32f4xx_adc.c             0x00000000   Number         0  stm32f4xx_adc.o ABSOLUTE
    ..\fwlib\src\stm32f4xx_can.c             0x00000000   Number         0  stm32f4xx_can.o ABSOLUTE
    ..\fwlib\src\stm32f4xx_cec.c             0x00000000   Number         0  stm32f4xx_cec.o ABSOLUTE
    ..\fwlib\src\stm32f4xx_crc.c             0x00000000   Number         0  stm32f4xx_crc.o ABSOLUTE
    ..\fwlib\src\stm32f4xx_dac.c             0x00000000   Number         0  stm32f4xx_dac.o ABSOLUTE
    ..\fwlib\src\stm32f4xx_dcmi.c            0x00000000   Number         0  stm32f4xx_dcmi.o ABSOLUTE
    ..\fwlib\src\stm32f4xx_dma.c             0x00000000   Number         0  stm32f4xx_dma.o ABSOLUTE
    ..\fwlib\src\stm32f4xx_dsi.c             0x00000000   Number         0  stm32f4xx_dsi.o ABSOLUTE
    ..\fwlib\src\stm32f4xx_exti.c            0x00000000   Number         0  stm32f4xx_exti.o ABSOLUTE
    ..\fwlib\src\stm32f4xx_flash.c           0x00000000   Number         0  stm32f4xx_flash.o ABSOLUTE
    ..\fwlib\src\stm32f4xx_fsmc.c            0x00000000   Number         0  stm32f4xx_fsmc.o ABSOLUTE
    ..\fwlib\src\stm32f4xx_gpio.c            0x00000000   Number         0  stm32f4xx_gpio.o ABSOLUTE
    ..\fwlib\src\stm32f4xx_hash.c            0x00000000   Number         0  stm32f4xx_hash.o ABSOLUTE
    ..\fwlib\src\stm32f4xx_i2c.c             0x00000000   Number         0  stm32f4xx_i2c.o ABSOLUTE
    ..\fwlib\src\stm32f4xx_iwdg.c            0x00000000   Number         0  stm32f4xx_iwdg.o ABSOLUTE
    ..\fwlib\src\stm32f4xx_lptim.c           0x00000000   Number         0  stm32f4xx_lptim.o ABSOLUTE
    ..\fwlib\src\stm32f4xx_ltdc.c            0x00000000   Number         0  stm32f4xx_ltdc.o ABSOLUTE
    ..\fwlib\src\stm32f4xx_pwr.c             0x00000000   Number         0  stm32f4xx_pwr.o ABSOLUTE
    ..\fwlib\src\stm32f4xx_qspi.c            0x00000000   Number         0  stm32f4xx_qspi.o ABSOLUTE
    ..\fwlib\src\stm32f4xx_rcc.c             0x00000000   Number         0  stm32f4xx_rcc.o ABSOLUTE
    ..\fwlib\src\stm32f4xx_rng.c             0x00000000   Number         0  stm32f4xx_rng.o ABSOLUTE
    ..\fwlib\src\stm32f4xx_rtc.c             0x00000000   Number         0  stm32f4xx_rtc.o ABSOLUTE
    ..\fwlib\src\stm32f4xx_sai.c             0x00000000   Number         0  stm32f4xx_sai.o ABSOLUTE
    ..\fwlib\src\stm32f4xx_sdio.c            0x00000000   Number         0  stm32f4xx_sdio.o ABSOLUTE
    ..\fwlib\src\stm32f4xx_spdifrx.c         0x00000000   Number         0  stm32f4xx_spdifrx.o ABSOLUTE
    ..\fwlib\src\stm32f4xx_spi.c             0x00000000   Number         0  stm32f4xx_spi.o ABSOLUTE
    ..\fwlib\src\stm32f4xx_syscfg.c          0x00000000   Number         0  stm32f4xx_syscfg.o ABSOLUTE
    ..\fwlib\src\stm32f4xx_tim.c             0x00000000   Number         0  stm32f4xx_tim.o ABSOLUTE
    ..\fwlib\src\stm32f4xx_usart.c           0x00000000   Number         0  stm32f4xx_usart.o ABSOLUTE
    ..\fwlib\src\stm32f4xx_wwdg.c            0x00000000   Number         0  stm32f4xx_wwdg.o ABSOLUTE
    ..\misis\system_stm32f4xx.c              0x00000000   Number         0  system_stm32f4xx.o ABSOLUTE
    ..\startup\startup_stm32f40_41xxx.s      0x00000000   Number         0  startup_stm32f40_41xxx.o ABSOLUTE
    ..\sys\sys_cfg.c                         0x00000000   Number         0  sys_cfg.o ABSOLUTE
    ..\sys\sys_delay.c                       0x00000000   Number         0  sys_delay.o ABSOLUTE
    ..\tuya_sdk\mcu_api.c                    0x00000000   Number         0  mcu_api.o ABSOLUTE
    ..\tuya_sdk\protocol.c                   0x00000000   Number         0  protocol.o ABSOLUTE
    ..\tuya_sdk\system.c                     0x00000000   Number         0  system.o ABSOLUTE
    ..\user\main.c                           0x00000000   Number         0  main.o ABSOLUTE
    ..\user\stm32f4xx_it.c                   0x00000000   Number         0  stm32f4xx_it.o ABSOLUTE
    ..\wifi\net_device.c                     0x00000000   Number         0  net_device.o ABSOLUTE
    ..\wifi\net_io.c                         0x00000000   Number         0  net_io.o ABSOLUTE
    cdrcmple.s                               0x00000000   Number         0  cdrcmple.o ABSOLUTE
    dc.s                                     0x00000000   Number         0  dc.o ABSOLUTE
    handlers.s                               0x00000000   Number         0  handlers.o ABSOLUTE
    init.s                                   0x00000000   Number         0  init.o ABSOLUTE
    RESET                                    0x08004000   Section      392  startup_stm32f40_41xxx.o(RESET)
    .ARM.Collect$$$$00000000                 0x08004188   Section        0  entry.o(.ARM.Collect$$$$00000000)
    .ARM.Collect$$$$00000001                 0x08004188   Section        4  entry2.o(.ARM.Collect$$$$00000001)
    .ARM.Collect$$$$00000004                 0x0800418c   Section        4  entry5.o(.ARM.Collect$$$$00000004)
    .ARM.Collect$$$$00000008                 0x08004190   Section        0  entry7b.o(.ARM.Collect$$$$00000008)
    .ARM.Collect$$$$0000000A                 0x08004190   Section        0  entry8b.o(.ARM.Collect$$$$0000000A)
    .ARM.Collect$$$$0000000B                 0x08004190   Section        8  entry9a.o(.ARM.Collect$$$$0000000B)
    .ARM.Collect$$$$0000000D                 0x08004198   Section        0  entry10a.o(.ARM.Collect$$$$0000000D)
    .ARM.Collect$$$$0000000F                 0x08004198   Section        0  entry11a.o(.ARM.Collect$$$$0000000F)
    .ARM.Collect$$$$00002712                 0x08004198   Section        4  entry2.o(.ARM.Collect$$$$00002712)
    __lit__00000000                          0x08004198   Data           4  entry2.o(.ARM.Collect$$$$00002712)
    .text                                    0x0800419c   Section       36  startup_stm32f40_41xxx.o(.text)
    $v0                                      0x0800419c   Number         0  startup_stm32f40_41xxx.o(.text)
    .text                                    0x080041c0   Section        0  memseta.o(.text)
    .text                                    0x080041e4   Section        0  f2d.o(.text)
    .text                                    0x0800420a   Section        0  uidiv.o(.text)
    .text                                    0x08004236   Section        0  uldiv.o(.text)
    .text                                    0x08004298   Section        0  iusefp.o(.text)
    .text                                    0x08004298   Section        0  dadd.o(.text)
    .text                                    0x080043e6   Section        0  dmul.o(.text)
    .text                                    0x080044ca   Section        0  ddiv.o(.text)
    .text                                    0x080045a8   Section        0  dfixul.o(.text)
    .text                                    0x080045d8   Section       48  cdrcmple.o(.text)
    .text                                    0x08004608   Section       36  init.o(.text)
    .text                                    0x0800462c   Section        0  llshl.o(.text)
    .text                                    0x0800464a   Section        0  llushr.o(.text)
    .text                                    0x0800466a   Section        0  llsshr.o(.text)
    .text                                    0x0800468e   Section        0  depilogue.o(.text)
    i.BusFault_Handler                       0x08004748   Section        0  stm32f4xx_it.o(i.BusFault_Handler)
    i.DebugMon_Handler                       0x0800474c   Section        0  stm32f4xx_it.o(i.DebugMon_Handler)
    i.Delay_Configuration                    0x0800474e   Section        0  sys_delay.o(i.Delay_Configuration)
    i.FLASH_DataCacheCmd                     0x08004764   Section        0  stm32f4xx_flash.o(i.FLASH_DataCacheCmd)
    i.FLASH_EraseSector                      0x08004788   Section        0  stm32f4xx_flash.o(i.FLASH_EraseSector)
    i.FLASH_GetStatus                        0x08004810   Section        0  stm32f4xx_flash.o(i.FLASH_GetStatus)
    i.FLASH_Lock                             0x08004864   Section        0  stm32f4xx_flash.o(i.FLASH_Lock)
    i.FLASH_ProgramWord                      0x08004878   Section        0  stm32f4xx_flash.o(i.FLASH_ProgramWord)
    i.FLASH_Unlock                           0x080048c8   Section        0  stm32f4xx_flash.o(i.FLASH_Unlock)
    i.FLASH_WaitForLastOperation             0x080048ec   Section        0  stm32f4xx_flash.o(i.FLASH_WaitForLastOperation)
    i.GPIO_Configuration                     0x08004910   Section        0  sys_cfg.o(i.GPIO_Configuration)
    GPIO_Configuration                       0x08004911   Thumb Code   174  sys_cfg.o(i.GPIO_Configuration)
    i.GPIO_Init                              0x080049c8   Section        0  stm32f4xx_gpio.o(i.GPIO_Init)
    i.GPIO_PinAFConfig                       0x08004a58   Section        0  stm32f4xx_gpio.o(i.GPIO_PinAFConfig)
    i.GPIO_ReadInputDataBit                  0x08004a9e   Section        0  stm32f4xx_gpio.o(i.GPIO_ReadInputDataBit)
    i.GPIO_ResetBits                         0x08004ab0   Section        0  stm32f4xx_gpio.o(i.GPIO_ResetBits)
    i.GPIO_SetBits                           0x08004ab4   Section        0  stm32f4xx_gpio.o(i.GPIO_SetBits)
    i.GPIO_ToggleBits                        0x08004ab8   Section        0  stm32f4xx_gpio.o(i.GPIO_ToggleBits)
    i.HardFault_Handler                      0x08004ac0   Section        0  stm32f4xx_it.o(i.HardFault_Handler)
    i.Master_acknowledge                     0x08004ac4   Section        0  si7021.o(i.Master_acknowledge)
    i.MemManage_Handler                      0x08004b1c   Section        0  stm32f4xx_it.o(i.MemManage_Handler)
    i.NET_DEVICE_IO_Init                     0x08004b20   Section        0  net_device.o(i.NET_DEVICE_IO_Init)
    i.NET_DEVICE_Reset                       0x08004ba0   Section        0  net_device.o(i.NET_DEVICE_Reset)
    i.NET_IO_AddTag2End                      0x08004be8   Section        0  net_io.o(i.NET_IO_AddTag2End)
    i.NET_IO_Init                            0x08004c40   Section        0  net_io.o(i.NET_IO_Init)
    i.NET_IO_Send                            0x08004c48   Section        0  net_io.o(i.NET_IO_Send)
    i.NET_Timer_Init                         0x08004c78   Section        0  net_io.o(i.NET_Timer_Init)
    i.NET_USART_Init                         0x08004cf4   Section        0  net_io.o(i.NET_USART_Init)
    i.NMI_Handler                            0x08004db8   Section        0  stm32f4xx_it.o(i.NMI_Handler)
    i.NVIC_Configuration                     0x08004dba   Section        0  sys_cfg.o(i.NVIC_Configuration)
    NVIC_Configuration                       0x08004dbb   Thumb Code    14  sys_cfg.o(i.NVIC_Configuration)
    i.NVIC_Init                              0x08004dc8   Section        0  misc.o(i.NVIC_Init)
    i.NVIC_PriorityGroupConfig               0x08004e40   Section        0  misc.o(i.NVIC_PriorityGroupConfig)
    i.NVIC_SetVectorTable                    0x08004e54   Section        0  misc.o(i.NVIC_SetVectorTable)
    i.No_ack                                 0x08004e68   Section        0  si7021.o(i.No_ack)
    i.OLED_Clear                             0x08004eb4   Section        0  oled.o(i.OLED_Clear)
    i.OLED_IO_Init                           0x08004ef4   Section        0  oled.o(i.OLED_IO_Init)
    i.OLED_Init                              0x08004f68   Section        0  oled.o(i.OLED_Init)
    i.OLED_Set_Pos                           0x080050a0   Section        0  oled.o(i.OLED_Set_Pos)
    i.OLED_ShowChar                          0x080050d0   Section        0  oled.o(i.OLED_ShowChar)
    i.OLED_ShowNum                           0x08005140   Section        0  oled.o(i.OLED_ShowNum)
    i.OLED_ShowString                        0x080051c4   Section        0  oled.o(i.OLED_ShowString)
    i.OLED_WR_Byte                           0x080051fc   Section        0  oled.o(i.OLED_WR_Byte)
    i.OLED_display                           0x08005268   Section        0  oled.o(i.OLED_display)
    i.PendSV_Handler                         0x080052a4   Section        0  stm32f4xx_it.o(i.PendSV_Handler)
    i.Queue_Read_Byte                        0x080052a8   Section        0  system.o(i.Queue_Read_Byte)
    i.RCC_AHB1PeriphClockCmd                 0x080052e4   Section        0  stm32f4xx_rcc.o(i.RCC_AHB1PeriphClockCmd)
    i.RCC_APB1PeriphClockCmd                 0x08005304   Section        0  stm32f4xx_rcc.o(i.RCC_APB1PeriphClockCmd)
    i.RCC_APB1PeriphResetCmd                 0x08005324   Section        0  stm32f4xx_rcc.o(i.RCC_APB1PeriphResetCmd)
    i.RCC_APB2PeriphClockCmd                 0x08005344   Section        0  stm32f4xx_rcc.o(i.RCC_APB2PeriphClockCmd)
    i.RCC_APB2PeriphResetCmd                 0x08005364   Section        0  stm32f4xx_rcc.o(i.RCC_APB2PeriphResetCmd)
    i.RCC_Configuration                      0x08005384   Section        0  sys_cfg.o(i.RCC_Configuration)
    RCC_Configuration                        0x08005385   Thumb Code    98  sys_cfg.o(i.RCC_Configuration)
    i.RCC_DeInit                             0x080053e8   Section        0  stm32f4xx_rcc.o(i.RCC_DeInit)
    i.RCC_GetClocksFreq                      0x0800544c   Section        0  stm32f4xx_rcc.o(i.RCC_GetClocksFreq)
    i.RCC_GetFlagStatus                      0x08005534   Section        0  stm32f4xx_rcc.o(i.RCC_GetFlagStatus)
    i.RCC_GetSYSCLKSource                    0x08005574   Section        0  stm32f4xx_rcc.o(i.RCC_GetSYSCLKSource)
    i.RCC_HCLKConfig                         0x08005584   Section        0  stm32f4xx_rcc.o(i.RCC_HCLKConfig)
    i.RCC_HSEConfig                          0x0800559c   Section        0  stm32f4xx_rcc.o(i.RCC_HSEConfig)
    i.RCC_PCLK1Config                        0x080055ac   Section        0  stm32f4xx_rcc.o(i.RCC_PCLK1Config)
    i.RCC_PCLK2Config                        0x080055c4   Section        0  stm32f4xx_rcc.o(i.RCC_PCLK2Config)
    i.RCC_PLLCmd                             0x080055dc   Section        0  stm32f4xx_rcc.o(i.RCC_PLLCmd)
    i.RCC_PLLConfig                          0x080055e8   Section        0  stm32f4xx_rcc.o(i.RCC_PLLConfig)
    i.RCC_SYSCLKConfig                       0x0800560c   Section        0  stm32f4xx_rcc.o(i.RCC_SYSCLKConfig)
    i.RCC_WaitForHSEStartUp                  0x08005624   Section        0  stm32f4xx_rcc.o(i.RCC_WaitForHSEStartUp)
    i.SI7021_measure                         0x0800565c   Section        0  si7021.o(i.SI7021_measure)
    i.SI70XX_Sensor_Measure                  0x08005798   Section        0  si7021.o(i.SI70XX_Sensor_Measure)
    i.SI_IO_Init                             0x08005800   Section        0  si7021.o(i.SI_IO_Init)
    i.SI_R_Byte                              0x08005844   Section        0  si7021.o(i.SI_R_Byte)
    i.SI_W_Byte                              0x080058b0   Section        0  si7021.o(i.SI_W_Byte)
    i.SI_start                               0x08005924   Section        0  si7021.o(i.SI_start)
    i.SI_stop                                0x08005988   Section        0  si7021.o(i.SI_stop)
    i.STMFLASH_GetFlashSector                0x080059f0   Section        0  stmflash.o(i.STMFLASH_GetFlashSector)
    i.STMFLASH_Read                          0x08005a90   Section        0  stmflash.o(i.STMFLASH_Read)
    i.STMFLASH_ReadWord                      0x08005ab0   Section        0  stmflash.o(i.STMFLASH_ReadWord)
    i.STMFLASH_Write                         0x08005ab8   Section        0  stmflash.o(i.STMFLASH_Write)
    i.SVC_Handler                            0x08005b50   Section        0  stm32f4xx_it.o(i.SVC_Handler)
    i.SetSysClock                            0x08005b54   Section        0  system_stm32f4xx.o(i.SetSysClock)
    SetSysClock                              0x08005b55   Thumb Code   220  system_stm32f4xx.o(i.SetSysClock)
    i.Slave_acknowledge                      0x08005c40   Section        0  si7021.o(i.Slave_acknowledge)
    i.SysTick_Handler                        0x08005cb8   Section        0  stm32f4xx_it.o(i.SysTick_Handler)
    i.Sys_Config                             0x08005cbc   Section        0  sys_cfg.o(i.Sys_Config)
    i.SystemInit                             0x08005d10   Section        0  system_stm32f4xx.o(i.SystemInit)
    i.TIM3_IRQHandler                        0x08005d78   Section        0  net_io.o(i.TIM3_IRQHandler)
    i.TIM_ClearFlag                          0x08005df8   Section        0  stm32f4xx_tim.o(i.TIM_ClearFlag)
    i.TIM_Cmd                                0x08005dfe   Section        0  stm32f4xx_tim.o(i.TIM_Cmd)
    i.TIM_DeInit                             0x08005e18   Section        0  stm32f4xx_tim.o(i.TIM_DeInit)
    i.TIM_ITConfig                           0x08005fa8   Section        0  stm32f4xx_tim.o(i.TIM_ITConfig)
    i.TIM_TimeBaseInit                       0x08005fbc   Section        0  stm32f4xx_tim.o(i.TIM_TimeBaseInit)
    i.USART3_IRQHandler                      0x08006040   Section        0  net_io.o(i.USART3_IRQHandler)
    i.USART_ClearFlag                        0x080060b8   Section        0  stm32f4xx_usart.o(i.USART_ClearFlag)
    i.USART_Cmd                              0x080060ca   Section        0  stm32f4xx_usart.o(i.USART_Cmd)
    i.USART_Configuration                    0x080060e4   Section        0  sys_cfg.o(i.USART_Configuration)
    USART_Configuration                      0x080060e5   Thumb Code    58  sys_cfg.o(i.USART_Configuration)
    i.USART_GetFlagStatus                    0x08006124   Section        0  stm32f4xx_usart.o(i.USART_GetFlagStatus)
    i.USART_ITConfig                         0x0800613e   Section        0  stm32f4xx_usart.o(i.USART_ITConfig)
    i.USART_Init                             0x08006188   Section        0  stm32f4xx_usart.o(i.USART_Init)
    i.USART_SendData                         0x0800625c   Section        0  stm32f4xx_usart.o(i.USART_SendData)
    i.UsageFault_Handler                     0x08006264   Section        0  stm32f4xx_it.o(i.UsageFault_Handler)
    i.__0printf                              0x08006268   Section        0  printfa.o(i.__0printf)
    i.__scatterload_copy                     0x08006288   Section       14  handlers.o(i.__scatterload_copy)
    i.__scatterload_null                     0x08006296   Section        2  handlers.o(i.__scatterload_null)
    i.__scatterload_zeroinit                 0x08006298   Section       14  handlers.o(i.__scatterload_zeroinit)
    i._fp_digits                             0x080062a8   Section        0  printfa.o(i._fp_digits)
    _fp_digits                               0x080062a9   Thumb Code   366  printfa.o(i._fp_digits)
    i._printf_core                           0x0800642c   Section        0  printfa.o(i._printf_core)
    _printf_core                             0x0800642d   Thumb Code  1744  printfa.o(i._printf_core)
    i._printf_post_padding                   0x08006b08   Section        0  printfa.o(i._printf_post_padding)
    _printf_post_padding                     0x08006b09   Thumb Code    36  printfa.o(i._printf_post_padding)
    i._printf_pre_padding                    0x08006b2c   Section        0  printfa.o(i._printf_pre_padding)
    _printf_pre_padding                      0x08006b2d   Thumb Code    46  printfa.o(i._printf_pre_padding)
    i.all_data_update                        0x08006b5c   Section        0  protocol.o(i.all_data_update)
    i.byte_to_int                            0x08006ba8   Section        0  mcu_api.o(i.byte_to_int)
    i.data_handle                            0x08006bc4   Section        0  system.o(i.data_handle)
    i.data_point_handle                      0x08006dac   Section        0  system.o(i.data_point_handle)
    data_point_handle                        0x08006dad   Thumb Code    72  system.o(i.data_point_handle)
    i.delay_ms                               0x08006df8   Section        0  sys_delay.o(i.delay_ms)
    i.delay_us                               0x08006e42   Section        0  sys_delay.o(i.delay_us)
    i.dp_download_handle                     0x08006e82   Section        0  protocol.o(i.dp_download_handle)
    i.dp_download_light_handle               0x08006ed8   Section        0  protocol.o(i.dp_download_light_handle)
    dp_download_light_handle                 0x08006ed9   Thumb Code    68  protocol.o(i.dp_download_light_handle)
    i.dp_download_mode_handle                0x08006f24   Section        0  protocol.o(i.dp_download_mode_handle)
    dp_download_mode_handle                  0x08006f25   Thumb Code    70  protocol.o(i.dp_download_mode_handle)
    i.dp_download_power_handle               0x08006f70   Section        0  protocol.o(i.dp_download_power_handle)
    dp_download_power_handle                 0x08006f71   Thumb Code    68  protocol.o(i.dp_download_power_handle)
    i.dp_download_tempset_handle             0x08006fbc   Section        0  protocol.o(i.dp_download_tempset_handle)
    dp_download_tempset_handle               0x08006fbd   Thumb Code    48  protocol.o(i.dp_download_tempset_handle)
    i.fputc                                  0x08006ff0   Section        0  sys_cfg.o(i.fputc)
    i.get_check_sum                          0x08007014   Section        0  system.o(i.get_check_sum)
    i.get_dowmload_dpid_index                0x08007030   Section        0  system.o(i.get_dowmload_dpid_index)
    get_dowmload_dpid_index                  0x08007031   Thumb Code    42  system.o(i.get_dowmload_dpid_index)
    i.get_download_cmd_total                 0x08007060   Section        0  protocol.o(i.get_download_cmd_total)
    i.get_mcu_wifi_mode                      0x08007064   Section        0  system.o(i.get_mcu_wifi_mode)
    get_mcu_wifi_mode                        0x08007065   Thumb Code    14  system.o(i.get_mcu_wifi_mode)
    i.get_queue_total_data                   0x08007074   Section        0  system.o(i.get_queue_total_data)
    i.heat_beat_check                        0x08007090   Section        0  system.o(i.heat_beat_check)
    heat_beat_check                          0x08007091   Thumb Code    48  system.o(i.heat_beat_check)
    i.main                                   0x080070c4   Section        0  main.o(i.main)
    i.mcu_dp_bool_update                     0x08007124   Section        0  mcu_api.o(i.mcu_dp_bool_update)
    i.mcu_dp_enum_update                     0x08007188   Section        0  mcu_api.o(i.mcu_dp_enum_update)
    i.mcu_dp_fault_update                    0x080071dc   Section        0  mcu_api.o(i.mcu_dp_fault_update)
    i.mcu_dp_value_update                    0x080072a0   Section        0  mcu_api.o(i.mcu_dp_value_update)
    i.mcu_firm_update_handle                 0x08007318   Section        0  protocol.o(i.mcu_firm_update_handle)
    i.mcu_get_dp_download_bool               0x080073c0   Section        0  mcu_api.o(i.mcu_get_dp_download_bool)
    i.mcu_get_dp_download_enum               0x080073c6   Section        0  mcu_api.o(i.mcu_get_dp_download_enum)
    i.mcu_get_dp_download_value              0x080073cc   Section        0  mcu_api.o(i.mcu_get_dp_download_value)
    i.mcu_get_wifi_work_state                0x080073dc   Section        0  mcu_api.o(i.mcu_get_wifi_work_state)
    i.my_memcpy                              0x080073e8   Section        0  mcu_api.o(i.my_memcpy)
    i.my_strlen                              0x0800742c   Section        0  mcu_api.o(i.my_strlen)
    i.oled_pow                               0x08007448   Section        0  oled.o(i.oled_pow)
    i.oled_tuya_dis                          0x08007460   Section        0  oled.o(i.oled_tuya_dis)
    i.product_info_update                    0x08007558   Section        0  system.o(i.product_info_update)
    product_info_update                      0x08007559   Thumb Code    54  system.o(i.product_info_update)
    i.set_wifi_uart_buffer                   0x080075ac   Section        0  system.o(i.set_wifi_uart_buffer)
    i.set_wifi_uart_byte                     0x080075d4   Section        0  system.o(i.set_wifi_uart_byte)
    i.uart_receive_input                     0x080075e4   Section        0  mcu_api.o(i.uart_receive_input)
    i.uart_transmit_output                   0x08007644   Section        0  protocol.o(i.uart_transmit_output)
    i.wifi_protocol_init                     0x08007650   Section        0  mcu_api.o(i.wifi_protocol_init)
    i.wifi_test_result                       0x08007674   Section        0  protocol.o(i.wifi_test_result)
    i.wifi_uart_service                      0x0800767c   Section        0  mcu_api.o(i.wifi_uart_service)
    i.wifi_uart_write_data                   0x08007778   Section        0  system.o(i.wifi_uart_write_data)
    wifi_uart_write_data                     0x08007779   Thumb Code    36  system.o(i.wifi_uart_write_data)
    i.wifi_uart_write_frame                  0x0800779c   Section        0  system.o(i.wifi_uart_write_frame)
    .constdata                               0x080077e0   Section        4  net_io.o(.constdata)
    .constdata                               0x080077e4   Section     4568  oled.o(.constdata)
    .data                                    0x20000000   Section       16  stm32f4xx_rcc.o(.data)
    APBAHBPrescTable                         0x20000000   Data          16  stm32f4xx_rcc.o(.data)
    .data                                    0x20000010   Section        2  mcu_api.o(.data)
    rx_in                                    0x20000010   Data           2  mcu_api.o(.data)
    .data                                    0x20000012   Section       18  protocol.o(.data)
    .data                                    0x20000024   Section       21  system.o(.data)
    mcu_reset_state                          0x20000030   Data           1  system.o(.data)
    firm_length                              0x20000034   Data           4  system.o(.data)
    firm_update_flag                         0x20000038   Data           1  system.o(.data)
    .data                                    0x2000003c   Section       28  net_device.o(.data)
    .data                                    0x20000058   Section        3  net_io.o(.data)
    .data                                    0x2000005c   Section        8  si7021.o(.data)
    .data                                    0x20000064   Section        1  oled.o(.data)
    .data                                    0x20000068   Section        4  stdout.o(.data)
    .bss                                     0x2000006c   Section       36  main.o(.bss)
    .bss                                     0x20000090   Section      473  system.o(.bss)
    .bss                                     0x2000026a   Section      518  net_io.o(.bss)
    .bss                                     0x20000470   Section       12  si7021.o(.bss)
    STACK                                    0x20000480   Section     1024  startup_stm32f40_41xxx.o(STACK)

    Global Symbols

    Symbol Name                              Value     Ov Type        Size  Object(Section)

    BuildAttributes$$THM_ISAv4$E$P$D$K$B$S$7EM$VFPi3$EXTD16$VFPS$VFMA$PE$A:L22UL41UL21$X:L11$S22US41US21$IEEE1$IW$USESV6$~STKCKD$USESV7$~SHL$OSPACE$ROPI$EBA8$MICROLIB$REQ8$PRES8$EABIv2 0x00000000   Number         0  anon$$obj.o ABSOLUTE
    __ARM_use_no_argv                        0x00000000   Number         0  main.o ABSOLUTE
    _printf_a                                0x00000000   Number         0  stubs.o ABSOLUTE
    _printf_c                                0x00000000   Number         0  stubs.o ABSOLUTE
    _printf_charcount                        0x00000000   Number         0  stubs.o ABSOLUTE
    _printf_d                                0x00000000   Number         0  stubs.o ABSOLUTE
    _printf_e                                0x00000000   Number         0  stubs.o ABSOLUTE
    _printf_f                                0x00000000   Number         0  stubs.o ABSOLUTE
    _printf_flags                            0x00000000   Number         0  stubs.o ABSOLUTE
    _printf_fp_dec                           0x00000000   Number         0  stubs.o ABSOLUTE
    _printf_fp_hex                           0x00000000   Number         0  stubs.o ABSOLUTE
    _printf_g                                0x00000000   Number         0  stubs.o ABSOLUTE
    _printf_i                                0x00000000   Number         0  stubs.o ABSOLUTE
    _printf_int_dec                          0x00000000   Number         0  stubs.o ABSOLUTE
    _printf_l                                0x00000000   Number         0  stubs.o ABSOLUTE
    _printf_lc                               0x00000000   Number         0  stubs.o ABSOLUTE
    _printf_ll                               0x00000000   Number         0  stubs.o ABSOLUTE
    _printf_lld                              0x00000000   Number         0  stubs.o ABSOLUTE
    _printf_lli                              0x00000000   Number         0  stubs.o ABSOLUTE
    _printf_llo                              0x00000000   Number         0  stubs.o ABSOLUTE
    _printf_llu                              0x00000000   Number         0  stubs.o ABSOLUTE
    _printf_llx                              0x00000000   Number         0  stubs.o ABSOLUTE
    _printf_longlong_dec                     0x00000000   Number         0  stubs.o ABSOLUTE
    _printf_longlong_hex                     0x00000000   Number         0  stubs.o ABSOLUTE
    _printf_longlong_oct                     0x00000000   Number         0  stubs.o ABSOLUTE
    _printf_ls                               0x00000000   Number         0  stubs.o ABSOLUTE
    _printf_mbtowc                           0x00000000   Number         0  stubs.o ABSOLUTE
    _printf_n                                0x00000000   Number         0  stubs.o ABSOLUTE
    _printf_o                                0x00000000   Number         0  stubs.o ABSOLUTE
    _printf_p                                0x00000000   Number         0  stubs.o ABSOLUTE
    _printf_percent                          0x00000000   Number         0  stubs.o ABSOLUTE
    _printf_pre_padding                      0x00000000   Number         0  stubs.o ABSOLUTE
    _printf_return_value                     0x00000000   Number         0  stubs.o ABSOLUTE
    _printf_s                                0x00000000   Number         0  stubs.o ABSOLUTE
    _printf_sizespec                         0x00000000   Number         0  stubs.o ABSOLUTE
    _printf_str                              0x00000000   Number         0  stubs.o ABSOLUTE
    _printf_truncate_signed                  0x00000000   Number         0  stubs.o ABSOLUTE
    _printf_truncate_unsigned                0x00000000   Number         0  stubs.o ABSOLUTE
    _printf_u                                0x00000000   Number         0  stubs.o ABSOLUTE
    _printf_wc                               0x00000000   Number         0  stubs.o ABSOLUTE
    _printf_wctomb                           0x00000000   Number         0  stubs.o ABSOLUTE
    _printf_widthprec                        0x00000000   Number         0  stubs.o ABSOLUTE
    _printf_x                                0x00000000   Number         0  stubs.o ABSOLUTE
    __cpp_initialize__aeabi_                  - Undefined Weak Reference
    __cxa_finalize                            - Undefined Weak Reference
    __decompress                              - Undefined Weak Reference
    _clock_init                               - Undefined Weak Reference
    _microlib_exit                            - Undefined Weak Reference
    __Vectors_Size                           0x00000188   Number         0  startup_stm32f40_41xxx.o ABSOLUTE
    __Vectors                                0x08004000   Data           4  startup_stm32f40_41xxx.o(RESET)
    __Vectors_End                            0x08004188   Data           0  startup_stm32f40_41xxx.o(RESET)
    __main                                   0x08004189   Thumb Code     0  entry.o(.ARM.Collect$$$$00000000)
    _main_stk                                0x08004189   Thumb Code     0  entry2.o(.ARM.Collect$$$$00000001)
    _main_scatterload                        0x0800418d   Thumb Code     0  entry5.o(.ARM.Collect$$$$00000004)
    __main_after_scatterload                 0x08004191   Thumb Code     0  entry5.o(.ARM.Collect$$$$00000004)
    _main_clock                              0x08004191   Thumb Code     0  entry7b.o(.ARM.Collect$$$$00000008)
    _main_cpp_init                           0x08004191   Thumb Code     0  entry8b.o(.ARM.Collect$$$$0000000A)
    _main_init                               0x08004191   Thumb Code     0  entry9a.o(.ARM.Collect$$$$0000000B)
    __rt_final_cpp                           0x08004199   Thumb Code     0  entry10a.o(.ARM.Collect$$$$0000000D)
    __rt_final_exit                          0x08004199   Thumb Code     0  entry11a.o(.ARM.Collect$$$$0000000F)
    Reset_Handler                            0x0800419d   Thumb Code     8  startup_stm32f40_41xxx.o(.text)
    ADC_IRQHandler                           0x080041b7   Thumb Code     0  startup_stm32f40_41xxx.o(.text)
    CAN1_RX0_IRQHandler                      0x080041b7   Thumb Code     0  startup_stm32f40_41xxx.o(.text)
    CAN1_RX1_IRQHandler                      0x080041b7   Thumb Code     0  startup_stm32f40_41xxx.o(.text)
    CAN1_SCE_IRQHandler                      0x080041b7   Thumb Code     0  startup_stm32f40_41xxx.o(.text)
    CAN1_TX_IRQHandler                       0x080041b7   Thumb Code     0  startup_stm32f40_41xxx.o(.text)
    CAN2_RX0_IRQHandler                      0x080041b7   Thumb Code     0  startup_stm32f40_41xxx.o(.text)
    CAN2_RX1_IRQHandler                      0x080041b7   Thumb Code     0  startup_stm32f40_41xxx.o(.text)
    CAN2_SCE_IRQHandler                      0x080041b7   Thumb Code     0  startup_stm32f40_41xxx.o(.text)
    CAN2_TX_IRQHandler                       0x080041b7   Thumb Code     0  startup_stm32f40_41xxx.o(.text)
    CRYP_IRQHandler                          0x080041b7   Thumb Code     0  startup_stm32f40_41xxx.o(.text)
    DCMI_IRQHandler                          0x080041b7   Thumb Code     0  startup_stm32f40_41xxx.o(.text)
    DMA1_Stream0_IRQHandler                  0x080041b7   Thumb Code     0  startup_stm32f40_41xxx.o(.text)
    DMA1_Stream1_IRQHandler                  0x080041b7   Thumb Code     0  startup_stm32f40_41xxx.o(.text)
    DMA1_Stream2_IRQHandler                  0x080041b7   Thumb Code     0  startup_stm32f40_41xxx.o(.text)
    DMA1_Stream3_IRQHandler                  0x080041b7   Thumb Code     0  startup_stm32f40_41xxx.o(.text)
    DMA1_Stream4_IRQHandler                  0x080041b7   Thumb Code     0  startup_stm32f40_41xxx.o(.text)
    DMA1_Stream5_IRQHandler                  0x080041b7   Thumb Code     0  startup_stm32f40_41xxx.o(.text)
    DMA1_Stream6_IRQHandler                  0x080041b7   Thumb Code     0  startup_stm32f40_41xxx.o(.text)
    DMA1_Stream7_IRQHandler                  0x080041b7   Thumb Code     0  startup_stm32f40_41xxx.o(.text)
    DMA2_Stream0_IRQHandler                  0x080041b7   Thumb Code     0  startup_stm32f40_41xxx.o(.text)
    DMA2_Stream1_IRQHandler                  0x080041b7   Thumb Code     0  startup_stm32f40_41xxx.o(.text)
    DMA2_Stream2_IRQHandler                  0x080041b7   Thumb Code     0  startup_stm32f40_41xxx.o(.text)
    DMA2_Stream3_IRQHandler                  0x080041b7   Thumb Code     0  startup_stm32f40_41xxx.o(.text)
    DMA2_Stream4_IRQHandler                  0x080041b7   Thumb Code     0  startup_stm32f40_41xxx.o(.text)
    DMA2_Stream5_IRQHandler                  0x080041b7   Thumb Code     0  startup_stm32f40_41xxx.o(.text)
    DMA2_Stream6_IRQHandler                  0x080041b7   Thumb Code     0  startup_stm32f40_41xxx.o(.text)
    DMA2_Stream7_IRQHandler                  0x080041b7   Thumb Code     0  startup_stm32f40_41xxx.o(.text)
    ETH_IRQHandler                           0x080041b7   Thumb Code     0  startup_stm32f40_41xxx.o(.text)
    ETH_WKUP_IRQHandler                      0x080041b7   Thumb Code     0  startup_stm32f40_41xxx.o(.text)
    EXTI0_IRQHandler                         0x080041b7   Thumb Code     0  startup_stm32f40_41xxx.o(.text)
    EXTI15_10_IRQHandler                     0x080041b7   Thumb Code     0  startup_stm32f40_41xxx.o(.text)
    EXTI1_IRQHandler                         0x080041b7   Thumb Code     0  startup_stm32f40_41xxx.o(.text)
    EXTI2_IRQHandler                         0x080041b7   Thumb Code     0  startup_stm32f40_41xxx.o(.text)
    EXTI3_IRQHandler                         0x080041b7   Thumb Code     0  startup_stm32f40_41xxx.o(.text)
    EXTI4_IRQHandler                         0x080041b7   Thumb Code     0  startup_stm32f40_41xxx.o(.text)
    EXTI9_5_IRQHandler                       0x080041b7   Thumb Code     0  startup_stm32f40_41xxx.o(.text)
    FLASH_IRQHandler                         0x080041b7   Thumb Code     0  startup_stm32f40_41xxx.o(.text)
    FPU_IRQHandler                           0x080041b7   Thumb Code     0  startup_stm32f40_41xxx.o(.text)
    FSMC_IRQHandler                          0x080041b7   Thumb Code     0  startup_stm32f40_41xxx.o(.text)
    HASH_RNG_IRQHandler                      0x080041b7   Thumb Code     0  startup_stm32f40_41xxx.o(.text)
    I2C1_ER_IRQHandler                       0x080041b7   Thumb Code     0  startup_stm32f40_41xxx.o(.text)
    I2C1_EV_IRQHandler                       0x080041b7   Thumb Code     0  startup_stm32f40_41xxx.o(.text)
    I2C2_ER_IRQHandler                       0x080041b7   Thumb Code     0  startup_stm32f40_41xxx.o(.text)
    I2C2_EV_IRQHandler                       0x080041b7   Thumb Code     0  startup_stm32f40_41xxx.o(.text)
    I2C3_ER_IRQHandler                       0x080041b7   Thumb Code     0  startup_stm32f40_41xxx.o(.text)
    I2C3_EV_IRQHandler                       0x080041b7   Thumb Code     0  startup_stm32f40_41xxx.o(.text)
    OTG_FS_IRQHandler                        0x080041b7   Thumb Code     0  startup_stm32f40_41xxx.o(.text)
    OTG_FS_WKUP_IRQHandler                   0x080041b7   Thumb Code     0  startup_stm32f40_41xxx.o(.text)
    OTG_HS_EP1_IN_IRQHandler                 0x080041b7   Thumb Code     0  startup_stm32f40_41xxx.o(.text)
    OTG_HS_EP1_OUT_IRQHandler                0x080041b7   Thumb Code     0  startup_stm32f40_41xxx.o(.text)
    OTG_HS_IRQHandler                        0x080041b7   Thumb Code     0  startup_stm32f40_41xxx.o(.text)
    OTG_HS_WKUP_IRQHandler                   0x080041b7   Thumb Code     0  startup_stm32f40_41xxx.o(.text)
    PVD_IRQHandler                           0x080041b7   Thumb Code     0  startup_stm32f40_41xxx.o(.text)
    RCC_IRQHandler                           0x080041b7   Thumb Code     0  startup_stm32f40_41xxx.o(.text)
    RTC_Alarm_IRQHandler                     0x080041b7   Thumb Code     0  startup_stm32f40_41xxx.o(.text)
    RTC_WKUP_IRQHandler                      0x080041b7   Thumb Code     0  startup_stm32f40_41xxx.o(.text)
    SDIO_IRQHandler                          0x080041b7   Thumb Code     0  startup_stm32f40_41xxx.o(.text)
    SPI1_IRQHandler                          0x080041b7   Thumb Code     0  startup_stm32f40_41xxx.o(.text)
    SPI2_IRQHandler                          0x080041b7   Thumb Code     0  startup_stm32f40_41xxx.o(.text)
    SPI3_IRQHandler                          0x080041b7   Thumb Code     0  startup_stm32f40_41xxx.o(.text)
    TAMP_STAMP_IRQHandler                    0x080041b7   Thumb Code     0  startup_stm32f40_41xxx.o(.text)
    TIM1_BRK_TIM9_IRQHandler                 0x080041b7   Thumb Code     0  startup_stm32f40_41xxx.o(.text)
    TIM1_CC_IRQHandler                       0x080041b7   Thumb Code     0  startup_stm32f40_41xxx.o(.text)
    TIM1_TRG_COM_TIM11_IRQHandler            0x080041b7   Thumb Code     0  startup_stm32f40_41xxx.o(.text)
    TIM1_UP_TIM10_IRQHandler                 0x080041b7   Thumb Code     0  startup_stm32f40_41xxx.o(.text)
    TIM2_IRQHandler                          0x080041b7   Thumb Code     0  startup_stm32f40_41xxx.o(.text)
    TIM4_IRQHandler                          0x080041b7   Thumb Code     0  startup_stm32f40_41xxx.o(.text)
    TIM5_IRQHandler                          0x080041b7   Thumb Code     0  startup_stm32f40_41xxx.o(.text)
    TIM6_DAC_IRQHandler                      0x080041b7   Thumb Code     0  startup_stm32f40_41xxx.o(.text)
    TIM7_IRQHandler                          0x080041b7   Thumb Code     0  startup_stm32f40_41xxx.o(.text)
    TIM8_BRK_TIM12_IRQHandler                0x080041b7   Thumb Code     0  startup_stm32f40_41xxx.o(.text)
    TIM8_CC_IRQHandler                       0x080041b7   Thumb Code     0  startup_stm32f40_41xxx.o(.text)
    TIM8_TRG_COM_TIM14_IRQHandler            0x080041b7   Thumb Code     0  startup_stm32f40_41xxx.o(.text)
    TIM8_UP_TIM13_IRQHandler                 0x080041b7   Thumb Code     0  startup_stm32f40_41xxx.o(.text)
    UART4_IRQHandler                         0x080041b7   Thumb Code     0  startup_stm32f40_41xxx.o(.text)
    UART5_IRQHandler                         0x080041b7   Thumb Code     0  startup_stm32f40_41xxx.o(.text)
    USART1_IRQHandler                        0x080041b7   Thumb Code     0  startup_stm32f40_41xxx.o(.text)
    USART2_IRQHandler                        0x080041b7   Thumb Code     0  startup_stm32f40_41xxx.o(.text)
    USART6_IRQHandler                        0x080041b7   Thumb Code     0  startup_stm32f40_41xxx.o(.text)
    WWDG_IRQHandler                          0x080041b7   Thumb Code     0  startup_stm32f40_41xxx.o(.text)
    __aeabi_memset                           0x080041c1   Thumb Code    14  memseta.o(.text)
    __aeabi_memset4                          0x080041c1   Thumb Code     0  memseta.o(.text)
    __aeabi_memset8                          0x080041c1   Thumb Code     0  memseta.o(.text)
    __aeabi_memclr                           0x080041cf   Thumb Code     4  memseta.o(.text)
    __aeabi_memclr4                          0x080041cf   Thumb Code     0  memseta.o(.text)
    __aeabi_memclr8                          0x080041cf   Thumb Code     0  memseta.o(.text)
    _memset$wrapper                          0x080041d3   Thumb Code    18  memseta.o(.text)
    __aeabi_f2d                              0x080041e5   Thumb Code    38  f2d.o(.text)
    __aeabi_uidiv                            0x0800420b   Thumb Code     0  uidiv.o(.text)
    __aeabi_uidivmod                         0x0800420b   Thumb Code    44  uidiv.o(.text)
    __aeabi_uldivmod                         0x08004237   Thumb Code    98  uldiv.o(.text)
    __I$use$fp                               0x08004299   Thumb Code     0  iusefp.o(.text)
    __aeabi_dadd                             0x08004299   Thumb Code   322  dadd.o(.text)
    __aeabi_dsub                             0x080043db   Thumb Code     6  dadd.o(.text)
    __aeabi_drsub                            0x080043e1   Thumb Code     6  dadd.o(.text)
    __aeabi_dmul                             0x080043e7   Thumb Code   228  dmul.o(.text)
    __aeabi_ddiv                             0x080044cb   Thumb Code   222  ddiv.o(.text)
    __aeabi_d2ulz                            0x080045a9   Thumb Code    48  dfixul.o(.text)
    __aeabi_cdrcmple                         0x080045d9   Thumb Code    48  cdrcmple.o(.text)
    __scatterload                            0x08004609   Thumb Code    28  init.o(.text)
    __scatterload_rt2                        0x08004609   Thumb Code     0  init.o(.text)
    __aeabi_llsl                             0x0800462d   Thumb Code    30  llshl.o(.text)
    _ll_shift_l                              0x0800462d   Thumb Code     0  llshl.o(.text)
    __aeabi_llsr                             0x0800464b   Thumb Code    32  llushr.o(.text)
    _ll_ushift_r                             0x0800464b   Thumb Code     0  llushr.o(.text)
    __aeabi_lasr                             0x0800466b   Thumb Code    36  llsshr.o(.text)
    _ll_sshift_r                             0x0800466b   Thumb Code     0  llsshr.o(.text)
    _double_round                            0x0800468f   Thumb Code    30  depilogue.o(.text)
    _double_epilogue                         0x080046ad   Thumb Code   156  depilogue.o(.text)
    BusFault_Handler                         0x08004749   Thumb Code     4  stm32f4xx_it.o(i.BusFault_Handler)
    DebugMon_Handler                         0x0800474d   Thumb Code     2  stm32f4xx_it.o(i.DebugMon_Handler)
    Delay_Configuration                      0x0800474f   Thumb Code    22  sys_delay.o(i.Delay_Configuration)
    FLASH_DataCacheCmd                       0x08004765   Thumb Code    30  stm32f4xx_flash.o(i.FLASH_DataCacheCmd)
    FLASH_EraseSector                        0x08004789   Thumb Code   130  stm32f4xx_flash.o(i.FLASH_EraseSector)
    FLASH_GetStatus                          0x08004811   Thumb Code    80  stm32f4xx_flash.o(i.FLASH_GetStatus)
    FLASH_Lock                               0x08004865   Thumb Code    14  stm32f4xx_flash.o(i.FLASH_Lock)
    FLASH_ProgramWord                        0x08004879   Thumb Code    74  stm32f4xx_flash.o(i.FLASH_ProgramWord)
    FLASH_Unlock                             0x080048c9   Thumb Code    24  stm32f4xx_flash.o(i.FLASH_Unlock)
    FLASH_WaitForLastOperation               0x080048ed   Thumb Code    34  stm32f4xx_flash.o(i.FLASH_WaitForLastOperation)
    GPIO_Init                                0x080049c9   Thumb Code   144  stm32f4xx_gpio.o(i.GPIO_Init)
    GPIO_PinAFConfig                         0x08004a59   Thumb Code    70  stm32f4xx_gpio.o(i.GPIO_PinAFConfig)
    GPIO_ReadInputDataBit                    0x08004a9f   Thumb Code    18  stm32f4xx_gpio.o(i.GPIO_ReadInputDataBit)
    GPIO_ResetBits                           0x08004ab1   Thumb Code     4  stm32f4xx_gpio.o(i.GPIO_ResetBits)
    GPIO_SetBits                             0x08004ab5   Thumb Code     4  stm32f4xx_gpio.o(i.GPIO_SetBits)
    GPIO_ToggleBits                          0x08004ab9   Thumb Code     8  stm32f4xx_gpio.o(i.GPIO_ToggleBits)
    HardFault_Handler                        0x08004ac1   Thumb Code     4  stm32f4xx_it.o(i.HardFault_Handler)
    Master_acknowledge                       0x08004ac5   Thumb Code    82  si7021.o(i.Master_acknowledge)
    MemManage_Handler                        0x08004b1d   Thumb Code     4  stm32f4xx_it.o(i.MemManage_Handler)
    NET_DEVICE_IO_Init                       0x08004b21   Thumb Code   114  net_device.o(i.NET_DEVICE_IO_Init)
    NET_DEVICE_Reset                         0x08004ba1   Thumb Code    44  net_device.o(i.NET_DEVICE_Reset)
    NET_IO_AddTag2End                        0x08004be9   Thumb Code    80  net_io.o(i.NET_IO_AddTag2End)
    NET_IO_Init                              0x08004c41   Thumb Code     8  net_io.o(i.NET_IO_Init)
    NET_IO_Send                              0x08004c49   Thumb Code    44  net_io.o(i.NET_IO_Send)
    NET_Timer_Init                           0x08004c79   Thumb Code   118  net_io.o(i.NET_Timer_Init)
    NET_USART_Init                           0x08004cf5   Thumb Code   186  net_io.o(i.NET_USART_Init)
    NMI_Handler                              0x08004db9   Thumb Code     2  stm32f4xx_it.o(i.NMI_Handler)
    NVIC_Init                                0x08004dc9   Thumb Code   106  misc.o(i.NVIC_Init)
    NVIC_PriorityGroupConfig                 0x08004e41   Thumb Code    10  misc.o(i.NVIC_PriorityGroupConfig)
    NVIC_SetVectorTable                      0x08004e55   Thumb Code    12  misc.o(i.NVIC_SetVectorTable)
    No_ack                                   0x08004e69   Thumb Code    70  si7021.o(i.No_ack)
    OLED_Clear                               0x08004eb5   Thumb Code    64  oled.o(i.OLED_Clear)
    OLED_IO_Init                             0x08004ef5   Thumb Code   108  oled.o(i.OLED_IO_Init)
    OLED_Init                                0x08004f69   Thumb Code   308  oled.o(i.OLED_Init)
    OLED_Set_Pos                             0x080050a1   Thumb Code    46  oled.o(i.OLED_Set_Pos)
    OLED_ShowChar                            0x080050d1   Thumb Code   106  oled.o(i.OLED_ShowChar)
    OLED_ShowNum                             0x08005141   Thumb Code   132  oled.o(i.OLED_ShowNum)
    OLED_ShowString                          0x080051c5   Thumb Code    54  oled.o(i.OLED_ShowString)
    OLED_WR_Byte                             0x080051fd   Thumb Code   100  oled.o(i.OLED_WR_Byte)
    OLED_display                             0x08005269   Thumb Code    30  oled.o(i.OLED_display)
    PendSV_Handler                           0x080052a5   Thumb Code     2  stm32f4xx_it.o(i.PendSV_Handler)
    Queue_Read_Byte                          0x080052a9   Thumb Code    46  system.o(i.Queue_Read_Byte)
    RCC_AHB1PeriphClockCmd                   0x080052e5   Thumb Code    26  stm32f4xx_rcc.o(i.RCC_AHB1PeriphClockCmd)
    RCC_APB1PeriphClockCmd                   0x08005305   Thumb Code    26  stm32f4xx_rcc.o(i.RCC_APB1PeriphClockCmd)
    RCC_APB1PeriphResetCmd                   0x08005325   Thumb Code    26  stm32f4xx_rcc.o(i.RCC_APB1PeriphResetCmd)
    RCC_APB2PeriphClockCmd                   0x08005345   Thumb Code    26  stm32f4xx_rcc.o(i.RCC_APB2PeriphClockCmd)
    RCC_APB2PeriphResetCmd                   0x08005365   Thumb Code    26  stm32f4xx_rcc.o(i.RCC_APB2PeriphResetCmd)
    RCC_DeInit                               0x080053e9   Thumb Code    82  stm32f4xx_rcc.o(i.RCC_DeInit)
    RCC_GetClocksFreq                        0x0800544d   Thumb Code   214  stm32f4xx_rcc.o(i.RCC_GetClocksFreq)
    RCC_GetFlagStatus                        0x08005535   Thumb Code    60  stm32f4xx_rcc.o(i.RCC_GetFlagStatus)
    RCC_GetSYSCLKSource                      0x08005575   Thumb Code    10  stm32f4xx_rcc.o(i.RCC_GetSYSCLKSource)
    RCC_HCLKConfig                           0x08005585   Thumb Code    18  stm32f4xx_rcc.o(i.RCC_HCLKConfig)
    RCC_HSEConfig                            0x0800559d   Thumb Code    12  stm32f4xx_rcc.o(i.RCC_HSEConfig)
    RCC_PCLK1Config                          0x080055ad   Thumb Code    18  stm32f4xx_rcc.o(i.RCC_PCLK1Config)
    RCC_PCLK2Config                          0x080055c5   Thumb Code    20  stm32f4xx_rcc.o(i.RCC_PCLK2Config)
    RCC_PLLCmd                               0x080055dd   Thumb Code     6  stm32f4xx_rcc.o(i.RCC_PLLCmd)
    RCC_PLLConfig                            0x080055e9   Thumb Code    30  stm32f4xx_rcc.o(i.RCC_PLLConfig)
    RCC_SYSCLKConfig                         0x0800560d   Thumb Code    18  stm32f4xx_rcc.o(i.RCC_SYSCLKConfig)
    RCC_WaitForHSEStartUp                    0x08005625   Thumb Code    56  stm32f4xx_rcc.o(i.RCC_WaitForHSEStartUp)
    SI7021_measure                           0x0800565d   Thumb Code   250  si7021.o(i.SI7021_measure)
    SI70XX_Sensor_Measure                    0x08005799   Thumb Code   102  si7021.o(i.SI70XX_Sensor_Measure)
    SI_IO_Init                               0x08005801   Thumb Code    62  si7021.o(i.SI_IO_Init)
    SI_R_Byte                                0x08005845   Thumb Code   104  si7021.o(i.SI_R_Byte)
    SI_W_Byte                                0x080058b1   Thumb Code   112  si7021.o(i.SI_W_Byte)
    SI_start                                 0x08005925   Thumb Code    96  si7021.o(i.SI_start)
    SI_stop                                  0x08005989   Thumb Code    98  si7021.o(i.SI_stop)
    STMFLASH_GetFlashSector                  0x080059f1   Thumb Code   116  stmflash.o(i.STMFLASH_GetFlashSector)
    STMFLASH_Read                            0x08005a91   Thumb Code    32  stmflash.o(i.STMFLASH_Read)
    STMFLASH_ReadWord                        0x08005ab1   Thumb Code     6  stmflash.o(i.STMFLASH_ReadWord)
    STMFLASH_Write                           0x08005ab9   Thumb Code   146  stmflash.o(i.STMFLASH_Write)
    SVC_Handler                              0x08005b51   Thumb Code     2  stm32f4xx_it.o(i.SVC_Handler)
    Slave_acknowledge                        0x08005c41   Thumb Code   116  si7021.o(i.Slave_acknowledge)
    SysTick_Handler                          0x08005cb9   Thumb Code     2  stm32f4xx_it.o(i.SysTick_Handler)
    Sys_Config                               0x08005cbd   Thumb Code    30  sys_cfg.o(i.Sys_Config)
    SystemInit                               0x08005d11   Thumb Code    88  system_stm32f4xx.o(i.SystemInit)
    TIM3_IRQHandler                          0x08005d79   Thumb Code   110  net_io.o(i.TIM3_IRQHandler)
    TIM_ClearFlag                            0x08005df9   Thumb Code     6  stm32f4xx_tim.o(i.TIM_ClearFlag)
    TIM_Cmd                                  0x08005dff   Thumb Code    24  stm32f4xx_tim.o(i.TIM_Cmd)
    TIM_DeInit                               0x08005e19   Thumb Code   346  stm32f4xx_tim.o(i.TIM_DeInit)
    TIM_ITConfig                             0x08005fa9   Thumb Code    18  stm32f4xx_tim.o(i.TIM_ITConfig)
    TIM_TimeBaseInit                         0x08005fbd   Thumb Code   104  stm32f4xx_tim.o(i.TIM_TimeBaseInit)
    USART3_IRQHandler                        0x08006041   Thumb Code   112  net_io.o(i.USART3_IRQHandler)
    USART_ClearFlag                          0x080060b9   Thumb Code    18  stm32f4xx_usart.o(i.USART_ClearFlag)
    USART_Cmd                                0x080060cb   Thumb Code    24  stm32f4xx_usart.o(i.USART_Cmd)
    USART_GetFlagStatus                      0x08006125   Thumb Code    26  stm32f4xx_usart.o(i.USART_GetFlagStatus)
    USART_ITConfig                           0x0800613f   Thumb Code    74  stm32f4xx_usart.o(i.USART_ITConfig)
    USART_Init                               0x08006189   Thumb Code   204  stm32f4xx_usart.o(i.USART_Init)
    USART_SendData                           0x0800625d   Thumb Code     8  stm32f4xx_usart.o(i.USART_SendData)
    UsageFault_Handler                       0x08006265   Thumb Code     4  stm32f4xx_it.o(i.UsageFault_Handler)
    __0printf                                0x08006269   Thumb Code    22  printfa.o(i.__0printf)
    __1printf                                0x08006269   Thumb Code     0  printfa.o(i.__0printf)
    __2printf                                0x08006269   Thumb Code     0  printfa.o(i.__0printf)
    __c89printf                              0x08006269   Thumb Code     0  printfa.o(i.__0printf)
    printf                                   0x08006269   Thumb Code     0  printfa.o(i.__0printf)
    __scatterload_copy                       0x08006289   Thumb Code    14  handlers.o(i.__scatterload_copy)
    __scatterload_null                       0x08006297   Thumb Code     2  handlers.o(i.__scatterload_null)
    __scatterload_zeroinit                   0x08006299   Thumb Code    14  handlers.o(i.__scatterload_zeroinit)
    all_data_update                          0x08006b5d   Thumb Code    72  protocol.o(i.all_data_update)
    byte_to_int                              0x08006ba9   Thumb Code    26  mcu_api.o(i.byte_to_int)
    data_handle                              0x08006bc5   Thumb Code   460  system.o(i.data_handle)
    delay_ms                                 0x08006df9   Thumb Code    74  sys_delay.o(i.delay_ms)
    delay_us                                 0x08006e43   Thumb Code    64  sys_delay.o(i.delay_us)
    dp_download_handle                       0x08006e83   Thumb Code    86  protocol.o(i.dp_download_handle)
    fputc                                    0x08006ff1   Thumb Code    32  sys_cfg.o(i.fputc)
    get_check_sum                            0x08007015   Thumb Code    28  system.o(i.get_check_sum)
    get_download_cmd_total                   0x08007061   Thumb Code     4  protocol.o(i.get_download_cmd_total)
    get_queue_total_data                     0x08007075   Thumb Code    20  system.o(i.get_queue_total_data)
    main                                     0x080070c5   Thumb Code    82  main.o(i.main)
    mcu_dp_bool_update                       0x08007125   Thumb Code    94  mcu_api.o(i.mcu_dp_bool_update)
    mcu_dp_enum_update                       0x08007189   Thumb Code    80  mcu_api.o(i.mcu_dp_enum_update)
    mcu_dp_fault_update                      0x080071dd   Thumb Code   192  mcu_api.o(i.mcu_dp_fault_update)
    mcu_dp_value_update                      0x080072a1   Thumb Code   114  mcu_api.o(i.mcu_dp_value_update)
    mcu_firm_update_handle                   0x08007319   Thumb Code   148  protocol.o(i.mcu_firm_update_handle)
    mcu_get_dp_download_bool                 0x080073c1   Thumb Code     6  mcu_api.o(i.mcu_get_dp_download_bool)
    mcu_get_dp_download_enum                 0x080073c7   Thumb Code     6  mcu_api.o(i.mcu_get_dp_download_enum)
    mcu_get_dp_download_value                0x080073cd   Thumb Code    14  mcu_api.o(i.mcu_get_dp_download_value)
    mcu_get_wifi_work_state                  0x080073dd   Thumb Code     6  mcu_api.o(i.mcu_get_wifi_work_state)
    my_memcpy                                0x080073e9   Thumb Code    68  mcu_api.o(i.my_memcpy)
    my_strlen                                0x0800742d   Thumb Code    28  mcu_api.o(i.my_strlen)
    oled_pow                                 0x08007449   Thumb Code    22  oled.o(i.oled_pow)
    oled_tuya_dis                            0x08007461   Thumb Code   174  oled.o(i.oled_tuya_dis)
    set_wifi_uart_buffer                     0x080075ad   Thumb Code    34  system.o(i.set_wifi_uart_buffer)
    set_wifi_uart_byte                       0x080075d5   Thumb Code    12  system.o(i.set_wifi_uart_byte)
    uart_receive_input                       0x080075e5   Thumb Code    84  mcu_api.o(i.uart_receive_input)
    uart_transmit_output                     0x08007645   Thumb Code    12  protocol.o(i.uart_transmit_output)
    wifi_protocol_init                       0x08007651   Thumb Code    18  mcu_api.o(i.wifi_protocol_init)
    wifi_test_result                         0x08007675   Thumb Code     8  protocol.o(i.wifi_test_result)
    wifi_uart_service                        0x0800767d   Thumb Code   242  mcu_api.o(i.wifi_uart_service)
    wifi_uart_write_frame                    0x0800779d   Thumb Code    64  system.o(i.wifi_uart_write_frame)
    tag                                      0x080077e0   Data           3  net_io.o(.constdata)
    tag_num                                  0x080077e3   Data           1  net_io.o(.constdata)
    BMP1                                     0x080077e4   Data        1024  oled.o(.constdata)
    BMP2                                     0x08007be4   Data        1024  oled.o(.constdata)
    F6x8                                     0x08007fe4   Data         552  oled.o(.constdata)
    F8X16                                    0x0800820c   Data        1520  oled.o(.constdata)
    Hzk                                      0x080087fc   Data         448  oled.o(.constdata)
    Region$$Table$$Base                      0x080089bc   Number         0  anon$$obj.o(Region$$Table)
    Region$$Table$$Limit                     0x080089dc   Number         0  anon$$obj.o(Region$$Table)
    download_cmd                             0x20000012   Data          18  protocol.o(.data)
    queue_in                                 0x20000024   Data           4  system.o(.data)
    queue_out                                0x20000028   Data           4  system.o(.data)
    stop_update_flag                         0x2000002c   Data           1  system.o(.data)
    reset_wifi_flag                          0x2000002d   Data           1  system.o(.data)
    set_wifimode_flag                        0x2000002e   Data           1  system.o(.data)
    wifi_work_state                          0x2000002f   Data           1  system.o(.data)
    netDeviceInfo                            0x2000003c   Data          28  net_device.o(.data)
    net_send_time                            0x20000058   Data           2  net_io.o(.data)
    wifi_state                               0x2000005a   Data           1  net_io.o(.data)
    Temp_buf                                 0x2000005c   Data           4  si7021.o(.data)
    Humi_buf                                 0x20000060   Data           4  si7021.o(.data)
    oled_init_ok                             0x20000064   Data           1  oled.o(.data)
    __stdout                                 0x20000068   Data           4  stdout.o(.data)
    FlashBuffer                              0x2000006c   Data          36  main.o(.bss)
    wifi_queue_buf                           0x20000090   Data         135  system.o(.bss)
    wifi_uart_rx_buf                         0x20000117   Data         307  system.o(.bss)
    wifi_uart_tx_buf                         0x2000024a   Data          31  system.o(.bss)
    netIOInfo                                0x2000026a   Data         518  net_io.o(.bss)
    SI70XX                                   0x20000470   Data          12  si7021.o(.bss)
    __initial_sp                             0x20000880   Data           0  startup_stm32f40_41xxx.o(STACK)



==============================================================================

Memory Map of the image

  Image Entry point : 0x08004189

  Load Region LR_IROM1 (Base: 0x08004000, Size: 0x00004a48, Max: 0x00100000, ABSOLUTE)

    Execution Region ER_IROM1 (Exec base: 0x08004000, Load base: 0x08004000, Size: 0x000049dc, Max: 0x00100000, ABSOLUTE)

    Exec Addr    Load Addr    Size         Type   Attr      Idx    E Section Name        Object

    0x08004000   0x08004000   0x00000188   Data   RO         4762    RESET               startup_stm32f40_41xxx.o
    0x08004188   0x08004188   0x00000000   Code   RO         5707  * .ARM.Collect$$$$00000000  mc_w.l(entry.o)
    0x08004188   0x08004188   0x00000004   Code   RO         6017    .ARM.Collect$$$$00000001  mc_w.l(entry2.o)
    0x0800418c   0x0800418c   0x00000004   Code   RO         6020    .ARM.Collect$$$$00000004  mc_w.l(entry5.o)
    0x08004190   0x08004190   0x00000000   Code   RO         6022    .ARM.Collect$$$$00000008  mc_w.l(entry7b.o)
    0x08004190   0x08004190   0x00000000   Code   RO         6024    .ARM.Collect$$$$0000000A  mc_w.l(entry8b.o)
    0x08004190   0x08004190   0x00000008   Code   RO         6025    .ARM.Collect$$$$0000000B  mc_w.l(entry9a.o)
    0x08004198   0x08004198   0x00000000   Code   RO         6027    .ARM.Collect$$$$0000000D  mc_w.l(entry10a.o)
    0x08004198   0x08004198   0x00000000   Code   RO         6029    .ARM.Collect$$$$0000000F  mc_w.l(entry11a.o)
    0x08004198   0x08004198   0x00000004   Code   RO         6018    .ARM.Collect$$$$00002712  mc_w.l(entry2.o)
    0x0800419c   0x0800419c   0x00000024   Code   RO         4763    .text               startup_stm32f40_41xxx.o
    0x080041c0   0x080041c0   0x00000024   Code   RO         5712    .text               mc_w.l(memseta.o)
    0x080041e4   0x080041e4   0x00000026   Code   RO         6015    .text               mf_w.l(f2d.o)
    0x0800420a   0x0800420a   0x0000002c   Code   RO         6032    .text               mc_w.l(uidiv.o)
    0x08004236   0x08004236   0x00000062   Code   RO         6034    .text               mc_w.l(uldiv.o)
    0x08004298   0x08004298   0x00000000   Code   RO         6038    .text               mc_w.l(iusefp.o)
    0x08004298   0x08004298   0x0000014e   Code   RO         6039    .text               mf_w.l(dadd.o)
    0x080043e6   0x080043e6   0x000000e4   Code   RO         6041    .text               mf_w.l(dmul.o)
    0x080044ca   0x080044ca   0x000000de   Code   RO         6043    .text               mf_w.l(ddiv.o)
    0x080045a8   0x080045a8   0x00000030   Code   RO         6045    .text               mf_w.l(dfixul.o)
    0x080045d8   0x080045d8   0x00000030   Code   RO         6047    .text               mf_w.l(cdrcmple.o)
    0x08004608   0x08004608   0x00000024   Code   RO         6049    .text               mc_w.l(init.o)
    0x0800462c   0x0800462c   0x0000001e   Code   RO         6051    .text               mc_w.l(llshl.o)
    0x0800464a   0x0800464a   0x00000020   Code   RO         6053    .text               mc_w.l(llushr.o)
    0x0800466a   0x0800466a   0x00000024   Code   RO         6055    .text               mc_w.l(llsshr.o)
    0x0800468e   0x0800468e   0x000000ba   Code   RO         6057    .text               mf_w.l(depilogue.o)
    0x08004748   0x08004748   0x00000004   Code   RO          197    i.BusFault_Handler  stm32f4xx_it.o
    0x0800474c   0x0800474c   0x00000002   Code   RO          198    i.DebugMon_Handler  stm32f4xx_it.o
    0x0800474e   0x0800474e   0x00000016   Code   RO         4826    i.Delay_Configuration  sys_delay.o
    0x08004764   0x08004764   0x00000024   Code   RO         1259    i.FLASH_DataCacheCmd  stm32f4xx_flash.o
    0x08004788   0x08004788   0x00000088   Code   RO         1264    i.FLASH_EraseSector  stm32f4xx_flash.o
    0x08004810   0x08004810   0x00000054   Code   RO         1266    i.FLASH_GetStatus   stm32f4xx_flash.o
    0x08004864   0x08004864   0x00000014   Code   RO         1270    i.FLASH_Lock        stm32f4xx_flash.o
    0x08004878   0x08004878   0x00000050   Code   RO         1294    i.FLASH_ProgramWord  stm32f4xx_flash.o
    0x080048c8   0x080048c8   0x00000024   Code   RO         1296    i.FLASH_Unlock      stm32f4xx_flash.o
    0x080048ec   0x080048ec   0x00000022   Code   RO         1297    i.FLASH_WaitForLastOperation  stm32f4xx_flash.o
    0x0800490e   0x0800490e   0x00000002   PAD
    0x08004910   0x08004910   0x000000b8   Code   RO         4770    i.GPIO_Configuration  sys_cfg.o
    0x080049c8   0x080049c8   0x00000090   Code   RO         1652    i.GPIO_Init         stm32f4xx_gpio.o
    0x08004a58   0x08004a58   0x00000046   Code   RO         1653    i.GPIO_PinAFConfig  stm32f4xx_gpio.o
    0x08004a9e   0x08004a9e   0x00000012   Code   RO         1656    i.GPIO_ReadInputDataBit  stm32f4xx_gpio.o
    0x08004ab0   0x08004ab0   0x00000004   Code   RO         1659    i.GPIO_ResetBits    stm32f4xx_gpio.o
    0x08004ab4   0x08004ab4   0x00000004   Code   RO         1660    i.GPIO_SetBits      stm32f4xx_gpio.o
    0x08004ab8   0x08004ab8   0x00000008   Code   RO         1662    i.GPIO_ToggleBits   stm32f4xx_gpio.o
    0x08004ac0   0x08004ac0   0x00000004   Code   RO          199    i.HardFault_Handler  stm32f4xx_it.o
    0x08004ac4   0x08004ac4   0x00000058   Code   RO         5432    i.Master_acknowledge  si7021.o
    0x08004b1c   0x08004b1c   0x00000004   Code   RO          200    i.MemManage_Handler  stm32f4xx_it.o
    0x08004b20   0x08004b20   0x00000080   Code   RO         5203    i.NET_DEVICE_IO_Init  net_device.o
    0x08004ba0   0x08004ba0   0x00000048   Code   RO         5208    i.NET_DEVICE_Reset  net_device.o
    0x08004be8   0x08004be8   0x00000058   Code   RO         5352    i.NET_IO_AddTag2End  net_io.o
    0x08004c40   0x08004c40   0x00000008   Code   RO         5354    i.NET_IO_Init       net_io.o
    0x08004c48   0x08004c48   0x00000030   Code   RO         5356    i.NET_IO_Send       net_io.o
    0x08004c78   0x08004c78   0x0000007c   Code   RO         5357    i.NET_Timer_Init    net_io.o
    0x08004cf4   0x08004cf4   0x000000c4   Code   RO         5358    i.NET_USART_Init    net_io.o
    0x08004db8   0x08004db8   0x00000002   Code   RO          201    i.NMI_Handler       stm32f4xx_it.o
    0x08004dba   0x08004dba   0x0000000e   Code   RO         4771    i.NVIC_Configuration  sys_cfg.o
    0x08004dc8   0x08004dc8   0x00000078   Code   RO          275    i.NVIC_Init         misc.o
    0x08004e40   0x08004e40   0x00000014   Code   RO          276    i.NVIC_PriorityGroupConfig  misc.o
    0x08004e54   0x08004e54   0x00000014   Code   RO          277    i.NVIC_SetVectorTable  misc.o
    0x08004e68   0x08004e68   0x0000004c   Code   RO         5433    i.No_ack            si7021.o
    0x08004eb4   0x08004eb4   0x00000040   Code   RO         5541    i.OLED_Clear        oled.o
    0x08004ef4   0x08004ef4   0x00000074   Code   RO         5546    i.OLED_IO_Init      oled.o
    0x08004f68   0x08004f68   0x00000138   Code   RO         5547    i.OLED_Init         oled.o
    0x080050a0   0x080050a0   0x0000002e   Code   RO         5548    i.OLED_Set_Pos      oled.o
    0x080050ce   0x080050ce   0x00000002   PAD
    0x080050d0   0x080050d0   0x00000070   Code   RO         5550    i.OLED_ShowChar     oled.o
    0x08005140   0x08005140   0x00000084   Code   RO         5551    i.OLED_ShowNum      oled.o
    0x080051c4   0x080051c4   0x00000036   Code   RO         5552    i.OLED_ShowString   oled.o
    0x080051fa   0x080051fa   0x00000002   PAD
    0x080051fc   0x080051fc   0x0000006c   Code   RO         5553    i.OLED_WR_Byte      oled.o
    0x08005268   0x08005268   0x0000003c   Code   RO         5554    i.OLED_display      oled.o
    0x080052a4   0x080052a4   0x00000002   Code   RO          202    i.PendSV_Handler    stm32f4xx_it.o
    0x080052a6   0x080052a6   0x00000002   PAD
    0x080052a8   0x080052a8   0x0000003c   Code   RO         5102    i.Queue_Read_Byte   system.o
    0x080052e4   0x080052e4   0x00000020   Code   RO         2518    i.RCC_AHB1PeriphClockCmd  stm32f4xx_rcc.o
    0x08005304   0x08005304   0x00000020   Code   RO         2527    i.RCC_APB1PeriphClockCmd  stm32f4xx_rcc.o
    0x08005324   0x08005324   0x00000020   Code   RO         2529    i.RCC_APB1PeriphResetCmd  stm32f4xx_rcc.o
    0x08005344   0x08005344   0x00000020   Code   RO         2530    i.RCC_APB2PeriphClockCmd  stm32f4xx_rcc.o
    0x08005364   0x08005364   0x00000020   Code   RO         2532    i.RCC_APB2PeriphResetCmd  stm32f4xx_rcc.o
    0x08005384   0x08005384   0x00000062   Code   RO         4772    i.RCC_Configuration  sys_cfg.o
    0x080053e6   0x080053e6   0x00000002   PAD
    0x080053e8   0x080053e8   0x00000064   Code   RO         2538    i.RCC_DeInit        stm32f4xx_rcc.o
    0x0800544c   0x0800544c   0x000000e8   Code   RO         2539    i.RCC_GetClocksFreq  stm32f4xx_rcc.o
    0x08005534   0x08005534   0x00000040   Code   RO         2540    i.RCC_GetFlagStatus  stm32f4xx_rcc.o
    0x08005574   0x08005574   0x00000010   Code   RO         2542    i.RCC_GetSYSCLKSource  stm32f4xx_rcc.o
    0x08005584   0x08005584   0x00000018   Code   RO         2543    i.RCC_HCLKConfig    stm32f4xx_rcc.o
    0x0800559c   0x0800559c   0x00000010   Code   RO         2544    i.RCC_HSEConfig     stm32f4xx_rcc.o
    0x080055ac   0x080055ac   0x00000018   Code   RO         2554    i.RCC_PCLK1Config   stm32f4xx_rcc.o
    0x080055c4   0x080055c4   0x00000018   Code   RO         2555    i.RCC_PCLK2Config   stm32f4xx_rcc.o
    0x080055dc   0x080055dc   0x0000000c   Code   RO         2556    i.RCC_PLLCmd        stm32f4xx_rcc.o
    0x080055e8   0x080055e8   0x00000024   Code   RO         2557    i.RCC_PLLConfig     stm32f4xx_rcc.o
    0x0800560c   0x0800560c   0x00000018   Code   RO         2568    i.RCC_SYSCLKConfig  stm32f4xx_rcc.o
    0x08005624   0x08005624   0x00000038   Code   RO         2570    i.RCC_WaitForHSEStartUp  stm32f4xx_rcc.o
    0x0800565c   0x0800565c   0x0000013c   Code   RO         5434    i.SI7021_measure    si7021.o
    0x08005798   0x08005798   0x00000066   Code   RO         5436    i.SI70XX_Sensor_Measure  si7021.o
    0x080057fe   0x080057fe   0x00000002   PAD
    0x08005800   0x08005800   0x00000044   Code   RO         5438    i.SI_IO_Init        si7021.o
    0x08005844   0x08005844   0x0000006c   Code   RO         5439    i.SI_R_Byte         si7021.o
    0x080058b0   0x080058b0   0x00000074   Code   RO         5441    i.SI_W_Byte         si7021.o
    0x08005924   0x08005924   0x00000064   Code   RO         5443    i.SI_start          si7021.o
    0x08005988   0x08005988   0x00000068   Code   RO         5444    i.SI_stop           si7021.o
    0x080059f0   0x080059f0   0x000000a0   Code   RO         5668    i.STMFLASH_GetFlashSector  stmflash.o
    0x08005a90   0x08005a90   0x00000020   Code   RO         5669    i.STMFLASH_Read     stmflash.o
    0x08005ab0   0x08005ab0   0x00000006   Code   RO         5670    i.STMFLASH_ReadWord  stmflash.o
    0x08005ab6   0x08005ab6   0x00000002   PAD
    0x08005ab8   0x08005ab8   0x00000098   Code   RO         5671    i.STMFLASH_Write    stmflash.o
    0x08005b50   0x08005b50   0x00000002   Code   RO          203    i.SVC_Handler       stm32f4xx_it.o
    0x08005b52   0x08005b52   0x00000002   PAD
    0x08005b54   0x08005b54   0x000000ec   Code   RO         4722    i.SetSysClock       system_stm32f4xx.o
    0x08005c40   0x08005c40   0x00000078   Code   RO         5445    i.Slave_acknowledge  si7021.o
    0x08005cb8   0x08005cb8   0x00000002   Code   RO          204    i.SysTick_Handler   stm32f4xx_it.o
    0x08005cba   0x08005cba   0x00000002   PAD
    0x08005cbc   0x08005cbc   0x00000054   Code   RO         4773    i.Sys_Config        sys_cfg.o
    0x08005d10   0x08005d10   0x00000068   Code   RO         4724    i.SystemInit        system_stm32f4xx.o
    0x08005d78   0x08005d78   0x00000080   Code   RO         5359    i.TIM3_IRQHandler   net_io.o
    0x08005df8   0x08005df8   0x00000006   Code   RO         3908    i.TIM_ClearFlag     stm32f4xx_tim.o
    0x08005dfe   0x08005dfe   0x00000018   Code   RO         3914    i.TIM_Cmd           stm32f4xx_tim.o
    0x08005e16   0x08005e16   0x00000002   PAD
    0x08005e18   0x08005e18   0x00000190   Code   RO         3919    i.TIM_DeInit        stm32f4xx_tim.o
    0x08005fa8   0x08005fa8   0x00000012   Code   RO         3939    i.TIM_ITConfig      stm32f4xx_tim.o
    0x08005fba   0x08005fba   0x00000002   PAD
    0x08005fbc   0x08005fbc   0x00000084   Code   RO         3986    i.TIM_TimeBaseInit  stm32f4xx_tim.o
    0x08006040   0x08006040   0x00000078   Code   RO         5360    i.USART3_IRQHandler  net_io.o
    0x080060b8   0x080060b8   0x00000012   Code   RO         4464    i.USART_ClearFlag   stm32f4xx_usart.o
    0x080060ca   0x080060ca   0x00000018   Code   RO         4468    i.USART_Cmd         stm32f4xx_usart.o
    0x080060e2   0x080060e2   0x00000002   PAD
    0x080060e4   0x080060e4   0x00000040   Code   RO         4774    i.USART_Configuration  sys_cfg.o
    0x08006124   0x08006124   0x0000001a   Code   RO         4471    i.USART_GetFlagStatus  stm32f4xx_usart.o
    0x0800613e   0x0800613e   0x0000004a   Code   RO         4474    i.USART_ITConfig    stm32f4xx_usart.o
    0x08006188   0x08006188   0x000000d4   Code   RO         4475    i.USART_Init        stm32f4xx_usart.o
    0x0800625c   0x0800625c   0x00000008   Code   RO         4485    i.USART_SendData    stm32f4xx_usart.o
    0x08006264   0x08006264   0x00000004   Code   RO          205    i.UsageFault_Handler  stm32f4xx_it.o
    0x08006268   0x08006268   0x00000020   Code   RO         5959    i.__0printf         mc_w.l(printfa.o)
    0x08006288   0x08006288   0x0000000e   Code   RO         6061    i.__scatterload_copy  mc_w.l(handlers.o)
    0x08006296   0x08006296   0x00000002   Code   RO         6062    i.__scatterload_null  mc_w.l(handlers.o)
    0x08006298   0x08006298   0x0000000e   Code   RO         6063    i.__scatterload_zeroinit  mc_w.l(handlers.o)
    0x080062a6   0x080062a6   0x00000002   PAD
    0x080062a8   0x080062a8   0x00000184   Code   RO         5966    i._fp_digits        mc_w.l(printfa.o)
    0x0800642c   0x0800642c   0x000006dc   Code   RO         5967    i._printf_core      mc_w.l(printfa.o)
    0x08006b08   0x08006b08   0x00000024   Code   RO         5968    i._printf_post_padding  mc_w.l(printfa.o)
    0x08006b2c   0x08006b2c   0x0000002e   Code   RO         5969    i._printf_pre_padding  mc_w.l(printfa.o)
    0x08006b5a   0x08006b5a   0x00000002   PAD
    0x08006b5c   0x08006b5c   0x0000004c   Code   RO         5020    i.all_data_update   protocol.o
    0x08006ba8   0x08006ba8   0x0000001a   Code   RO         4859    i.byte_to_int       mcu_api.o
    0x08006bc2   0x08006bc2   0x00000002   PAD
    0x08006bc4   0x08006bc4   0x000001e8   Code   RO         5103    i.data_handle       system.o
    0x08006dac   0x08006dac   0x0000004c   Code   RO         5104    i.data_point_handle  system.o
    0x08006df8   0x08006df8   0x0000004a   Code   RO         4827    i.delay_ms          sys_delay.o
    0x08006e42   0x08006e42   0x00000040   Code   RO         4828    i.delay_us          sys_delay.o
    0x08006e82   0x08006e82   0x00000056   Code   RO         5021    i.dp_download_handle  protocol.o
    0x08006ed8   0x08006ed8   0x0000004c   Code   RO         5022    i.dp_download_light_handle  protocol.o
    0x08006f24   0x08006f24   0x0000004c   Code   RO         5023    i.dp_download_mode_handle  protocol.o
    0x08006f70   0x08006f70   0x0000004c   Code   RO         5024    i.dp_download_power_handle  protocol.o
    0x08006fbc   0x08006fbc   0x00000034   Code   RO         5025    i.dp_download_tempset_handle  protocol.o
    0x08006ff0   0x08006ff0   0x00000024   Code   RO         4776    i.fputc             sys_cfg.o
    0x08007014   0x08007014   0x0000001c   Code   RO         5105    i.get_check_sum     system.o
    0x08007030   0x08007030   0x00000030   Code   RO         5106    i.get_dowmload_dpid_index  system.o
    0x08007060   0x08007060   0x00000004   Code   RO         5026    i.get_download_cmd_total  protocol.o
    0x08007064   0x08007064   0x0000000e   Code   RO         5107    i.get_mcu_wifi_mode  system.o
    0x08007072   0x08007072   0x00000002   PAD
    0x08007074   0x08007074   0x0000001c   Code   RO         5108    i.get_queue_total_data  system.o
    0x08007090   0x08007090   0x00000034   Code   RO         5109    i.heat_beat_check   system.o
    0x080070c4   0x080070c4   0x00000060   Code   RO            4    i.main              main.o
    0x08007124   0x08007124   0x00000064   Code   RO         4862    i.mcu_dp_bool_update  mcu_api.o
    0x08007188   0x08007188   0x00000054   Code   RO         4863    i.mcu_dp_enum_update  mcu_api.o
    0x080071dc   0x080071dc   0x000000c4   Code   RO         4864    i.mcu_dp_fault_update  mcu_api.o
    0x080072a0   0x080072a0   0x00000078   Code   RO         4867    i.mcu_dp_value_update  mcu_api.o
    0x08007318   0x08007318   0x000000a8   Code   RO         5027    i.mcu_firm_update_handle  protocol.o
    0x080073c0   0x080073c0   0x00000006   Code   RO         4868    i.mcu_get_dp_download_bool  mcu_api.o
    0x080073c6   0x080073c6   0x00000006   Code   RO         4869    i.mcu_get_dp_download_enum  mcu_api.o
    0x080073cc   0x080073cc   0x0000000e   Code   RO         4870    i.mcu_get_dp_download_value  mcu_api.o
    0x080073da   0x080073da   0x00000002   PAD
    0x080073dc   0x080073dc   0x0000000c   Code   RO         4872    i.mcu_get_wifi_work_state  mcu_api.o
    0x080073e8   0x080073e8   0x00000044   Code   RO         4877    i.my_memcpy         mcu_api.o
    0x0800742c   0x0800742c   0x0000001c   Code   RO         4879    i.my_strlen         mcu_api.o
    0x08007448   0x08007448   0x00000016   Code   RO         5555    i.oled_pow          oled.o
    0x0800745e   0x0800745e   0x00000002   PAD
    0x08007460   0x08007460   0x000000f8   Code   RO         5556    i.oled_tuya_dis     oled.o
    0x08007558   0x08007558   0x00000054   Code   RO         5110    i.product_info_update  system.o
    0x080075ac   0x080075ac   0x00000028   Code   RO         5111    i.set_wifi_uart_buffer  system.o
    0x080075d4   0x080075d4   0x00000010   Code   RO         5112    i.set_wifi_uart_byte  system.o
    0x080075e4   0x080075e4   0x00000060   Code   RO         4880    i.uart_receive_input  mcu_api.o
    0x08007644   0x08007644   0x0000000c   Code   RO         5028    i.uart_transmit_output  protocol.o
    0x08007650   0x08007650   0x00000024   Code   RO         4881    i.wifi_protocol_init  mcu_api.o
    0x08007674   0x08007674   0x00000008   Code   RO         5029    i.wifi_test_result  protocol.o
    0x0800767c   0x0800767c   0x000000fc   Code   RO         4882    i.wifi_uart_service  mcu_api.o
    0x08007778   0x08007778   0x00000024   Code   RO         5113    i.wifi_uart_write_data  system.o
    0x0800779c   0x0800779c   0x00000044   Code   RO         5114    i.wifi_uart_write_frame  system.o
    0x080077e0   0x080077e0   0x00000004   Data   RO         5362    .constdata          net_io.o
    0x080077e4   0x080077e4   0x000011d8   Data   RO         5557    .constdata          oled.o
    0x080089bc   0x080089bc   0x00000020   Data   RO         6059    Region$$Table       anon$$obj.o


    Execution Region RW_IRAM1 (Exec base: 0x20000000, Load base: 0x080089dc, Size: 0x00000880, Max: 0x00020000, ABSOLUTE)

    Exec Addr    Load Addr    Size         Type   Attr      Idx    E Section Name        Object

    0x20000000   0x080089dc   0x00000010   Data   RW         2571    .data               stm32f4xx_rcc.o
    0x20000010   0x080089ec   0x00000002   Data   RW         4883    .data               mcu_api.o
    0x20000012   0x080089ee   0x00000012   Data   RW         5030    .data               protocol.o
    0x20000024   0x08008a00   0x00000015   Data   RW         5116    .data               system.o
    0x20000039   0x08008a15   0x00000003   PAD
    0x2000003c   0x08008a18   0x0000001c   Data   RW         5213    .data               net_device.o
    0x20000058   0x08008a34   0x00000003   Data   RW         5363    .data               net_io.o
    0x2000005b   0x08008a37   0x00000001   PAD
    0x2000005c   0x08008a38   0x00000008   Data   RW         5447    .data               si7021.o
    0x20000064   0x08008a40   0x00000001   Data   RW         5558    .data               oled.o
    0x20000065   0x08008a41   0x00000003   PAD
    0x20000068   0x08008a44   0x00000004   Data   RW         6031    .data               mc_w.l(stdout.o)
    0x2000006c        -       0x00000024   Zero   RW            5    .bss                main.o
    0x20000090        -       0x000001d9   Zero   RW         5115    .bss                system.o
    0x20000269   0x08008a48   0x00000001   PAD
    0x2000026a        -       0x00000206   Zero   RW         5361    .bss                net_io.o
    0x20000470        -       0x0000000c   Zero   RW         5446    .bss                si7021.o
    0x2000047c   0x08008a48   0x00000004   PAD
    0x20000480        -       0x00000400   Zero   RW         4760    STACK               startup_stm32f40_41xxx.o


==============================================================================

Image component sizes


      Code (inc. data)   RO Data    RW Data    ZI Data      Debug   Object Name

        96         14          0          0         36     301985   main.o
      1044         66          0          2          0       9222   mcu_api.o
       160         32          0          0          0       2001   misc.o
       200         42          0         28          0       2432   net_device.o
       712         54          4          3        518       5537   net_io.o
      1274        130       4568          1          0       8045   oled.o
       634         50          0         18          0      34547   protocol.o
      1198        106          0          8         12       8812   si7021.o
        36          8        392          0       1024        824   startup_stm32f40_41xxx.o
       426         40          0          0          0       4332   stm32f4xx_flash.o
       248          0          0          0          0       3929   stm32f4xx_gpio.o
        26          0          0          0          0       4022   stm32f4xx_it.o
       788        114          0         16          0      11793   stm32f4xx_rcc.o
       580         82          0          0          0       3589   stm32f4xx_tim.o
       362          8          0          0          0       4543   stm32f4xx_usart.o
       350         50          0          0          0       3067   stmflash.o
       480         74          0          0          0       3009   sys_cfg.o
       160          0          0          0          0       1440   sys_delay.o
      1038        124          0         21        473       9656   system.o
       340         32          0          0          0       1477   system_stm32f4xx.o

    ----------------------------------------------------------------------
     10184       1026       4996        104       2068     424262   Object Totals
         0          0         32          0          0          0   (incl. Generated)
        32          0          0          7          5          0   (incl. Padding)

    ----------------------------------------------------------------------

      Code (inc. data)   RO Data    RW Data    ZI Data      Debug   Library Member Name

         0          0          0          0          0          0   entry.o
         0          0          0          0          0          0   entry10a.o
         0          0          0          0          0          0   entry11a.o
         8          4          0          0          0          0   entry2.o
         4          0          0          0          0          0   entry5.o
         0          0          0          0          0          0   entry7b.o
         0          0          0          0          0          0   entry8b.o
         8          4          0          0          0          0   entry9a.o
        30          0          0          0          0          0   handlers.o
        36          8          0          0          0         68   init.o
         0          0          0          0          0          0   iusefp.o
        30          0          0          0          0         68   llshl.o
        36          0          0          0          0         68   llsshr.o
        32          0          0          0          0         68   llushr.o
        36          0          0          0          0        108   memseta.o
      2258         90          0          0          0        452   printfa.o
         0          0          0          4          0          0   stdout.o
        44          0          0          0          0         80   uidiv.o
        98          0          0          0          0         92   uldiv.o
        48          0          0          0          0         68   cdrcmple.o
       334          0          0          0          0        148   dadd.o
       222          0          0          0          0        100   ddiv.o
       186          0          0          0          0        176   depilogue.o
        48          0          0          0          0         68   dfixul.o
       228          0          0          0          0         96   dmul.o
        38          0          0          0          0         68   f2d.o

    ----------------------------------------------------------------------
      3728        106          0          4          0       1728   Library Totals
         4          0          0          0          0          0   (incl. Padding)

    ----------------------------------------------------------------------

      Code (inc. data)   RO Data    RW Data    ZI Data      Debug   Library Name

      2620        106          0          4          0       1004   mc_w.l
      1104          0          0          0          0        724   mf_w.l

    ----------------------------------------------------------------------
      3728        106          0          4          0       1728   Library Totals

    ----------------------------------------------------------------------

==============================================================================


      Code (inc. data)   RO Data    RW Data    ZI Data      Debug   

     13912       1132       4996        108       2068     412462   Grand Totals
     13912       1132       4996        108       2068     412462   ELF Image Totals
     13912       1132       4996        108          0          0   ROM Totals

==============================================================================

    Total RO  Size (Code + RO Data)                18908 (  18.46kB)
    Total RW  Size (RW Data + ZI Data)              2176 (   2.13kB)
    Total ROM Size (Code + RO Data + RW Data)      19016 (  18.57kB)

==============================================================================

