<!doctype html public "-//w3c//dtd html 4.0 transitional//en">
<html><head>
<title>Static Call Graph - [.\Objects\stm32f407_ex.axf]</title></head>
<body><HR>
<H1>Static Call Graph for image .\Objects\stm32f407_ex.axf</H1><HR>
<BR><P>#&#060CALLGRAPH&#062# ARM Linker, 5060750: Last Updated: Thu May 03 19:56:33 2018
<BR><P>
<H3>Maximum Stack Usage =        256 bytes + Unknown(Cycles, Untraceable Function Pointers)</H3><H3>
Call chain for Maximum Stack Depth:</H3>
main &rArr; wifi_uart_service &rArr; data_handle &rArr; data_point_handle &rArr; dp_download_handle &rArr; dp_download_tempset_handle &rArr; oled_tuya_dis &rArr; OLED_ShowNum &rArr; OLED_ShowChar &rArr; OLED_Set_Pos &rArr; OLED_WR_Byte
<P>
<H3>
Mutually Recursive functions
</H3> <LI><a href="#[1c]">ADC_IRQHandler</a>&nbsp;&nbsp;&nbsp;&rArr;&nbsp;&nbsp;&nbsp;<a href="#[1c]">ADC_IRQHandler</a><BR>
</UL>
<P>
<H3>
Function Pointers
</H3><UL>
 <LI><a href="#[1c]">ADC_IRQHandler</a> from startup_stm32f40_41xxx.o(.text) referenced from startup_stm32f40_41xxx.o(RESET)
 <LI><a href="#[4]">BusFault_Handler</a> from stm32f4xx_it.o(i.BusFault_Handler) referenced from startup_stm32f40_41xxx.o(RESET)
 <LI><a href="#[1e]">CAN1_RX0_IRQHandler</a> from startup_stm32f40_41xxx.o(.text) referenced from startup_stm32f40_41xxx.o(RESET)
 <LI><a href="#[1f]">CAN1_RX1_IRQHandler</a> from startup_stm32f40_41xxx.o(.text) referenced from startup_stm32f40_41xxx.o(RESET)
 <LI><a href="#[20]">CAN1_SCE_IRQHandler</a> from startup_stm32f40_41xxx.o(.text) referenced from startup_stm32f40_41xxx.o(RESET)
 <LI><a href="#[1d]">CAN1_TX_IRQHandler</a> from startup_stm32f40_41xxx.o(.text) referenced from startup_stm32f40_41xxx.o(RESET)
 <LI><a href="#[4a]">CAN2_RX0_IRQHandler</a> from startup_stm32f40_41xxx.o(.text) referenced from startup_stm32f40_41xxx.o(RESET)
 <LI><a href="#[4b]">CAN2_RX1_IRQHandler</a> from startup_stm32f40_41xxx.o(.text) referenced from startup_stm32f40_41xxx.o(RESET)
 <LI><a href="#[4c]">CAN2_SCE_IRQHandler</a> from startup_stm32f40_41xxx.o(.text) referenced from startup_stm32f40_41xxx.o(RESET)
 <LI><a href="#[49]">CAN2_TX_IRQHandler</a> from startup_stm32f40_41xxx.o(.text) referenced from startup_stm32f40_41xxx.o(RESET)
 <LI><a href="#[59]">CRYP_IRQHandler</a> from startup_stm32f40_41xxx.o(.text) referenced from startup_stm32f40_41xxx.o(RESET)
 <LI><a href="#[58]">DCMI_IRQHandler</a> from startup_stm32f40_41xxx.o(.text) referenced from startup_stm32f40_41xxx.o(RESET)
 <LI><a href="#[15]">DMA1_Stream0_IRQHandler</a> from startup_stm32f40_41xxx.o(.text) referenced from startup_stm32f40_41xxx.o(RESET)
 <LI><a href="#[16]">DMA1_Stream1_IRQHandler</a> from startup_stm32f40_41xxx.o(.text) referenced from startup_stm32f40_41xxx.o(RESET)
 <LI><a href="#[17]">DMA1_Stream2_IRQHandler</a> from startup_stm32f40_41xxx.o(.text) referenced from startup_stm32f40_41xxx.o(RESET)
 <LI><a href="#[18]">DMA1_Stream3_IRQHandler</a> from startup_stm32f40_41xxx.o(.text) referenced from startup_stm32f40_41xxx.o(RESET)
 <LI><a href="#[19]">DMA1_Stream4_IRQHandler</a> from startup_stm32f40_41xxx.o(.text) referenced from startup_stm32f40_41xxx.o(RESET)
 <LI><a href="#[1a]">DMA1_Stream5_IRQHandler</a> from startup_stm32f40_41xxx.o(.text) referenced from startup_stm32f40_41xxx.o(RESET)
 <LI><a href="#[1b]">DMA1_Stream6_IRQHandler</a> from startup_stm32f40_41xxx.o(.text) referenced from startup_stm32f40_41xxx.o(RESET)
 <LI><a href="#[39]">DMA1_Stream7_IRQHandler</a> from startup_stm32f40_41xxx.o(.text) referenced from startup_stm32f40_41xxx.o(RESET)
 <LI><a href="#[42]">DMA2_Stream0_IRQHandler</a> from startup_stm32f40_41xxx.o(.text) referenced from startup_stm32f40_41xxx.o(RESET)
 <LI><a href="#[43]">DMA2_Stream1_IRQHandler</a> from startup_stm32f40_41xxx.o(.text) referenced from startup_stm32f40_41xxx.o(RESET)
 <LI><a href="#[44]">DMA2_Stream2_IRQHandler</a> from startup_stm32f40_41xxx.o(.text) referenced from startup_stm32f40_41xxx.o(RESET)
 <LI><a href="#[45]">DMA2_Stream3_IRQHandler</a> from startup_stm32f40_41xxx.o(.text) referenced from startup_stm32f40_41xxx.o(RESET)
 <LI><a href="#[46]">DMA2_Stream4_IRQHandler</a> from startup_stm32f40_41xxx.o(.text) referenced from startup_stm32f40_41xxx.o(RESET)
 <LI><a href="#[4e]">DMA2_Stream5_IRQHandler</a> from startup_stm32f40_41xxx.o(.text) referenced from startup_stm32f40_41xxx.o(RESET)
 <LI><a href="#[4f]">DMA2_Stream6_IRQHandler</a> from startup_stm32f40_41xxx.o(.text) referenced from startup_stm32f40_41xxx.o(RESET)
 <LI><a href="#[50]">DMA2_Stream7_IRQHandler</a> from startup_stm32f40_41xxx.o(.text) referenced from startup_stm32f40_41xxx.o(RESET)
 <LI><a href="#[7]">DebugMon_Handler</a> from stm32f4xx_it.o(i.DebugMon_Handler) referenced from startup_stm32f40_41xxx.o(RESET)
 <LI><a href="#[47]">ETH_IRQHandler</a> from startup_stm32f40_41xxx.o(.text) referenced from startup_stm32f40_41xxx.o(RESET)
 <LI><a href="#[48]">ETH_WKUP_IRQHandler</a> from startup_stm32f40_41xxx.o(.text) referenced from startup_stm32f40_41xxx.o(RESET)
 <LI><a href="#[10]">EXTI0_IRQHandler</a> from startup_stm32f40_41xxx.o(.text) referenced from startup_stm32f40_41xxx.o(RESET)
 <LI><a href="#[32]">EXTI15_10_IRQHandler</a> from startup_stm32f40_41xxx.o(.text) referenced from startup_stm32f40_41xxx.o(RESET)
 <LI><a href="#[11]">EXTI1_IRQHandler</a> from startup_stm32f40_41xxx.o(.text) referenced from startup_stm32f40_41xxx.o(RESET)
 <LI><a href="#[12]">EXTI2_IRQHandler</a> from startup_stm32f40_41xxx.o(.text) referenced from startup_stm32f40_41xxx.o(RESET)
 <LI><a href="#[13]">EXTI3_IRQHandler</a> from startup_stm32f40_41xxx.o(.text) referenced from startup_stm32f40_41xxx.o(RESET)
 <LI><a href="#[14]">EXTI4_IRQHandler</a> from startup_stm32f40_41xxx.o(.text) referenced from startup_stm32f40_41xxx.o(RESET)
 <LI><a href="#[21]">EXTI9_5_IRQHandler</a> from startup_stm32f40_41xxx.o(.text) referenced from startup_stm32f40_41xxx.o(RESET)
 <LI><a href="#[e]">FLASH_IRQHandler</a> from startup_stm32f40_41xxx.o(.text) referenced from startup_stm32f40_41xxx.o(RESET)
 <LI><a href="#[5b]">FPU_IRQHandler</a> from startup_stm32f40_41xxx.o(.text) referenced from startup_stm32f40_41xxx.o(RESET)
 <LI><a href="#[3a]">FSMC_IRQHandler</a> from startup_stm32f40_41xxx.o(.text) referenced from startup_stm32f40_41xxx.o(RESET)
 <LI><a href="#[5a]">HASH_RNG_IRQHandler</a> from startup_stm32f40_41xxx.o(.text) referenced from startup_stm32f40_41xxx.o(RESET)
 <LI><a href="#[2]">HardFault_Handler</a> from stm32f4xx_it.o(i.HardFault_Handler) referenced from startup_stm32f40_41xxx.o(RESET)
 <LI><a href="#[2a]">I2C1_ER_IRQHandler</a> from startup_stm32f40_41xxx.o(.text) referenced from startup_stm32f40_41xxx.o(RESET)
 <LI><a href="#[29]">I2C1_EV_IRQHandler</a> from startup_stm32f40_41xxx.o(.text) referenced from startup_stm32f40_41xxx.o(RESET)
 <LI><a href="#[2c]">I2C2_ER_IRQHandler</a> from startup_stm32f40_41xxx.o(.text) referenced from startup_stm32f40_41xxx.o(RESET)
 <LI><a href="#[2b]">I2C2_EV_IRQHandler</a> from startup_stm32f40_41xxx.o(.text) referenced from startup_stm32f40_41xxx.o(RESET)
 <LI><a href="#[53]">I2C3_ER_IRQHandler</a> from startup_stm32f40_41xxx.o(.text) referenced from startup_stm32f40_41xxx.o(RESET)
 <LI><a href="#[52]">I2C3_EV_IRQHandler</a> from startup_stm32f40_41xxx.o(.text) referenced from startup_stm32f40_41xxx.o(RESET)
 <LI><a href="#[3]">MemManage_Handler</a> from stm32f4xx_it.o(i.MemManage_Handler) referenced from startup_stm32f40_41xxx.o(RESET)
 <LI><a href="#[1]">NMI_Handler</a> from stm32f4xx_it.o(i.NMI_Handler) referenced from startup_stm32f40_41xxx.o(RESET)
 <LI><a href="#[4d]">OTG_FS_IRQHandler</a> from startup_stm32f40_41xxx.o(.text) referenced from startup_stm32f40_41xxx.o(RESET)
 <LI><a href="#[34]">OTG_FS_WKUP_IRQHandler</a> from startup_stm32f40_41xxx.o(.text) referenced from startup_stm32f40_41xxx.o(RESET)
 <LI><a href="#[55]">OTG_HS_EP1_IN_IRQHandler</a> from startup_stm32f40_41xxx.o(.text) referenced from startup_stm32f40_41xxx.o(RESET)
 <LI><a href="#[54]">OTG_HS_EP1_OUT_IRQHandler</a> from startup_stm32f40_41xxx.o(.text) referenced from startup_stm32f40_41xxx.o(RESET)
 <LI><a href="#[57]">OTG_HS_IRQHandler</a> from startup_stm32f40_41xxx.o(.text) referenced from startup_stm32f40_41xxx.o(RESET)
 <LI><a href="#[56]">OTG_HS_WKUP_IRQHandler</a> from startup_stm32f40_41xxx.o(.text) referenced from startup_stm32f40_41xxx.o(RESET)
 <LI><a href="#[b]">PVD_IRQHandler</a> from startup_stm32f40_41xxx.o(.text) referenced from startup_stm32f40_41xxx.o(RESET)
 <LI><a href="#[8]">PendSV_Handler</a> from stm32f4xx_it.o(i.PendSV_Handler) referenced from startup_stm32f40_41xxx.o(RESET)
 <LI><a href="#[f]">RCC_IRQHandler</a> from startup_stm32f40_41xxx.o(.text) referenced from startup_stm32f40_41xxx.o(RESET)
 <LI><a href="#[33]">RTC_Alarm_IRQHandler</a> from startup_stm32f40_41xxx.o(.text) referenced from startup_stm32f40_41xxx.o(RESET)
 <LI><a href="#[d]">RTC_WKUP_IRQHandler</a> from startup_stm32f40_41xxx.o(.text) referenced from startup_stm32f40_41xxx.o(RESET)
 <LI><a href="#[0]">Reset_Handler</a> from startup_stm32f40_41xxx.o(.text) referenced from startup_stm32f40_41xxx.o(RESET)
 <LI><a href="#[3b]">SDIO_IRQHandler</a> from startup_stm32f40_41xxx.o(.text) referenced from startup_stm32f40_41xxx.o(RESET)
 <LI><a href="#[2d]">SPI1_IRQHandler</a> from startup_stm32f40_41xxx.o(.text) referenced from startup_stm32f40_41xxx.o(RESET)
 <LI><a href="#[2e]">SPI2_IRQHandler</a> from startup_stm32f40_41xxx.o(.text) referenced from startup_stm32f40_41xxx.o(RESET)
 <LI><a href="#[3d]">SPI3_IRQHandler</a> from startup_stm32f40_41xxx.o(.text) referenced from startup_stm32f40_41xxx.o(RESET)
 <LI><a href="#[6]">SVC_Handler</a> from stm32f4xx_it.o(i.SVC_Handler) referenced from startup_stm32f40_41xxx.o(RESET)
 <LI><a href="#[9]">SysTick_Handler</a> from stm32f4xx_it.o(i.SysTick_Handler) referenced from startup_stm32f40_41xxx.o(RESET)
 <LI><a href="#[5d]">SystemInit</a> from system_stm32f4xx.o(i.SystemInit) referenced from startup_stm32f40_41xxx.o(.text)
 <LI><a href="#[c]">TAMP_STAMP_IRQHandler</a> from startup_stm32f40_41xxx.o(.text) referenced from startup_stm32f40_41xxx.o(RESET)
 <LI><a href="#[22]">TIM1_BRK_TIM9_IRQHandler</a> from startup_stm32f40_41xxx.o(.text) referenced from startup_stm32f40_41xxx.o(RESET)
 <LI><a href="#[25]">TIM1_CC_IRQHandler</a> from startup_stm32f40_41xxx.o(.text) referenced from startup_stm32f40_41xxx.o(RESET)
 <LI><a href="#[24]">TIM1_TRG_COM_TIM11_IRQHandler</a> from startup_stm32f40_41xxx.o(.text) referenced from startup_stm32f40_41xxx.o(RESET)
 <LI><a href="#[23]">TIM1_UP_TIM10_IRQHandler</a> from startup_stm32f40_41xxx.o(.text) referenced from startup_stm32f40_41xxx.o(RESET)
 <LI><a href="#[26]">TIM2_IRQHandler</a> from startup_stm32f40_41xxx.o(.text) referenced from startup_stm32f40_41xxx.o(RESET)
 <LI><a href="#[27]">TIM3_IRQHandler</a> from net_io.o(i.TIM3_IRQHandler) referenced from startup_stm32f40_41xxx.o(RESET)
 <LI><a href="#[28]">TIM4_IRQHandler</a> from startup_stm32f40_41xxx.o(.text) referenced from startup_stm32f40_41xxx.o(RESET)
 <LI><a href="#[3c]">TIM5_IRQHandler</a> from startup_stm32f40_41xxx.o(.text) referenced from startup_stm32f40_41xxx.o(RESET)
 <LI><a href="#[40]">TIM6_DAC_IRQHandler</a> from startup_stm32f40_41xxx.o(.text) referenced from startup_stm32f40_41xxx.o(RESET)
 <LI><a href="#[41]">TIM7_IRQHandler</a> from startup_stm32f40_41xxx.o(.text) referenced from startup_stm32f40_41xxx.o(RESET)
 <LI><a href="#[35]">TIM8_BRK_TIM12_IRQHandler</a> from startup_stm32f40_41xxx.o(.text) referenced from startup_stm32f40_41xxx.o(RESET)
 <LI><a href="#[38]">TIM8_CC_IRQHandler</a> from startup_stm32f40_41xxx.o(.text) referenced from startup_stm32f40_41xxx.o(RESET)
 <LI><a href="#[37]">TIM8_TRG_COM_TIM14_IRQHandler</a> from startup_stm32f40_41xxx.o(.text) referenced from startup_stm32f40_41xxx.o(RESET)
 <LI><a href="#[36]">TIM8_UP_TIM13_IRQHandler</a> from startup_stm32f40_41xxx.o(.text) referenced from startup_stm32f40_41xxx.o(RESET)
 <LI><a href="#[3e]">UART4_IRQHandler</a> from startup_stm32f40_41xxx.o(.text) referenced from startup_stm32f40_41xxx.o(RESET)
 <LI><a href="#[3f]">UART5_IRQHandler</a> from startup_stm32f40_41xxx.o(.text) referenced from startup_stm32f40_41xxx.o(RESET)
 <LI><a href="#[2f]">USART1_IRQHandler</a> from startup_stm32f40_41xxx.o(.text) referenced from startup_stm32f40_41xxx.o(RESET)
 <LI><a href="#[30]">USART2_IRQHandler</a> from startup_stm32f40_41xxx.o(.text) referenced from startup_stm32f40_41xxx.o(RESET)
 <LI><a href="#[31]">USART3_IRQHandler</a> from net_io.o(i.USART3_IRQHandler) referenced from startup_stm32f40_41xxx.o(RESET)
 <LI><a href="#[51]">USART6_IRQHandler</a> from startup_stm32f40_41xxx.o(.text) referenced from startup_stm32f40_41xxx.o(RESET)
 <LI><a href="#[5]">UsageFault_Handler</a> from stm32f4xx_it.o(i.UsageFault_Handler) referenced from startup_stm32f40_41xxx.o(RESET)
 <LI><a href="#[a]">WWDG_IRQHandler</a> from startup_stm32f40_41xxx.o(.text) referenced from startup_stm32f40_41xxx.o(RESET)
 <LI><a href="#[5e]">__main</a> from entry.o(.ARM.Collect$$$$00000000) referenced from startup_stm32f40_41xxx.o(.text)
 <LI><a href="#[5f]">fputc</a> from sys_cfg.o(i.fputc) referenced from printfa.o(i.__0printf)
 <LI><a href="#[5c]">main</a> from main.o(i.main) referenced from entry9a.o(.ARM.Collect$$$$0000000B)
</UL>
<P>
<H3>
Global Symbols
</H3>
<P><STRONG><a name="[5e]"></a>__main</STRONG> (Thumb, 0 bytes, Stack size unknown bytes, entry.o(.ARM.Collect$$$$00000000))
<BR>[Address Reference Count : 1]<UL><LI> startup_stm32f40_41xxx.o(.text)
</UL>
<P><STRONG><a name="[f6]"></a>_main_stk</STRONG> (Thumb, 0 bytes, Stack size unknown bytes, entry2.o(.ARM.Collect$$$$00000001))

<P><STRONG><a name="[60]"></a>_main_scatterload</STRONG> (Thumb, 0 bytes, Stack size unknown bytes, entry5.o(.ARM.Collect$$$$00000004))
<BR><BR>[Calls]<UL><LI><a href="#[61]">&gt;&gt;</a>&nbsp;&nbsp;&nbsp;__scatterload
</UL>

<P><STRONG><a name="[71]"></a>__main_after_scatterload</STRONG> (Thumb, 0 bytes, Stack size unknown bytes, entry5.o(.ARM.Collect$$$$00000004))
<BR><BR>[Called By]<UL><LI><a href="#[61]">&gt;&gt;</a>&nbsp;&nbsp;&nbsp;__scatterload
</UL>

<P><STRONG><a name="[f7]"></a>_main_clock</STRONG> (Thumb, 0 bytes, Stack size unknown bytes, entry7b.o(.ARM.Collect$$$$00000008))

<P><STRONG><a name="[f8]"></a>_main_cpp_init</STRONG> (Thumb, 0 bytes, Stack size unknown bytes, entry8b.o(.ARM.Collect$$$$0000000A))

<P><STRONG><a name="[f9]"></a>_main_init</STRONG> (Thumb, 0 bytes, Stack size unknown bytes, entry9a.o(.ARM.Collect$$$$0000000B))

<P><STRONG><a name="[fa]"></a>__rt_final_cpp</STRONG> (Thumb, 0 bytes, Stack size unknown bytes, entry10a.o(.ARM.Collect$$$$0000000D))

<P><STRONG><a name="[fb]"></a>__rt_final_exit</STRONG> (Thumb, 0 bytes, Stack size unknown bytes, entry11a.o(.ARM.Collect$$$$0000000F))

<P><STRONG><a name="[0]"></a>Reset_Handler</STRONG> (Thumb, 8 bytes, Stack size 0 bytes, startup_stm32f40_41xxx.o(.text))
<BR>[Address Reference Count : 1]<UL><LI> startup_stm32f40_41xxx.o(RESET)
</UL>
<P><STRONG><a name="[1c]"></a>ADC_IRQHandler</STRONG> (Thumb, 0 bytes, Stack size 0 bytes, startup_stm32f40_41xxx.o(.text))
<BR><BR>[Calls]<UL><LI><a href="#[1c]">&gt;&gt;</a>&nbsp;&nbsp;&nbsp;ADC_IRQHandler
</UL>
<BR>[Called By]<UL><LI><a href="#[1c]">&gt;&gt;</a>&nbsp;&nbsp;&nbsp;ADC_IRQHandler
</UL>
<BR>[Address Reference Count : 1]<UL><LI> startup_stm32f40_41xxx.o(RESET)
</UL>
<P><STRONG><a name="[1e]"></a>CAN1_RX0_IRQHandler</STRONG> (Thumb, 0 bytes, Stack size 0 bytes, startup_stm32f40_41xxx.o(.text))
<BR>[Address Reference Count : 1]<UL><LI> startup_stm32f40_41xxx.o(RESET)
</UL>
<P><STRONG><a name="[1f]"></a>CAN1_RX1_IRQHandler</STRONG> (Thumb, 0 bytes, Stack size 0 bytes, startup_stm32f40_41xxx.o(.text))
<BR>[Address Reference Count : 1]<UL><LI> startup_stm32f40_41xxx.o(RESET)
</UL>
<P><STRONG><a name="[20]"></a>CAN1_SCE_IRQHandler</STRONG> (Thumb, 0 bytes, Stack size 0 bytes, startup_stm32f40_41xxx.o(.text))
<BR>[Address Reference Count : 1]<UL><LI> startup_stm32f40_41xxx.o(RESET)
</UL>
<P><STRONG><a name="[1d]"></a>CAN1_TX_IRQHandler</STRONG> (Thumb, 0 bytes, Stack size 0 bytes, startup_stm32f40_41xxx.o(.text))
<BR>[Address Reference Count : 1]<UL><LI> startup_stm32f40_41xxx.o(RESET)
</UL>
<P><STRONG><a name="[4a]"></a>CAN2_RX0_IRQHandler</STRONG> (Thumb, 0 bytes, Stack size 0 bytes, startup_stm32f40_41xxx.o(.text))
<BR>[Address Reference Count : 1]<UL><LI> startup_stm32f40_41xxx.o(RESET)
</UL>
<P><STRONG><a name="[4b]"></a>CAN2_RX1_IRQHandler</STRONG> (Thumb, 0 bytes, Stack size 0 bytes, startup_stm32f40_41xxx.o(.text))
<BR>[Address Reference Count : 1]<UL><LI> startup_stm32f40_41xxx.o(RESET)
</UL>
<P><STRONG><a name="[4c]"></a>CAN2_SCE_IRQHandler</STRONG> (Thumb, 0 bytes, Stack size 0 bytes, startup_stm32f40_41xxx.o(.text))
<BR>[Address Reference Count : 1]<UL><LI> startup_stm32f40_41xxx.o(RESET)
</UL>
<P><STRONG><a name="[49]"></a>CAN2_TX_IRQHandler</STRONG> (Thumb, 0 bytes, Stack size 0 bytes, startup_stm32f40_41xxx.o(.text))
<BR>[Address Reference Count : 1]<UL><LI> startup_stm32f40_41xxx.o(RESET)
</UL>
<P><STRONG><a name="[59]"></a>CRYP_IRQHandler</STRONG> (Thumb, 0 bytes, Stack size 0 bytes, startup_stm32f40_41xxx.o(.text))
<BR>[Address Reference Count : 1]<UL><LI> startup_stm32f40_41xxx.o(RESET)
</UL>
<P><STRONG><a name="[58]"></a>DCMI_IRQHandler</STRONG> (Thumb, 0 bytes, Stack size 0 bytes, startup_stm32f40_41xxx.o(.text))
<BR>[Address Reference Count : 1]<UL><LI> startup_stm32f40_41xxx.o(RESET)
</UL>
<P><STRONG><a name="[15]"></a>DMA1_Stream0_IRQHandler</STRONG> (Thumb, 0 bytes, Stack size 0 bytes, startup_stm32f40_41xxx.o(.text))
<BR>[Address Reference Count : 1]<UL><LI> startup_stm32f40_41xxx.o(RESET)
</UL>
<P><STRONG><a name="[16]"></a>DMA1_Stream1_IRQHandler</STRONG> (Thumb, 0 bytes, Stack size 0 bytes, startup_stm32f40_41xxx.o(.text))
<BR>[Address Reference Count : 1]<UL><LI> startup_stm32f40_41xxx.o(RESET)
</UL>
<P><STRONG><a name="[17]"></a>DMA1_Stream2_IRQHandler</STRONG> (Thumb, 0 bytes, Stack size 0 bytes, startup_stm32f40_41xxx.o(.text))
<BR>[Address Reference Count : 1]<UL><LI> startup_stm32f40_41xxx.o(RESET)
</UL>
<P><STRONG><a name="[18]"></a>DMA1_Stream3_IRQHandler</STRONG> (Thumb, 0 bytes, Stack size 0 bytes, startup_stm32f40_41xxx.o(.text))
<BR>[Address Reference Count : 1]<UL><LI> startup_stm32f40_41xxx.o(RESET)
</UL>
<P><STRONG><a name="[19]"></a>DMA1_Stream4_IRQHandler</STRONG> (Thumb, 0 bytes, Stack size 0 bytes, startup_stm32f40_41xxx.o(.text))
<BR>[Address Reference Count : 1]<UL><LI> startup_stm32f40_41xxx.o(RESET)
</UL>
<P><STRONG><a name="[1a]"></a>DMA1_Stream5_IRQHandler</STRONG> (Thumb, 0 bytes, Stack size 0 bytes, startup_stm32f40_41xxx.o(.text))
<BR>[Address Reference Count : 1]<UL><LI> startup_stm32f40_41xxx.o(RESET)
</UL>
<P><STRONG><a name="[1b]"></a>DMA1_Stream6_IRQHandler</STRONG> (Thumb, 0 bytes, Stack size 0 bytes, startup_stm32f40_41xxx.o(.text))
<BR>[Address Reference Count : 1]<UL><LI> startup_stm32f40_41xxx.o(RESET)
</UL>
<P><STRONG><a name="[39]"></a>DMA1_Stream7_IRQHandler</STRONG> (Thumb, 0 bytes, Stack size 0 bytes, startup_stm32f40_41xxx.o(.text))
<BR>[Address Reference Count : 1]<UL><LI> startup_stm32f40_41xxx.o(RESET)
</UL>
<P><STRONG><a name="[42]"></a>DMA2_Stream0_IRQHandler</STRONG> (Thumb, 0 bytes, Stack size 0 bytes, startup_stm32f40_41xxx.o(.text))
<BR>[Address Reference Count : 1]<UL><LI> startup_stm32f40_41xxx.o(RESET)
</UL>
<P><STRONG><a name="[43]"></a>DMA2_Stream1_IRQHandler</STRONG> (Thumb, 0 bytes, Stack size 0 bytes, startup_stm32f40_41xxx.o(.text))
<BR>[Address Reference Count : 1]<UL><LI> startup_stm32f40_41xxx.o(RESET)
</UL>
<P><STRONG><a name="[44]"></a>DMA2_Stream2_IRQHandler</STRONG> (Thumb, 0 bytes, Stack size 0 bytes, startup_stm32f40_41xxx.o(.text))
<BR>[Address Reference Count : 1]<UL><LI> startup_stm32f40_41xxx.o(RESET)
</UL>
<P><STRONG><a name="[45]"></a>DMA2_Stream3_IRQHandler</STRONG> (Thumb, 0 bytes, Stack size 0 bytes, startup_stm32f40_41xxx.o(.text))
<BR>[Address Reference Count : 1]<UL><LI> startup_stm32f40_41xxx.o(RESET)
</UL>
<P><STRONG><a name="[46]"></a>DMA2_Stream4_IRQHandler</STRONG> (Thumb, 0 bytes, Stack size 0 bytes, startup_stm32f40_41xxx.o(.text))
<BR>[Address Reference Count : 1]<UL><LI> startup_stm32f40_41xxx.o(RESET)
</UL>
<P><STRONG><a name="[4e]"></a>DMA2_Stream5_IRQHandler</STRONG> (Thumb, 0 bytes, Stack size 0 bytes, startup_stm32f40_41xxx.o(.text))
<BR>[Address Reference Count : 1]<UL><LI> startup_stm32f40_41xxx.o(RESET)
</UL>
<P><STRONG><a name="[4f]"></a>DMA2_Stream6_IRQHandler</STRONG> (Thumb, 0 bytes, Stack size 0 bytes, startup_stm32f40_41xxx.o(.text))
<BR>[Address Reference Count : 1]<UL><LI> startup_stm32f40_41xxx.o(RESET)
</UL>
<P><STRONG><a name="[50]"></a>DMA2_Stream7_IRQHandler</STRONG> (Thumb, 0 bytes, Stack size 0 bytes, startup_stm32f40_41xxx.o(.text))
<BR>[Address Reference Count : 1]<UL><LI> startup_stm32f40_41xxx.o(RESET)
</UL>
<P><STRONG><a name="[47]"></a>ETH_IRQHandler</STRONG> (Thumb, 0 bytes, Stack size 0 bytes, startup_stm32f40_41xxx.o(.text))
<BR>[Address Reference Count : 1]<UL><LI> startup_stm32f40_41xxx.o(RESET)
</UL>
<P><STRONG><a name="[48]"></a>ETH_WKUP_IRQHandler</STRONG> (Thumb, 0 bytes, Stack size 0 bytes, startup_stm32f40_41xxx.o(.text))
<BR>[Address Reference Count : 1]<UL><LI> startup_stm32f40_41xxx.o(RESET)
</UL>
<P><STRONG><a name="[10]"></a>EXTI0_IRQHandler</STRONG> (Thumb, 0 bytes, Stack size 0 bytes, startup_stm32f40_41xxx.o(.text))
<BR>[Address Reference Count : 1]<UL><LI> startup_stm32f40_41xxx.o(RESET)
</UL>
<P><STRONG><a name="[32]"></a>EXTI15_10_IRQHandler</STRONG> (Thumb, 0 bytes, Stack size 0 bytes, startup_stm32f40_41xxx.o(.text))
<BR>[Address Reference Count : 1]<UL><LI> startup_stm32f40_41xxx.o(RESET)
</UL>
<P><STRONG><a name="[11]"></a>EXTI1_IRQHandler</STRONG> (Thumb, 0 bytes, Stack size 0 bytes, startup_stm32f40_41xxx.o(.text))
<BR>[Address Reference Count : 1]<UL><LI> startup_stm32f40_41xxx.o(RESET)
</UL>
<P><STRONG><a name="[12]"></a>EXTI2_IRQHandler</STRONG> (Thumb, 0 bytes, Stack size 0 bytes, startup_stm32f40_41xxx.o(.text))
<BR>[Address Reference Count : 1]<UL><LI> startup_stm32f40_41xxx.o(RESET)
</UL>
<P><STRONG><a name="[13]"></a>EXTI3_IRQHandler</STRONG> (Thumb, 0 bytes, Stack size 0 bytes, startup_stm32f40_41xxx.o(.text))
<BR>[Address Reference Count : 1]<UL><LI> startup_stm32f40_41xxx.o(RESET)
</UL>
<P><STRONG><a name="[14]"></a>EXTI4_IRQHandler</STRONG> (Thumb, 0 bytes, Stack size 0 bytes, startup_stm32f40_41xxx.o(.text))
<BR>[Address Reference Count : 1]<UL><LI> startup_stm32f40_41xxx.o(RESET)
</UL>
<P><STRONG><a name="[21]"></a>EXTI9_5_IRQHandler</STRONG> (Thumb, 0 bytes, Stack size 0 bytes, startup_stm32f40_41xxx.o(.text))
<BR>[Address Reference Count : 1]<UL><LI> startup_stm32f40_41xxx.o(RESET)
</UL>
<P><STRONG><a name="[e]"></a>FLASH_IRQHandler</STRONG> (Thumb, 0 bytes, Stack size 0 bytes, startup_stm32f40_41xxx.o(.text))
<BR>[Address Reference Count : 1]<UL><LI> startup_stm32f40_41xxx.o(RESET)
</UL>
<P><STRONG><a name="[5b]"></a>FPU_IRQHandler</STRONG> (Thumb, 0 bytes, Stack size 0 bytes, startup_stm32f40_41xxx.o(.text))
<BR>[Address Reference Count : 1]<UL><LI> startup_stm32f40_41xxx.o(RESET)
</UL>
<P><STRONG><a name="[3a]"></a>FSMC_IRQHandler</STRONG> (Thumb, 0 bytes, Stack size 0 bytes, startup_stm32f40_41xxx.o(.text))
<BR>[Address Reference Count : 1]<UL><LI> startup_stm32f40_41xxx.o(RESET)
</UL>
<P><STRONG><a name="[5a]"></a>HASH_RNG_IRQHandler</STRONG> (Thumb, 0 bytes, Stack size 0 bytes, startup_stm32f40_41xxx.o(.text))
<BR>[Address Reference Count : 1]<UL><LI> startup_stm32f40_41xxx.o(RESET)
</UL>
<P><STRONG><a name="[2a]"></a>I2C1_ER_IRQHandler</STRONG> (Thumb, 0 bytes, Stack size 0 bytes, startup_stm32f40_41xxx.o(.text))
<BR>[Address Reference Count : 1]<UL><LI> startup_stm32f40_41xxx.o(RESET)
</UL>
<P><STRONG><a name="[29]"></a>I2C1_EV_IRQHandler</STRONG> (Thumb, 0 bytes, Stack size 0 bytes, startup_stm32f40_41xxx.o(.text))
<BR>[Address Reference Count : 1]<UL><LI> startup_stm32f40_41xxx.o(RESET)
</UL>
<P><STRONG><a name="[2c]"></a>I2C2_ER_IRQHandler</STRONG> (Thumb, 0 bytes, Stack size 0 bytes, startup_stm32f40_41xxx.o(.text))
<BR>[Address Reference Count : 1]<UL><LI> startup_stm32f40_41xxx.o(RESET)
</UL>
<P><STRONG><a name="[2b]"></a>I2C2_EV_IRQHandler</STRONG> (Thumb, 0 bytes, Stack size 0 bytes, startup_stm32f40_41xxx.o(.text))
<BR>[Address Reference Count : 1]<UL><LI> startup_stm32f40_41xxx.o(RESET)
</UL>
<P><STRONG><a name="[53]"></a>I2C3_ER_IRQHandler</STRONG> (Thumb, 0 bytes, Stack size 0 bytes, startup_stm32f40_41xxx.o(.text))
<BR>[Address Reference Count : 1]<UL><LI> startup_stm32f40_41xxx.o(RESET)
</UL>
<P><STRONG><a name="[52]"></a>I2C3_EV_IRQHandler</STRONG> (Thumb, 0 bytes, Stack size 0 bytes, startup_stm32f40_41xxx.o(.text))
<BR>[Address Reference Count : 1]<UL><LI> startup_stm32f40_41xxx.o(RESET)
</UL>
<P><STRONG><a name="[4d]"></a>OTG_FS_IRQHandler</STRONG> (Thumb, 0 bytes, Stack size 0 bytes, startup_stm32f40_41xxx.o(.text))
<BR>[Address Reference Count : 1]<UL><LI> startup_stm32f40_41xxx.o(RESET)
</UL>
<P><STRONG><a name="[34]"></a>OTG_FS_WKUP_IRQHandler</STRONG> (Thumb, 0 bytes, Stack size 0 bytes, startup_stm32f40_41xxx.o(.text))
<BR>[Address Reference Count : 1]<UL><LI> startup_stm32f40_41xxx.o(RESET)
</UL>
<P><STRONG><a name="[55]"></a>OTG_HS_EP1_IN_IRQHandler</STRONG> (Thumb, 0 bytes, Stack size 0 bytes, startup_stm32f40_41xxx.o(.text))
<BR>[Address Reference Count : 1]<UL><LI> startup_stm32f40_41xxx.o(RESET)
</UL>
<P><STRONG><a name="[54]"></a>OTG_HS_EP1_OUT_IRQHandler</STRONG> (Thumb, 0 bytes, Stack size 0 bytes, startup_stm32f40_41xxx.o(.text))
<BR>[Address Reference Count : 1]<UL><LI> startup_stm32f40_41xxx.o(RESET)
</UL>
<P><STRONG><a name="[57]"></a>OTG_HS_IRQHandler</STRONG> (Thumb, 0 bytes, Stack size 0 bytes, startup_stm32f40_41xxx.o(.text))
<BR>[Address Reference Count : 1]<UL><LI> startup_stm32f40_41xxx.o(RESET)
</UL>
<P><STRONG><a name="[56]"></a>OTG_HS_WKUP_IRQHandler</STRONG> (Thumb, 0 bytes, Stack size 0 bytes, startup_stm32f40_41xxx.o(.text))
<BR>[Address Reference Count : 1]<UL><LI> startup_stm32f40_41xxx.o(RESET)
</UL>
<P><STRONG><a name="[b]"></a>PVD_IRQHandler</STRONG> (Thumb, 0 bytes, Stack size 0 bytes, startup_stm32f40_41xxx.o(.text))
<BR>[Address Reference Count : 1]<UL><LI> startup_stm32f40_41xxx.o(RESET)
</UL>
<P><STRONG><a name="[f]"></a>RCC_IRQHandler</STRONG> (Thumb, 0 bytes, Stack size 0 bytes, startup_stm32f40_41xxx.o(.text))
<BR>[Address Reference Count : 1]<UL><LI> startup_stm32f40_41xxx.o(RESET)
</UL>
<P><STRONG><a name="[33]"></a>RTC_Alarm_IRQHandler</STRONG> (Thumb, 0 bytes, Stack size 0 bytes, startup_stm32f40_41xxx.o(.text))
<BR>[Address Reference Count : 1]<UL><LI> startup_stm32f40_41xxx.o(RESET)
</UL>
<P><STRONG><a name="[d]"></a>RTC_WKUP_IRQHandler</STRONG> (Thumb, 0 bytes, Stack size 0 bytes, startup_stm32f40_41xxx.o(.text))
<BR>[Address Reference Count : 1]<UL><LI> startup_stm32f40_41xxx.o(RESET)
</UL>
<P><STRONG><a name="[3b]"></a>SDIO_IRQHandler</STRONG> (Thumb, 0 bytes, Stack size 0 bytes, startup_stm32f40_41xxx.o(.text))
<BR>[Address Reference Count : 1]<UL><LI> startup_stm32f40_41xxx.o(RESET)
</UL>
<P><STRONG><a name="[2d]"></a>SPI1_IRQHandler</STRONG> (Thumb, 0 bytes, Stack size 0 bytes, startup_stm32f40_41xxx.o(.text))
<BR>[Address Reference Count : 1]<UL><LI> startup_stm32f40_41xxx.o(RESET)
</UL>
<P><STRONG><a name="[2e]"></a>SPI2_IRQHandler</STRONG> (Thumb, 0 bytes, Stack size 0 bytes, startup_stm32f40_41xxx.o(.text))
<BR>[Address Reference Count : 1]<UL><LI> startup_stm32f40_41xxx.o(RESET)
</UL>
<P><STRONG><a name="[3d]"></a>SPI3_IRQHandler</STRONG> (Thumb, 0 bytes, Stack size 0 bytes, startup_stm32f40_41xxx.o(.text))
<BR>[Address Reference Count : 1]<UL><LI> startup_stm32f40_41xxx.o(RESET)
</UL>
<P><STRONG><a name="[c]"></a>TAMP_STAMP_IRQHandler</STRONG> (Thumb, 0 bytes, Stack size 0 bytes, startup_stm32f40_41xxx.o(.text))
<BR>[Address Reference Count : 1]<UL><LI> startup_stm32f40_41xxx.o(RESET)
</UL>
<P><STRONG><a name="[22]"></a>TIM1_BRK_TIM9_IRQHandler</STRONG> (Thumb, 0 bytes, Stack size 0 bytes, startup_stm32f40_41xxx.o(.text))
<BR>[Address Reference Count : 1]<UL><LI> startup_stm32f40_41xxx.o(RESET)
</UL>
<P><STRONG><a name="[25]"></a>TIM1_CC_IRQHandler</STRONG> (Thumb, 0 bytes, Stack size 0 bytes, startup_stm32f40_41xxx.o(.text))
<BR>[Address Reference Count : 1]<UL><LI> startup_stm32f40_41xxx.o(RESET)
</UL>
<P><STRONG><a name="[24]"></a>TIM1_TRG_COM_TIM11_IRQHandler</STRONG> (Thumb, 0 bytes, Stack size 0 bytes, startup_stm32f40_41xxx.o(.text))
<BR>[Address Reference Count : 1]<UL><LI> startup_stm32f40_41xxx.o(RESET)
</UL>
<P><STRONG><a name="[23]"></a>TIM1_UP_TIM10_IRQHandler</STRONG> (Thumb, 0 bytes, Stack size 0 bytes, startup_stm32f40_41xxx.o(.text))
<BR>[Address Reference Count : 1]<UL><LI> startup_stm32f40_41xxx.o(RESET)
</UL>
<P><STRONG><a name="[26]"></a>TIM2_IRQHandler</STRONG> (Thumb, 0 bytes, Stack size 0 bytes, startup_stm32f40_41xxx.o(.text))
<BR>[Address Reference Count : 1]<UL><LI> startup_stm32f40_41xxx.o(RESET)
</UL>
<P><STRONG><a name="[28]"></a>TIM4_IRQHandler</STRONG> (Thumb, 0 bytes, Stack size 0 bytes, startup_stm32f40_41xxx.o(.text))
<BR>[Address Reference Count : 1]<UL><LI> startup_stm32f40_41xxx.o(RESET)
</UL>
<P><STRONG><a name="[3c]"></a>TIM5_IRQHandler</STRONG> (Thumb, 0 bytes, Stack size 0 bytes, startup_stm32f40_41xxx.o(.text))
<BR>[Address Reference Count : 1]<UL><LI> startup_stm32f40_41xxx.o(RESET)
</UL>
<P><STRONG><a name="[40]"></a>TIM6_DAC_IRQHandler</STRONG> (Thumb, 0 bytes, Stack size 0 bytes, startup_stm32f40_41xxx.o(.text))
<BR>[Address Reference Count : 1]<UL><LI> startup_stm32f40_41xxx.o(RESET)
</UL>
<P><STRONG><a name="[41]"></a>TIM7_IRQHandler</STRONG> (Thumb, 0 bytes, Stack size 0 bytes, startup_stm32f40_41xxx.o(.text))
<BR>[Address Reference Count : 1]<UL><LI> startup_stm32f40_41xxx.o(RESET)
</UL>
<P><STRONG><a name="[35]"></a>TIM8_BRK_TIM12_IRQHandler</STRONG> (Thumb, 0 bytes, Stack size 0 bytes, startup_stm32f40_41xxx.o(.text))
<BR>[Address Reference Count : 1]<UL><LI> startup_stm32f40_41xxx.o(RESET)
</UL>
<P><STRONG><a name="[38]"></a>TIM8_CC_IRQHandler</STRONG> (Thumb, 0 bytes, Stack size 0 bytes, startup_stm32f40_41xxx.o(.text))
<BR>[Address Reference Count : 1]<UL><LI> startup_stm32f40_41xxx.o(RESET)
</UL>
<P><STRONG><a name="[37]"></a>TIM8_TRG_COM_TIM14_IRQHandler</STRONG> (Thumb, 0 bytes, Stack size 0 bytes, startup_stm32f40_41xxx.o(.text))
<BR>[Address Reference Count : 1]<UL><LI> startup_stm32f40_41xxx.o(RESET)
</UL>
<P><STRONG><a name="[36]"></a>TIM8_UP_TIM13_IRQHandler</STRONG> (Thumb, 0 bytes, Stack size 0 bytes, startup_stm32f40_41xxx.o(.text))
<BR>[Address Reference Count : 1]<UL><LI> startup_stm32f40_41xxx.o(RESET)
</UL>
<P><STRONG><a name="[3e]"></a>UART4_IRQHandler</STRONG> (Thumb, 0 bytes, Stack size 0 bytes, startup_stm32f40_41xxx.o(.text))
<BR>[Address Reference Count : 1]<UL><LI> startup_stm32f40_41xxx.o(RESET)
</UL>
<P><STRONG><a name="[3f]"></a>UART5_IRQHandler</STRONG> (Thumb, 0 bytes, Stack size 0 bytes, startup_stm32f40_41xxx.o(.text))
<BR>[Address Reference Count : 1]<UL><LI> startup_stm32f40_41xxx.o(RESET)
</UL>
<P><STRONG><a name="[2f]"></a>USART1_IRQHandler</STRONG> (Thumb, 0 bytes, Stack size 0 bytes, startup_stm32f40_41xxx.o(.text))
<BR>[Address Reference Count : 1]<UL><LI> startup_stm32f40_41xxx.o(RESET)
</UL>
<P><STRONG><a name="[30]"></a>USART2_IRQHandler</STRONG> (Thumb, 0 bytes, Stack size 0 bytes, startup_stm32f40_41xxx.o(.text))
<BR>[Address Reference Count : 1]<UL><LI> startup_stm32f40_41xxx.o(RESET)
</UL>
<P><STRONG><a name="[51]"></a>USART6_IRQHandler</STRONG> (Thumb, 0 bytes, Stack size 0 bytes, startup_stm32f40_41xxx.o(.text))
<BR>[Address Reference Count : 1]<UL><LI> startup_stm32f40_41xxx.o(RESET)
</UL>
<P><STRONG><a name="[a]"></a>WWDG_IRQHandler</STRONG> (Thumb, 0 bytes, Stack size 0 bytes, startup_stm32f40_41xxx.o(.text))
<BR>[Address Reference Count : 1]<UL><LI> startup_stm32f40_41xxx.o(RESET)
</UL>
<P><STRONG><a name="[63]"></a>__aeabi_memset</STRONG> (Thumb, 14 bytes, Stack size 0 bytes, memseta.o(.text), UNUSED)
<BR><BR>[Called By]<UL><LI><a href="#[64]">&gt;&gt;</a>&nbsp;&nbsp;&nbsp;_memset$wrapper
<LI><a href="#[62]">&gt;&gt;</a>&nbsp;&nbsp;&nbsp;__aeabi_memclr
</UL>

<P><STRONG><a name="[fc]"></a>__aeabi_memset4</STRONG> (Thumb, 0 bytes, Stack size 0 bytes, memseta.o(.text), UNUSED)

<P><STRONG><a name="[fd]"></a>__aeabi_memset8</STRONG> (Thumb, 0 bytes, Stack size 0 bytes, memseta.o(.text), UNUSED)

<P><STRONG><a name="[62]"></a>__aeabi_memclr</STRONG> (Thumb, 4 bytes, Stack size 0 bytes, memseta.o(.text), UNUSED)
<BR><BR>[Calls]<UL><LI><a href="#[63]">&gt;&gt;</a>&nbsp;&nbsp;&nbsp;__aeabi_memset
</UL>

<P><STRONG><a name="[e9]"></a>__aeabi_memclr4</STRONG> (Thumb, 0 bytes, Stack size 0 bytes, memseta.o(.text))
<BR><BR>[Called By]<UL><LI><a href="#[5c]">&gt;&gt;</a>&nbsp;&nbsp;&nbsp;main
</UL>

<P><STRONG><a name="[fe]"></a>__aeabi_memclr8</STRONG> (Thumb, 0 bytes, Stack size 0 bytes, memseta.o(.text), UNUSED)

<P><STRONG><a name="[64]"></a>_memset$wrapper</STRONG> (Thumb, 18 bytes, Stack size 8 bytes, memseta.o(.text), UNUSED)
<BR><BR>[Calls]<UL><LI><a href="#[63]">&gt;&gt;</a>&nbsp;&nbsp;&nbsp;__aeabi_memset
</UL>

<P><STRONG><a name="[b0]"></a>__aeabi_f2d</STRONG> (Thumb, 38 bytes, Stack size 0 bytes, f2d.o(.text))
<BR><BR>[Called By]<UL><LI><a href="#[ad]">&gt;&gt;</a>&nbsp;&nbsp;&nbsp;SI7021_measure
</UL>

<P><STRONG><a name="[ff]"></a>__aeabi_uidiv</STRONG> (Thumb, 0 bytes, Stack size 12 bytes, uidiv.o(.text), UNUSED)

<P><STRONG><a name="[d0]"></a>__aeabi_uidivmod</STRONG> (Thumb, 44 bytes, Stack size 12 bytes, uidiv.o(.text), UNUSED)
<BR><BR>[Called By]<UL><LI><a href="#[cb]">&gt;&gt;</a>&nbsp;&nbsp;&nbsp;_printf_core
</UL>

<P><STRONG><a name="[65]"></a>__aeabi_uldivmod</STRONG> (Thumb, 98 bytes, Stack size 40 bytes, uldiv.o(.text), UNUSED)
<BR><BR>[Calls]<UL><LI><a href="#[66]">&gt;&gt;</a>&nbsp;&nbsp;&nbsp;__aeabi_llsr
<LI><a href="#[67]">&gt;&gt;</a>&nbsp;&nbsp;&nbsp;__aeabi_llsl
</UL>
<BR>[Called By]<UL><LI><a href="#[cb]">&gt;&gt;</a>&nbsp;&nbsp;&nbsp;_printf_core
<LI><a href="#[cc]">&gt;&gt;</a>&nbsp;&nbsp;&nbsp;_fp_digits
</UL>

<P><STRONG><a name="[100]"></a>__I$use$fp</STRONG> (Thumb, 0 bytes, Stack size 48 bytes, iusefp.o(.text), UNUSED)

<P><STRONG><a name="[68]"></a>__aeabi_dadd</STRONG> (Thumb, 322 bytes, Stack size 48 bytes, dadd.o(.text), UNUSED)
<BR><BR>[Calls]<UL><LI><a href="#[69]">&gt;&gt;</a>&nbsp;&nbsp;&nbsp;__aeabi_lasr
<LI><a href="#[67]">&gt;&gt;</a>&nbsp;&nbsp;&nbsp;__aeabi_llsl
<LI><a href="#[6b]">&gt;&gt;</a>&nbsp;&nbsp;&nbsp;_double_round
<LI><a href="#[6a]">&gt;&gt;</a>&nbsp;&nbsp;&nbsp;_double_epilogue
</UL>
<BR>[Called By]<UL><LI><a href="#[6d]">&gt;&gt;</a>&nbsp;&nbsp;&nbsp;__aeabi_drsub
<LI><a href="#[6c]">&gt;&gt;</a>&nbsp;&nbsp;&nbsp;__aeabi_dsub
<LI><a href="#[cc]">&gt;&gt;</a>&nbsp;&nbsp;&nbsp;_fp_digits
</UL>

<P><STRONG><a name="[6c]"></a>__aeabi_dsub</STRONG> (Thumb, 6 bytes, Stack size 0 bytes, dadd.o(.text), UNUSED)
<BR><BR>[Calls]<UL><LI><a href="#[68]">&gt;&gt;</a>&nbsp;&nbsp;&nbsp;__aeabi_dadd
</UL>

<P><STRONG><a name="[6d]"></a>__aeabi_drsub</STRONG> (Thumb, 6 bytes, Stack size 0 bytes, dadd.o(.text), UNUSED)
<BR><BR>[Calls]<UL><LI><a href="#[68]">&gt;&gt;</a>&nbsp;&nbsp;&nbsp;__aeabi_dadd
</UL>

<P><STRONG><a name="[6e]"></a>__aeabi_dmul</STRONG> (Thumb, 228 bytes, Stack size 48 bytes, dmul.o(.text), UNUSED)
<BR><BR>[Calls]<UL><LI><a href="#[6a]">&gt;&gt;</a>&nbsp;&nbsp;&nbsp;_double_epilogue
</UL>
<BR>[Called By]<UL><LI><a href="#[cc]">&gt;&gt;</a>&nbsp;&nbsp;&nbsp;_fp_digits
</UL>

<P><STRONG><a name="[6f]"></a>__aeabi_ddiv</STRONG> (Thumb, 222 bytes, Stack size 32 bytes, ddiv.o(.text), UNUSED)
<BR><BR>[Calls]<UL><LI><a href="#[6b]">&gt;&gt;</a>&nbsp;&nbsp;&nbsp;_double_round
</UL>
<BR>[Called By]<UL><LI><a href="#[cc]">&gt;&gt;</a>&nbsp;&nbsp;&nbsp;_fp_digits
</UL>

<P><STRONG><a name="[70]"></a>__aeabi_d2ulz</STRONG> (Thumb, 48 bytes, Stack size 0 bytes, dfixul.o(.text), UNUSED)
<BR><BR>[Calls]<UL><LI><a href="#[66]">&gt;&gt;</a>&nbsp;&nbsp;&nbsp;__aeabi_llsr
<LI><a href="#[67]">&gt;&gt;</a>&nbsp;&nbsp;&nbsp;__aeabi_llsl
</UL>
<BR>[Called By]<UL><LI><a href="#[cc]">&gt;&gt;</a>&nbsp;&nbsp;&nbsp;_fp_digits
</UL>

<P><STRONG><a name="[cd]"></a>__aeabi_cdrcmple</STRONG> (Thumb, 48 bytes, Stack size 0 bytes, cdrcmple.o(.text), UNUSED)
<BR><BR>[Called By]<UL><LI><a href="#[cc]">&gt;&gt;</a>&nbsp;&nbsp;&nbsp;_fp_digits
</UL>

<P><STRONG><a name="[61]"></a>__scatterload</STRONG> (Thumb, 28 bytes, Stack size 0 bytes, init.o(.text))
<BR><BR>[Calls]<UL><LI><a href="#[71]">&gt;&gt;</a>&nbsp;&nbsp;&nbsp;__main_after_scatterload
</UL>
<BR>[Called By]<UL><LI><a href="#[60]">&gt;&gt;</a>&nbsp;&nbsp;&nbsp;_main_scatterload
</UL>

<P><STRONG><a name="[101]"></a>__scatterload_rt2</STRONG> (Thumb, 0 bytes, Stack size 0 bytes, init.o(.text), UNUSED)

<P><STRONG><a name="[67]"></a>__aeabi_llsl</STRONG> (Thumb, 30 bytes, Stack size 0 bytes, llshl.o(.text), UNUSED)
<BR><BR>[Called By]<UL><LI><a href="#[6a]">&gt;&gt;</a>&nbsp;&nbsp;&nbsp;_double_epilogue
<LI><a href="#[65]">&gt;&gt;</a>&nbsp;&nbsp;&nbsp;__aeabi_uldivmod
<LI><a href="#[68]">&gt;&gt;</a>&nbsp;&nbsp;&nbsp;__aeabi_dadd
<LI><a href="#[70]">&gt;&gt;</a>&nbsp;&nbsp;&nbsp;__aeabi_d2ulz
</UL>

<P><STRONG><a name="[102]"></a>_ll_shift_l</STRONG> (Thumb, 0 bytes, Stack size 0 bytes, llshl.o(.text), UNUSED)

<P><STRONG><a name="[66]"></a>__aeabi_llsr</STRONG> (Thumb, 32 bytes, Stack size 0 bytes, llushr.o(.text), UNUSED)
<BR><BR>[Called By]<UL><LI><a href="#[6a]">&gt;&gt;</a>&nbsp;&nbsp;&nbsp;_double_epilogue
<LI><a href="#[65]">&gt;&gt;</a>&nbsp;&nbsp;&nbsp;__aeabi_uldivmod
<LI><a href="#[70]">&gt;&gt;</a>&nbsp;&nbsp;&nbsp;__aeabi_d2ulz
</UL>

<P><STRONG><a name="[103]"></a>_ll_ushift_r</STRONG> (Thumb, 0 bytes, Stack size 0 bytes, llushr.o(.text), UNUSED)

<P><STRONG><a name="[69]"></a>__aeabi_lasr</STRONG> (Thumb, 36 bytes, Stack size 0 bytes, llsshr.o(.text), UNUSED)
<BR><BR>[Called By]<UL><LI><a href="#[68]">&gt;&gt;</a>&nbsp;&nbsp;&nbsp;__aeabi_dadd
</UL>

<P><STRONG><a name="[104]"></a>_ll_sshift_r</STRONG> (Thumb, 0 bytes, Stack size 0 bytes, llsshr.o(.text), UNUSED)

<P><STRONG><a name="[6b]"></a>_double_round</STRONG> (Thumb, 30 bytes, Stack size 8 bytes, depilogue.o(.text), UNUSED)
<BR><BR>[Called By]<UL><LI><a href="#[6a]">&gt;&gt;</a>&nbsp;&nbsp;&nbsp;_double_epilogue
<LI><a href="#[6f]">&gt;&gt;</a>&nbsp;&nbsp;&nbsp;__aeabi_ddiv
<LI><a href="#[68]">&gt;&gt;</a>&nbsp;&nbsp;&nbsp;__aeabi_dadd
</UL>

<P><STRONG><a name="[6a]"></a>_double_epilogue</STRONG> (Thumb, 156 bytes, Stack size 32 bytes, depilogue.o(.text), UNUSED)
<BR><BR>[Calls]<UL><LI><a href="#[66]">&gt;&gt;</a>&nbsp;&nbsp;&nbsp;__aeabi_llsr
<LI><a href="#[67]">&gt;&gt;</a>&nbsp;&nbsp;&nbsp;__aeabi_llsl
<LI><a href="#[6b]">&gt;&gt;</a>&nbsp;&nbsp;&nbsp;_double_round
</UL>
<BR>[Called By]<UL><LI><a href="#[6e]">&gt;&gt;</a>&nbsp;&nbsp;&nbsp;__aeabi_dmul
<LI><a href="#[68]">&gt;&gt;</a>&nbsp;&nbsp;&nbsp;__aeabi_dadd
</UL>

<P><STRONG><a name="[4]"></a>BusFault_Handler</STRONG> (Thumb, 4 bytes, Stack size 0 bytes, stm32f4xx_it.o(i.BusFault_Handler))
<BR>[Address Reference Count : 1]<UL><LI> startup_stm32f40_41xxx.o(RESET)
</UL>
<P><STRONG><a name="[7]"></a>DebugMon_Handler</STRONG> (Thumb, 2 bytes, Stack size 0 bytes, stm32f4xx_it.o(i.DebugMon_Handler))
<BR>[Address Reference Count : 1]<UL><LI> startup_stm32f40_41xxx.o(RESET)
</UL>
<P><STRONG><a name="[c0]"></a>Delay_Configuration</STRONG> (Thumb, 22 bytes, Stack size 0 bytes, sys_delay.o(i.Delay_Configuration))
<BR><BR>[Called By]<UL><LI><a href="#[be]">&gt;&gt;</a>&nbsp;&nbsp;&nbsp;Sys_Config
</UL>

<P><STRONG><a name="[bb]"></a>FLASH_DataCacheCmd</STRONG> (Thumb, 30 bytes, Stack size 0 bytes, stm32f4xx_flash.o(i.FLASH_DataCacheCmd))
<BR><BR>[Called By]<UL><LI><a href="#[b9]">&gt;&gt;</a>&nbsp;&nbsp;&nbsp;STMFLASH_Write
</UL>

<P><STRONG><a name="[72]"></a>FLASH_EraseSector</STRONG> (Thumb, 130 bytes, Stack size 16 bytes, stm32f4xx_flash.o(i.FLASH_EraseSector))
<BR><BR>[Stack]<UL><LI>Max Depth = 24<LI>Call Chain = FLASH_EraseSector &rArr; FLASH_WaitForLastOperation
</UL>
<BR>[Calls]<UL><LI><a href="#[73]">&gt;&gt;</a>&nbsp;&nbsp;&nbsp;FLASH_WaitForLastOperation
</UL>
<BR>[Called By]<UL><LI><a href="#[b9]">&gt;&gt;</a>&nbsp;&nbsp;&nbsp;STMFLASH_Write
</UL>

<P><STRONG><a name="[75]"></a>FLASH_GetStatus</STRONG> (Thumb, 80 bytes, Stack size 0 bytes, stm32f4xx_flash.o(i.FLASH_GetStatus))
<BR><BR>[Called By]<UL><LI><a href="#[73]">&gt;&gt;</a>&nbsp;&nbsp;&nbsp;FLASH_WaitForLastOperation
</UL>

<P><STRONG><a name="[bd]"></a>FLASH_Lock</STRONG> (Thumb, 14 bytes, Stack size 0 bytes, stm32f4xx_flash.o(i.FLASH_Lock))
<BR><BR>[Called By]<UL><LI><a href="#[b9]">&gt;&gt;</a>&nbsp;&nbsp;&nbsp;STMFLASH_Write
</UL>

<P><STRONG><a name="[74]"></a>FLASH_ProgramWord</STRONG> (Thumb, 74 bytes, Stack size 12 bytes, stm32f4xx_flash.o(i.FLASH_ProgramWord))
<BR><BR>[Stack]<UL><LI>Max Depth = 20<LI>Call Chain = FLASH_ProgramWord &rArr; FLASH_WaitForLastOperation
</UL>
<BR>[Calls]<UL><LI><a href="#[73]">&gt;&gt;</a>&nbsp;&nbsp;&nbsp;FLASH_WaitForLastOperation
</UL>
<BR>[Called By]<UL><LI><a href="#[b9]">&gt;&gt;</a>&nbsp;&nbsp;&nbsp;STMFLASH_Write
</UL>

<P><STRONG><a name="[ba]"></a>FLASH_Unlock</STRONG> (Thumb, 24 bytes, Stack size 0 bytes, stm32f4xx_flash.o(i.FLASH_Unlock))
<BR><BR>[Called By]<UL><LI><a href="#[b9]">&gt;&gt;</a>&nbsp;&nbsp;&nbsp;STMFLASH_Write
</UL>

<P><STRONG><a name="[73]"></a>FLASH_WaitForLastOperation</STRONG> (Thumb, 34 bytes, Stack size 8 bytes, stm32f4xx_flash.o(i.FLASH_WaitForLastOperation))
<BR><BR>[Stack]<UL><LI>Max Depth = 8<LI>Call Chain = FLASH_WaitForLastOperation
</UL>
<BR>[Calls]<UL><LI><a href="#[75]">&gt;&gt;</a>&nbsp;&nbsp;&nbsp;FLASH_GetStatus
</UL>
<BR>[Called By]<UL><LI><a href="#[74]">&gt;&gt;</a>&nbsp;&nbsp;&nbsp;FLASH_ProgramWord
<LI><a href="#[72]">&gt;&gt;</a>&nbsp;&nbsp;&nbsp;FLASH_EraseSector
</UL>

<P><STRONG><a name="[78]"></a>GPIO_Init</STRONG> (Thumb, 144 bytes, Stack size 20 bytes, stm32f4xx_gpio.o(i.GPIO_Init))
<BR><BR>[Stack]<UL><LI>Max Depth = 20<LI>Call Chain = GPIO_Init
</UL>
<BR>[Called By]<UL><LI><a href="#[b5]">&gt;&gt;</a>&nbsp;&nbsp;&nbsp;SI_IO_Init
<LI><a href="#[7e]">&gt;&gt;</a>&nbsp;&nbsp;&nbsp;NET_DEVICE_IO_Init
<LI><a href="#[84]">&gt;&gt;</a>&nbsp;&nbsp;&nbsp;NET_USART_Init
<LI><a href="#[76]">&gt;&gt;</a>&nbsp;&nbsp;&nbsp;GPIO_Configuration
<LI><a href="#[98]">&gt;&gt;</a>&nbsp;&nbsp;&nbsp;OLED_IO_Init
</UL>

<P><STRONG><a name="[7a]"></a>GPIO_PinAFConfig</STRONG> (Thumb, 70 bytes, Stack size 20 bytes, stm32f4xx_gpio.o(i.GPIO_PinAFConfig))
<BR><BR>[Stack]<UL><LI>Max Depth = 20<LI>Call Chain = GPIO_PinAFConfig
</UL>
<BR>[Called By]<UL><LI><a href="#[84]">&gt;&gt;</a>&nbsp;&nbsp;&nbsp;NET_USART_Init
<LI><a href="#[76]">&gt;&gt;</a>&nbsp;&nbsp;&nbsp;GPIO_Configuration
</UL>

<P><STRONG><a name="[b6]"></a>GPIO_ReadInputDataBit</STRONG> (Thumb, 18 bytes, Stack size 0 bytes, stm32f4xx_gpio.o(i.GPIO_ReadInputDataBit))
<BR><BR>[Called By]<UL><LI><a href="#[b3]">&gt;&gt;</a>&nbsp;&nbsp;&nbsp;Slave_acknowledge
<LI><a href="#[b4]">&gt;&gt;</a>&nbsp;&nbsp;&nbsp;SI_R_Byte
</UL>

<P><STRONG><a name="[7c]"></a>GPIO_ResetBits</STRONG> (Thumb, 4 bytes, Stack size 0 bytes, stm32f4xx_gpio.o(i.GPIO_ResetBits))
<BR><BR>[Called By]<UL><LI><a href="#[99]">&gt;&gt;</a>&nbsp;&nbsp;&nbsp;OLED_Init
<LI><a href="#[b3]">&gt;&gt;</a>&nbsp;&nbsp;&nbsp;Slave_acknowledge
<LI><a href="#[ae]">&gt;&gt;</a>&nbsp;&nbsp;&nbsp;SI_stop
<LI><a href="#[b1]">&gt;&gt;</a>&nbsp;&nbsp;&nbsp;SI_start
<LI><a href="#[b2]">&gt;&gt;</a>&nbsp;&nbsp;&nbsp;SI_W_Byte
<LI><a href="#[b4]">&gt;&gt;</a>&nbsp;&nbsp;&nbsp;SI_R_Byte
<LI><a href="#[95]">&gt;&gt;</a>&nbsp;&nbsp;&nbsp;No_ack
<LI><a href="#[7b]">&gt;&gt;</a>&nbsp;&nbsp;&nbsp;Master_acknowledge
<LI><a href="#[27]">&gt;&gt;</a>&nbsp;&nbsp;&nbsp;TIM3_IRQHandler
<LI><a href="#[80]">&gt;&gt;</a>&nbsp;&nbsp;&nbsp;NET_DEVICE_Reset
<LI><a href="#[e0]">&gt;&gt;</a>&nbsp;&nbsp;&nbsp;dp_download_power_handle
<LI><a href="#[e3]">&gt;&gt;</a>&nbsp;&nbsp;&nbsp;dp_download_light_handle
<LI><a href="#[97]">&gt;&gt;</a>&nbsp;&nbsp;&nbsp;OLED_WR_Byte
</UL>

<P><STRONG><a name="[79]"></a>GPIO_SetBits</STRONG> (Thumb, 4 bytes, Stack size 0 bytes, stm32f4xx_gpio.o(i.GPIO_SetBits))
<BR><BR>[Called By]<UL><LI><a href="#[b5]">&gt;&gt;</a>&nbsp;&nbsp;&nbsp;SI_IO_Init
<LI><a href="#[99]">&gt;&gt;</a>&nbsp;&nbsp;&nbsp;OLED_Init
<LI><a href="#[7e]">&gt;&gt;</a>&nbsp;&nbsp;&nbsp;NET_DEVICE_IO_Init
<LI><a href="#[b3]">&gt;&gt;</a>&nbsp;&nbsp;&nbsp;Slave_acknowledge
<LI><a href="#[ae]">&gt;&gt;</a>&nbsp;&nbsp;&nbsp;SI_stop
<LI><a href="#[b1]">&gt;&gt;</a>&nbsp;&nbsp;&nbsp;SI_start
<LI><a href="#[b2]">&gt;&gt;</a>&nbsp;&nbsp;&nbsp;SI_W_Byte
<LI><a href="#[b4]">&gt;&gt;</a>&nbsp;&nbsp;&nbsp;SI_R_Byte
<LI><a href="#[95]">&gt;&gt;</a>&nbsp;&nbsp;&nbsp;No_ack
<LI><a href="#[7b]">&gt;&gt;</a>&nbsp;&nbsp;&nbsp;Master_acknowledge
<LI><a href="#[27]">&gt;&gt;</a>&nbsp;&nbsp;&nbsp;TIM3_IRQHandler
<LI><a href="#[80]">&gt;&gt;</a>&nbsp;&nbsp;&nbsp;NET_DEVICE_Reset
<LI><a href="#[e0]">&gt;&gt;</a>&nbsp;&nbsp;&nbsp;dp_download_power_handle
<LI><a href="#[e3]">&gt;&gt;</a>&nbsp;&nbsp;&nbsp;dp_download_light_handle
<LI><a href="#[76]">&gt;&gt;</a>&nbsp;&nbsp;&nbsp;GPIO_Configuration
<LI><a href="#[97]">&gt;&gt;</a>&nbsp;&nbsp;&nbsp;OLED_WR_Byte
<LI><a href="#[98]">&gt;&gt;</a>&nbsp;&nbsp;&nbsp;OLED_IO_Init
</UL>

<P><STRONG><a name="[c2]"></a>GPIO_ToggleBits</STRONG> (Thumb, 8 bytes, Stack size 0 bytes, stm32f4xx_gpio.o(i.GPIO_ToggleBits))
<BR><BR>[Called By]<UL><LI><a href="#[27]">&gt;&gt;</a>&nbsp;&nbsp;&nbsp;TIM3_IRQHandler
</UL>

<P><STRONG><a name="[2]"></a>HardFault_Handler</STRONG> (Thumb, 4 bytes, Stack size 0 bytes, stm32f4xx_it.o(i.HardFault_Handler))
<BR>[Address Reference Count : 1]<UL><LI> startup_stm32f40_41xxx.o(RESET)
</UL>
<P><STRONG><a name="[7b]"></a>Master_acknowledge</STRONG> (Thumb, 82 bytes, Stack size 8 bytes, si7021.o(i.Master_acknowledge))
<BR><BR>[Stack]<UL><LI>Max Depth = 16<LI>Call Chain = Master_acknowledge &rArr; delay_us
</UL>
<BR>[Calls]<UL><LI><a href="#[79]">&gt;&gt;</a>&nbsp;&nbsp;&nbsp;GPIO_SetBits
<LI><a href="#[7c]">&gt;&gt;</a>&nbsp;&nbsp;&nbsp;GPIO_ResetBits
<LI><a href="#[7d]">&gt;&gt;</a>&nbsp;&nbsp;&nbsp;delay_us
</UL>
<BR>[Called By]<UL><LI><a href="#[af]">&gt;&gt;</a>&nbsp;&nbsp;&nbsp;SI70XX_Sensor_Measure
</UL>

<P><STRONG><a name="[3]"></a>MemManage_Handler</STRONG> (Thumb, 4 bytes, Stack size 0 bytes, stm32f4xx_it.o(i.MemManage_Handler))
<BR>[Address Reference Count : 1]<UL><LI> startup_stm32f40_41xxx.o(RESET)
</UL>
<P><STRONG><a name="[7e]"></a>NET_DEVICE_IO_Init</STRONG> (Thumb, 114 bytes, Stack size 16 bytes, net_device.o(i.NET_DEVICE_IO_Init))
<BR><BR>[Stack]<UL><LI>Max Depth = 124<LI>Call Chain = NET_DEVICE_IO_Init &rArr; NET_IO_Init &rArr; NET_USART_Init &rArr; USART_Init &rArr; RCC_GetClocksFreq
</UL>
<BR>[Calls]<UL><LI><a href="#[79]">&gt;&gt;</a>&nbsp;&nbsp;&nbsp;GPIO_SetBits
<LI><a href="#[78]">&gt;&gt;</a>&nbsp;&nbsp;&nbsp;GPIO_Init
<LI><a href="#[77]">&gt;&gt;</a>&nbsp;&nbsp;&nbsp;RCC_AHB1PeriphClockCmd
<LI><a href="#[81]">&gt;&gt;</a>&nbsp;&nbsp;&nbsp;NET_Timer_Init
<LI><a href="#[7f]">&gt;&gt;</a>&nbsp;&nbsp;&nbsp;NET_IO_Init
<LI><a href="#[80]">&gt;&gt;</a>&nbsp;&nbsp;&nbsp;NET_DEVICE_Reset
</UL>
<BR>[Called By]<UL><LI><a href="#[5c]">&gt;&gt;</a>&nbsp;&nbsp;&nbsp;main
</UL>

<P><STRONG><a name="[80]"></a>NET_DEVICE_Reset</STRONG> (Thumb, 44 bytes, Stack size 8 bytes, net_device.o(i.NET_DEVICE_Reset))
<BR><BR>[Stack]<UL><LI>Max Depth = 32<LI>Call Chain = NET_DEVICE_Reset &rArr; __2printf
</UL>
<BR>[Calls]<UL><LI><a href="#[79]">&gt;&gt;</a>&nbsp;&nbsp;&nbsp;GPIO_SetBits
<LI><a href="#[7c]">&gt;&gt;</a>&nbsp;&nbsp;&nbsp;GPIO_ResetBits
<LI><a href="#[83]">&gt;&gt;</a>&nbsp;&nbsp;&nbsp;delay_ms
<LI><a href="#[82]">&gt;&gt;</a>&nbsp;&nbsp;&nbsp;__2printf
</UL>
<BR>[Called By]<UL><LI><a href="#[7e]">&gt;&gt;</a>&nbsp;&nbsp;&nbsp;NET_DEVICE_IO_Init
</UL>

<P><STRONG><a name="[c7]"></a>NET_IO_AddTag2End</STRONG> (Thumb, 80 bytes, Stack size 8 bytes, net_io.o(i.NET_IO_AddTag2End))
<BR><BR>[Stack]<UL><LI>Max Depth = 8<LI>Call Chain = NET_IO_AddTag2End
</UL>
<BR>[Called By]<UL><LI><a href="#[31]">&gt;&gt;</a>&nbsp;&nbsp;&nbsp;USART3_IRQHandler
</UL>

<P><STRONG><a name="[7f]"></a>NET_IO_Init</STRONG> (Thumb, 8 bytes, Stack size 8 bytes, net_io.o(i.NET_IO_Init))
<BR><BR>[Stack]<UL><LI>Max Depth = 108<LI>Call Chain = NET_IO_Init &rArr; NET_USART_Init &rArr; USART_Init &rArr; RCC_GetClocksFreq
</UL>
<BR>[Calls]<UL><LI><a href="#[84]">&gt;&gt;</a>&nbsp;&nbsp;&nbsp;NET_USART_Init
</UL>
<BR>[Called By]<UL><LI><a href="#[7e]">&gt;&gt;</a>&nbsp;&nbsp;&nbsp;NET_DEVICE_IO_Init
</UL>

<P><STRONG><a name="[85]"></a>NET_IO_Send</STRONG> (Thumb, 44 bytes, Stack size 16 bytes, net_io.o(i.NET_IO_Send))
<BR><BR>[Stack]<UL><LI>Max Depth = 16<LI>Call Chain = NET_IO_Send
</UL>
<BR>[Calls]<UL><LI><a href="#[86]">&gt;&gt;</a>&nbsp;&nbsp;&nbsp;USART_SendData
<LI><a href="#[87]">&gt;&gt;</a>&nbsp;&nbsp;&nbsp;USART_GetFlagStatus
</UL>
<BR>[Called By]<UL><LI><a href="#[f1]">&gt;&gt;</a>&nbsp;&nbsp;&nbsp;uart_transmit_output
</UL>

<P><STRONG><a name="[81]"></a>NET_Timer_Init</STRONG> (Thumb, 118 bytes, Stack size 24 bytes, net_io.o(i.NET_Timer_Init))
<BR><BR>[Stack]<UL><LI>Max Depth = 40<LI>Call Chain = NET_Timer_Init &rArr; NVIC_Init
</UL>
<BR>[Calls]<UL><LI><a href="#[88]">&gt;&gt;</a>&nbsp;&nbsp;&nbsp;NVIC_PriorityGroupConfig
<LI><a href="#[8a]">&gt;&gt;</a>&nbsp;&nbsp;&nbsp;NVIC_Init
<LI><a href="#[89]">&gt;&gt;</a>&nbsp;&nbsp;&nbsp;RCC_APB1PeriphClockCmd
<LI><a href="#[8c]">&gt;&gt;</a>&nbsp;&nbsp;&nbsp;TIM_TimeBaseInit
<LI><a href="#[8e]">&gt;&gt;</a>&nbsp;&nbsp;&nbsp;TIM_ITConfig
<LI><a href="#[8b]">&gt;&gt;</a>&nbsp;&nbsp;&nbsp;TIM_DeInit
<LI><a href="#[8f]">&gt;&gt;</a>&nbsp;&nbsp;&nbsp;TIM_Cmd
<LI><a href="#[8d]">&gt;&gt;</a>&nbsp;&nbsp;&nbsp;TIM_ClearFlag
</UL>
<BR>[Called By]<UL><LI><a href="#[7e]">&gt;&gt;</a>&nbsp;&nbsp;&nbsp;NET_DEVICE_IO_Init
</UL>

<P><STRONG><a name="[84]"></a>NET_USART_Init</STRONG> (Thumb, 186 bytes, Stack size 32 bytes, net_io.o(i.NET_USART_Init))
<BR><BR>[Stack]<UL><LI>Max Depth = 100<LI>Call Chain = NET_USART_Init &rArr; USART_Init &rArr; RCC_GetClocksFreq
</UL>
<BR>[Calls]<UL><LI><a href="#[88]">&gt;&gt;</a>&nbsp;&nbsp;&nbsp;NVIC_PriorityGroupConfig
<LI><a href="#[8a]">&gt;&gt;</a>&nbsp;&nbsp;&nbsp;NVIC_Init
<LI><a href="#[7a]">&gt;&gt;</a>&nbsp;&nbsp;&nbsp;GPIO_PinAFConfig
<LI><a href="#[78]">&gt;&gt;</a>&nbsp;&nbsp;&nbsp;GPIO_Init
<LI><a href="#[89]">&gt;&gt;</a>&nbsp;&nbsp;&nbsp;RCC_APB1PeriphClockCmd
<LI><a href="#[77]">&gt;&gt;</a>&nbsp;&nbsp;&nbsp;RCC_AHB1PeriphClockCmd
<LI><a href="#[90]">&gt;&gt;</a>&nbsp;&nbsp;&nbsp;USART_Init
<LI><a href="#[92]">&gt;&gt;</a>&nbsp;&nbsp;&nbsp;USART_ITConfig
<LI><a href="#[91]">&gt;&gt;</a>&nbsp;&nbsp;&nbsp;USART_Cmd
</UL>
<BR>[Called By]<UL><LI><a href="#[7f]">&gt;&gt;</a>&nbsp;&nbsp;&nbsp;NET_IO_Init
</UL>

<P><STRONG><a name="[1]"></a>NMI_Handler</STRONG> (Thumb, 2 bytes, Stack size 0 bytes, stm32f4xx_it.o(i.NMI_Handler))
<BR>[Address Reference Count : 1]<UL><LI> startup_stm32f40_41xxx.o(RESET)
</UL>
<P><STRONG><a name="[8a]"></a>NVIC_Init</STRONG> (Thumb, 106 bytes, Stack size 16 bytes, misc.o(i.NVIC_Init))
<BR><BR>[Stack]<UL><LI>Max Depth = 16<LI>Call Chain = NVIC_Init
</UL>
<BR>[Called By]<UL><LI><a href="#[84]">&gt;&gt;</a>&nbsp;&nbsp;&nbsp;NET_USART_Init
<LI><a href="#[81]">&gt;&gt;</a>&nbsp;&nbsp;&nbsp;NET_Timer_Init
</UL>

<P><STRONG><a name="[88]"></a>NVIC_PriorityGroupConfig</STRONG> (Thumb, 10 bytes, Stack size 0 bytes, misc.o(i.NVIC_PriorityGroupConfig))
<BR><BR>[Called By]<UL><LI><a href="#[84]">&gt;&gt;</a>&nbsp;&nbsp;&nbsp;NET_USART_Init
<LI><a href="#[81]">&gt;&gt;</a>&nbsp;&nbsp;&nbsp;NET_Timer_Init
</UL>

<P><STRONG><a name="[94]"></a>NVIC_SetVectorTable</STRONG> (Thumb, 12 bytes, Stack size 0 bytes, misc.o(i.NVIC_SetVectorTable))
<BR><BR>[Called By]<UL><LI><a href="#[93]">&gt;&gt;</a>&nbsp;&nbsp;&nbsp;NVIC_Configuration
</UL>

<P><STRONG><a name="[95]"></a>No_ack</STRONG> (Thumb, 70 bytes, Stack size 8 bytes, si7021.o(i.No_ack))
<BR><BR>[Stack]<UL><LI>Max Depth = 16<LI>Call Chain = No_ack &rArr; delay_us
</UL>
<BR>[Calls]<UL><LI><a href="#[79]">&gt;&gt;</a>&nbsp;&nbsp;&nbsp;GPIO_SetBits
<LI><a href="#[7c]">&gt;&gt;</a>&nbsp;&nbsp;&nbsp;GPIO_ResetBits
<LI><a href="#[7d]">&gt;&gt;</a>&nbsp;&nbsp;&nbsp;delay_us
</UL>
<BR>[Called By]<UL><LI><a href="#[af]">&gt;&gt;</a>&nbsp;&nbsp;&nbsp;SI70XX_Sensor_Measure
</UL>

<P><STRONG><a name="[96]"></a>OLED_Clear</STRONG> (Thumb, 64 bytes, Stack size 16 bytes, oled.o(i.OLED_Clear))
<BR><BR>[Stack]<UL><LI>Max Depth = 32<LI>Call Chain = OLED_Clear &rArr; OLED_WR_Byte
</UL>
<BR>[Calls]<UL><LI><a href="#[97]">&gt;&gt;</a>&nbsp;&nbsp;&nbsp;OLED_WR_Byte
</UL>
<BR>[Called By]<UL><LI><a href="#[99]">&gt;&gt;</a>&nbsp;&nbsp;&nbsp;OLED_Init
</UL>

<P><STRONG><a name="[98]"></a>OLED_IO_Init</STRONG> (Thumb, 108 bytes, Stack size 16 bytes, oled.o(i.OLED_IO_Init))
<BR><BR>[Stack]<UL><LI>Max Depth = 36<LI>Call Chain = OLED_IO_Init &rArr; GPIO_Init
</UL>
<BR>[Calls]<UL><LI><a href="#[79]">&gt;&gt;</a>&nbsp;&nbsp;&nbsp;GPIO_SetBits
<LI><a href="#[78]">&gt;&gt;</a>&nbsp;&nbsp;&nbsp;GPIO_Init
<LI><a href="#[77]">&gt;&gt;</a>&nbsp;&nbsp;&nbsp;RCC_AHB1PeriphClockCmd
</UL>
<BR>[Called By]<UL><LI><a href="#[99]">&gt;&gt;</a>&nbsp;&nbsp;&nbsp;OLED_Init
</UL>

<P><STRONG><a name="[99]"></a>OLED_Init</STRONG> (Thumb, 308 bytes, Stack size 8 bytes, oled.o(i.OLED_Init))
<BR><BR>[Stack]<UL><LI>Max Depth = 128<LI>Call Chain = OLED_Init &rArr; oled_tuya_dis &rArr; OLED_ShowNum &rArr; OLED_ShowChar &rArr; OLED_Set_Pos &rArr; OLED_WR_Byte
</UL>
<BR>[Calls]<UL><LI><a href="#[79]">&gt;&gt;</a>&nbsp;&nbsp;&nbsp;GPIO_SetBits
<LI><a href="#[7c]">&gt;&gt;</a>&nbsp;&nbsp;&nbsp;GPIO_ResetBits
<LI><a href="#[9c]">&gt;&gt;</a>&nbsp;&nbsp;&nbsp;oled_tuya_dis
<LI><a href="#[83]">&gt;&gt;</a>&nbsp;&nbsp;&nbsp;delay_ms
<LI><a href="#[9b]">&gt;&gt;</a>&nbsp;&nbsp;&nbsp;OLED_display
<LI><a href="#[97]">&gt;&gt;</a>&nbsp;&nbsp;&nbsp;OLED_WR_Byte
<LI><a href="#[9a]">&gt;&gt;</a>&nbsp;&nbsp;&nbsp;OLED_Set_Pos
<LI><a href="#[98]">&gt;&gt;</a>&nbsp;&nbsp;&nbsp;OLED_IO_Init
<LI><a href="#[96]">&gt;&gt;</a>&nbsp;&nbsp;&nbsp;OLED_Clear
</UL>
<BR>[Called By]<UL><LI><a href="#[5c]">&gt;&gt;</a>&nbsp;&nbsp;&nbsp;main
</UL>

<P><STRONG><a name="[9a]"></a>OLED_Set_Pos</STRONG> (Thumb, 46 bytes, Stack size 16 bytes, oled.o(i.OLED_Set_Pos))
<BR><BR>[Stack]<UL><LI>Max Depth = 32<LI>Call Chain = OLED_Set_Pos &rArr; OLED_WR_Byte
</UL>
<BR>[Calls]<UL><LI><a href="#[97]">&gt;&gt;</a>&nbsp;&nbsp;&nbsp;OLED_WR_Byte
</UL>
<BR>[Called By]<UL><LI><a href="#[99]">&gt;&gt;</a>&nbsp;&nbsp;&nbsp;OLED_Init
<LI><a href="#[9d]">&gt;&gt;</a>&nbsp;&nbsp;&nbsp;OLED_ShowChar
</UL>

<P><STRONG><a name="[9d]"></a>OLED_ShowChar</STRONG> (Thumb, 106 bytes, Stack size 24 bytes, oled.o(i.OLED_ShowChar))
<BR><BR>[Stack]<UL><LI>Max Depth = 56<LI>Call Chain = OLED_ShowChar &rArr; OLED_Set_Pos &rArr; OLED_WR_Byte
</UL>
<BR>[Calls]<UL><LI><a href="#[97]">&gt;&gt;</a>&nbsp;&nbsp;&nbsp;OLED_WR_Byte
<LI><a href="#[9a]">&gt;&gt;</a>&nbsp;&nbsp;&nbsp;OLED_Set_Pos
</UL>
<BR>[Called By]<UL><LI><a href="#[a0]">&gt;&gt;</a>&nbsp;&nbsp;&nbsp;OLED_ShowString
<LI><a href="#[9e]">&gt;&gt;</a>&nbsp;&nbsp;&nbsp;OLED_ShowNum
</UL>

<P><STRONG><a name="[9e]"></a>OLED_ShowNum</STRONG> (Thumb, 132 bytes, Stack size 56 bytes, oled.o(i.OLED_ShowNum))
<BR><BR>[Stack]<UL><LI>Max Depth = 112<LI>Call Chain = OLED_ShowNum &rArr; OLED_ShowChar &rArr; OLED_Set_Pos &rArr; OLED_WR_Byte
</UL>
<BR>[Calls]<UL><LI><a href="#[9f]">&gt;&gt;</a>&nbsp;&nbsp;&nbsp;oled_pow
<LI><a href="#[9d]">&gt;&gt;</a>&nbsp;&nbsp;&nbsp;OLED_ShowChar
</UL>
<BR>[Called By]<UL><LI><a href="#[9c]">&gt;&gt;</a>&nbsp;&nbsp;&nbsp;oled_tuya_dis
</UL>

<P><STRONG><a name="[a0]"></a>OLED_ShowString</STRONG> (Thumb, 54 bytes, Stack size 24 bytes, oled.o(i.OLED_ShowString))
<BR><BR>[Stack]<UL><LI>Max Depth = 80<LI>Call Chain = OLED_ShowString &rArr; OLED_ShowChar &rArr; OLED_Set_Pos &rArr; OLED_WR_Byte
</UL>
<BR>[Calls]<UL><LI><a href="#[9d]">&gt;&gt;</a>&nbsp;&nbsp;&nbsp;OLED_ShowChar
</UL>
<BR>[Called By]<UL><LI><a href="#[9c]">&gt;&gt;</a>&nbsp;&nbsp;&nbsp;oled_tuya_dis
<LI><a href="#[9b]">&gt;&gt;</a>&nbsp;&nbsp;&nbsp;OLED_display
</UL>

<P><STRONG><a name="[97]"></a>OLED_WR_Byte</STRONG> (Thumb, 100 bytes, Stack size 16 bytes, oled.o(i.OLED_WR_Byte))
<BR><BR>[Stack]<UL><LI>Max Depth = 16<LI>Call Chain = OLED_WR_Byte
</UL>
<BR>[Calls]<UL><LI><a href="#[79]">&gt;&gt;</a>&nbsp;&nbsp;&nbsp;GPIO_SetBits
<LI><a href="#[7c]">&gt;&gt;</a>&nbsp;&nbsp;&nbsp;GPIO_ResetBits
</UL>
<BR>[Called By]<UL><LI><a href="#[99]">&gt;&gt;</a>&nbsp;&nbsp;&nbsp;OLED_Init
<LI><a href="#[9d]">&gt;&gt;</a>&nbsp;&nbsp;&nbsp;OLED_ShowChar
<LI><a href="#[9a]">&gt;&gt;</a>&nbsp;&nbsp;&nbsp;OLED_Set_Pos
<LI><a href="#[96]">&gt;&gt;</a>&nbsp;&nbsp;&nbsp;OLED_Clear
</UL>

<P><STRONG><a name="[9b]"></a>OLED_display</STRONG> (Thumb, 30 bytes, Stack size 8 bytes, oled.o(i.OLED_display))
<BR><BR>[Stack]<UL><LI>Max Depth = 88<LI>Call Chain = OLED_display &rArr; OLED_ShowString &rArr; OLED_ShowChar &rArr; OLED_Set_Pos &rArr; OLED_WR_Byte
</UL>
<BR>[Calls]<UL><LI><a href="#[a0]">&gt;&gt;</a>&nbsp;&nbsp;&nbsp;OLED_ShowString
</UL>
<BR>[Called By]<UL><LI><a href="#[99]">&gt;&gt;</a>&nbsp;&nbsp;&nbsp;OLED_Init
</UL>

<P><STRONG><a name="[8]"></a>PendSV_Handler</STRONG> (Thumb, 2 bytes, Stack size 0 bytes, stm32f4xx_it.o(i.PendSV_Handler))
<BR>[Address Reference Count : 1]<UL><LI> startup_stm32f40_41xxx.o(RESET)
</UL>
<P><STRONG><a name="[f2]"></a>Queue_Read_Byte</STRONG> (Thumb, 46 bytes, Stack size 0 bytes, system.o(i.Queue_Read_Byte))
<BR><BR>[Called By]<UL><LI><a href="#[eb]">&gt;&gt;</a>&nbsp;&nbsp;&nbsp;wifi_uart_service
</UL>

<P><STRONG><a name="[77]"></a>RCC_AHB1PeriphClockCmd</STRONG> (Thumb, 26 bytes, Stack size 0 bytes, stm32f4xx_rcc.o(i.RCC_AHB1PeriphClockCmd))
<BR><BR>[Called By]<UL><LI><a href="#[7e]">&gt;&gt;</a>&nbsp;&nbsp;&nbsp;NET_DEVICE_IO_Init
<LI><a href="#[84]">&gt;&gt;</a>&nbsp;&nbsp;&nbsp;NET_USART_Init
<LI><a href="#[76]">&gt;&gt;</a>&nbsp;&nbsp;&nbsp;GPIO_Configuration
<LI><a href="#[98]">&gt;&gt;</a>&nbsp;&nbsp;&nbsp;OLED_IO_Init
</UL>

<P><STRONG><a name="[89]"></a>RCC_APB1PeriphClockCmd</STRONG> (Thumb, 26 bytes, Stack size 0 bytes, stm32f4xx_rcc.o(i.RCC_APB1PeriphClockCmd))
<BR><BR>[Called By]<UL><LI><a href="#[84]">&gt;&gt;</a>&nbsp;&nbsp;&nbsp;NET_USART_Init
<LI><a href="#[81]">&gt;&gt;</a>&nbsp;&nbsp;&nbsp;NET_Timer_Init
</UL>

<P><STRONG><a name="[c4]"></a>RCC_APB1PeriphResetCmd</STRONG> (Thumb, 26 bytes, Stack size 0 bytes, stm32f4xx_rcc.o(i.RCC_APB1PeriphResetCmd))
<BR><BR>[Called By]<UL><LI><a href="#[8b]">&gt;&gt;</a>&nbsp;&nbsp;&nbsp;TIM_DeInit
</UL>

<P><STRONG><a name="[c8]"></a>RCC_APB2PeriphClockCmd</STRONG> (Thumb, 26 bytes, Stack size 0 bytes, stm32f4xx_rcc.o(i.RCC_APB2PeriphClockCmd))
<BR><BR>[Called By]<UL><LI><a href="#[bf]">&gt;&gt;</a>&nbsp;&nbsp;&nbsp;USART_Configuration
</UL>

<P><STRONG><a name="[c3]"></a>RCC_APB2PeriphResetCmd</STRONG> (Thumb, 26 bytes, Stack size 0 bytes, stm32f4xx_rcc.o(i.RCC_APB2PeriphResetCmd))
<BR><BR>[Called By]<UL><LI><a href="#[8b]">&gt;&gt;</a>&nbsp;&nbsp;&nbsp;TIM_DeInit
</UL>

<P><STRONG><a name="[a2]"></a>RCC_DeInit</STRONG> (Thumb, 82 bytes, Stack size 0 bytes, stm32f4xx_rcc.o(i.RCC_DeInit))
<BR><BR>[Called By]<UL><LI><a href="#[a1]">&gt;&gt;</a>&nbsp;&nbsp;&nbsp;RCC_Configuration
</UL>

<P><STRONG><a name="[c9]"></a>RCC_GetClocksFreq</STRONG> (Thumb, 214 bytes, Stack size 20 bytes, stm32f4xx_rcc.o(i.RCC_GetClocksFreq))
<BR><BR>[Stack]<UL><LI>Max Depth = 20<LI>Call Chain = RCC_GetClocksFreq
</UL>
<BR>[Called By]<UL><LI><a href="#[90]">&gt;&gt;</a>&nbsp;&nbsp;&nbsp;USART_Init
</UL>

<P><STRONG><a name="[a7]"></a>RCC_GetFlagStatus</STRONG> (Thumb, 60 bytes, Stack size 8 bytes, stm32f4xx_rcc.o(i.RCC_GetFlagStatus))
<BR><BR>[Stack]<UL><LI>Max Depth = 8<LI>Call Chain = RCC_GetFlagStatus
</UL>
<BR>[Called By]<UL><LI><a href="#[a4]">&gt;&gt;</a>&nbsp;&nbsp;&nbsp;RCC_WaitForHSEStartUp
<LI><a href="#[a1]">&gt;&gt;</a>&nbsp;&nbsp;&nbsp;RCC_Configuration
</UL>

<P><STRONG><a name="[a9]"></a>RCC_GetSYSCLKSource</STRONG> (Thumb, 10 bytes, Stack size 0 bytes, stm32f4xx_rcc.o(i.RCC_GetSYSCLKSource))
<BR><BR>[Called By]<UL><LI><a href="#[a1]">&gt;&gt;</a>&nbsp;&nbsp;&nbsp;RCC_Configuration
</UL>

<P><STRONG><a name="[aa]"></a>RCC_HCLKConfig</STRONG> (Thumb, 18 bytes, Stack size 0 bytes, stm32f4xx_rcc.o(i.RCC_HCLKConfig))
<BR><BR>[Called By]<UL><LI><a href="#[a1]">&gt;&gt;</a>&nbsp;&nbsp;&nbsp;RCC_Configuration
</UL>

<P><STRONG><a name="[a3]"></a>RCC_HSEConfig</STRONG> (Thumb, 12 bytes, Stack size 0 bytes, stm32f4xx_rcc.o(i.RCC_HSEConfig))
<BR><BR>[Called By]<UL><LI><a href="#[a1]">&gt;&gt;</a>&nbsp;&nbsp;&nbsp;RCC_Configuration
</UL>

<P><STRONG><a name="[ab]"></a>RCC_PCLK1Config</STRONG> (Thumb, 18 bytes, Stack size 0 bytes, stm32f4xx_rcc.o(i.RCC_PCLK1Config))
<BR><BR>[Called By]<UL><LI><a href="#[a1]">&gt;&gt;</a>&nbsp;&nbsp;&nbsp;RCC_Configuration
</UL>

<P><STRONG><a name="[ac]"></a>RCC_PCLK2Config</STRONG> (Thumb, 20 bytes, Stack size 0 bytes, stm32f4xx_rcc.o(i.RCC_PCLK2Config))
<BR><BR>[Called By]<UL><LI><a href="#[a1]">&gt;&gt;</a>&nbsp;&nbsp;&nbsp;RCC_Configuration
</UL>

<P><STRONG><a name="[a6]"></a>RCC_PLLCmd</STRONG> (Thumb, 6 bytes, Stack size 0 bytes, stm32f4xx_rcc.o(i.RCC_PLLCmd))
<BR><BR>[Called By]<UL><LI><a href="#[a1]">&gt;&gt;</a>&nbsp;&nbsp;&nbsp;RCC_Configuration
</UL>

<P><STRONG><a name="[a5]"></a>RCC_PLLConfig</STRONG> (Thumb, 30 bytes, Stack size 16 bytes, stm32f4xx_rcc.o(i.RCC_PLLConfig))
<BR><BR>[Stack]<UL><LI>Max Depth = 16<LI>Call Chain = RCC_PLLConfig
</UL>
<BR>[Called By]<UL><LI><a href="#[a1]">&gt;&gt;</a>&nbsp;&nbsp;&nbsp;RCC_Configuration
</UL>

<P><STRONG><a name="[a8]"></a>RCC_SYSCLKConfig</STRONG> (Thumb, 18 bytes, Stack size 0 bytes, stm32f4xx_rcc.o(i.RCC_SYSCLKConfig))
<BR><BR>[Called By]<UL><LI><a href="#[a1]">&gt;&gt;</a>&nbsp;&nbsp;&nbsp;RCC_Configuration
</UL>

<P><STRONG><a name="[a4]"></a>RCC_WaitForHSEStartUp</STRONG> (Thumb, 56 bytes, Stack size 16 bytes, stm32f4xx_rcc.o(i.RCC_WaitForHSEStartUp))
<BR><BR>[Stack]<UL><LI>Max Depth = 24<LI>Call Chain = RCC_WaitForHSEStartUp &rArr; RCC_GetFlagStatus
</UL>
<BR>[Calls]<UL><LI><a href="#[a7]">&gt;&gt;</a>&nbsp;&nbsp;&nbsp;RCC_GetFlagStatus
</UL>
<BR>[Called By]<UL><LI><a href="#[a1]">&gt;&gt;</a>&nbsp;&nbsp;&nbsp;RCC_Configuration
</UL>

<P><STRONG><a name="[ad]"></a>SI7021_measure</STRONG> (Thumb, 250 bytes, Stack size 24 bytes, si7021.o(i.SI7021_measure))
<BR><BR>[Stack]<UL><LI>Max Depth = 64<LI>Call Chain = SI7021_measure &rArr; SI70XX_Sensor_Measure &rArr; SI_W_Byte &rArr; delay_us
</UL>
<BR>[Calls]<UL><LI><a href="#[b0]">&gt;&gt;</a>&nbsp;&nbsp;&nbsp;__aeabi_f2d
<LI><a href="#[ae]">&gt;&gt;</a>&nbsp;&nbsp;&nbsp;SI_stop
<LI><a href="#[af]">&gt;&gt;</a>&nbsp;&nbsp;&nbsp;SI70XX_Sensor_Measure
<LI><a href="#[82]">&gt;&gt;</a>&nbsp;&nbsp;&nbsp;__2printf
</UL>
<BR>[Called By]<UL><LI><a href="#[d1]">&gt;&gt;</a>&nbsp;&nbsp;&nbsp;all_data_update
</UL>

<P><STRONG><a name="[af]"></a>SI70XX_Sensor_Measure</STRONG> (Thumb, 102 bytes, Stack size 16 bytes, si7021.o(i.SI70XX_Sensor_Measure))
<BR><BR>[Stack]<UL><LI>Max Depth = 40<LI>Call Chain = SI70XX_Sensor_Measure &rArr; SI_W_Byte &rArr; delay_us
</UL>
<BR>[Calls]<UL><LI><a href="#[b3]">&gt;&gt;</a>&nbsp;&nbsp;&nbsp;Slave_acknowledge
<LI><a href="#[ae]">&gt;&gt;</a>&nbsp;&nbsp;&nbsp;SI_stop
<LI><a href="#[b1]">&gt;&gt;</a>&nbsp;&nbsp;&nbsp;SI_start
<LI><a href="#[b2]">&gt;&gt;</a>&nbsp;&nbsp;&nbsp;SI_W_Byte
<LI><a href="#[b4]">&gt;&gt;</a>&nbsp;&nbsp;&nbsp;SI_R_Byte
<LI><a href="#[95]">&gt;&gt;</a>&nbsp;&nbsp;&nbsp;No_ack
<LI><a href="#[7b]">&gt;&gt;</a>&nbsp;&nbsp;&nbsp;Master_acknowledge
<LI><a href="#[83]">&gt;&gt;</a>&nbsp;&nbsp;&nbsp;delay_ms
</UL>
<BR>[Called By]<UL><LI><a href="#[ad]">&gt;&gt;</a>&nbsp;&nbsp;&nbsp;SI7021_measure
</UL>

<P><STRONG><a name="[b5]"></a>SI_IO_Init</STRONG> (Thumb, 62 bytes, Stack size 16 bytes, si7021.o(i.SI_IO_Init))
<BR><BR>[Stack]<UL><LI>Max Depth = 36<LI>Call Chain = SI_IO_Init &rArr; GPIO_Init
</UL>
<BR>[Calls]<UL><LI><a href="#[79]">&gt;&gt;</a>&nbsp;&nbsp;&nbsp;GPIO_SetBits
<LI><a href="#[78]">&gt;&gt;</a>&nbsp;&nbsp;&nbsp;GPIO_Init
</UL>
<BR>[Called By]<UL><LI><a href="#[5c]">&gt;&gt;</a>&nbsp;&nbsp;&nbsp;main
</UL>

<P><STRONG><a name="[b4]"></a>SI_R_Byte</STRONG> (Thumb, 104 bytes, Stack size 16 bytes, si7021.o(i.SI_R_Byte))
<BR><BR>[Stack]<UL><LI>Max Depth = 24<LI>Call Chain = SI_R_Byte &rArr; delay_us
</UL>
<BR>[Calls]<UL><LI><a href="#[79]">&gt;&gt;</a>&nbsp;&nbsp;&nbsp;GPIO_SetBits
<LI><a href="#[7c]">&gt;&gt;</a>&nbsp;&nbsp;&nbsp;GPIO_ResetBits
<LI><a href="#[b6]">&gt;&gt;</a>&nbsp;&nbsp;&nbsp;GPIO_ReadInputDataBit
<LI><a href="#[7d]">&gt;&gt;</a>&nbsp;&nbsp;&nbsp;delay_us
</UL>
<BR>[Called By]<UL><LI><a href="#[af]">&gt;&gt;</a>&nbsp;&nbsp;&nbsp;SI70XX_Sensor_Measure
</UL>

<P><STRONG><a name="[b2]"></a>SI_W_Byte</STRONG> (Thumb, 112 bytes, Stack size 16 bytes, si7021.o(i.SI_W_Byte))
<BR><BR>[Stack]<UL><LI>Max Depth = 24<LI>Call Chain = SI_W_Byte &rArr; delay_us
</UL>
<BR>[Calls]<UL><LI><a href="#[79]">&gt;&gt;</a>&nbsp;&nbsp;&nbsp;GPIO_SetBits
<LI><a href="#[7c]">&gt;&gt;</a>&nbsp;&nbsp;&nbsp;GPIO_ResetBits
<LI><a href="#[7d]">&gt;&gt;</a>&nbsp;&nbsp;&nbsp;delay_us
</UL>
<BR>[Called By]<UL><LI><a href="#[af]">&gt;&gt;</a>&nbsp;&nbsp;&nbsp;SI70XX_Sensor_Measure
</UL>

<P><STRONG><a name="[b1]"></a>SI_start</STRONG> (Thumb, 96 bytes, Stack size 8 bytes, si7021.o(i.SI_start))
<BR><BR>[Stack]<UL><LI>Max Depth = 16<LI>Call Chain = SI_start &rArr; delay_us
</UL>
<BR>[Calls]<UL><LI><a href="#[79]">&gt;&gt;</a>&nbsp;&nbsp;&nbsp;GPIO_SetBits
<LI><a href="#[7c]">&gt;&gt;</a>&nbsp;&nbsp;&nbsp;GPIO_ResetBits
<LI><a href="#[7d]">&gt;&gt;</a>&nbsp;&nbsp;&nbsp;delay_us
</UL>
<BR>[Called By]<UL><LI><a href="#[af]">&gt;&gt;</a>&nbsp;&nbsp;&nbsp;SI70XX_Sensor_Measure
</UL>

<P><STRONG><a name="[ae]"></a>SI_stop</STRONG> (Thumb, 98 bytes, Stack size 8 bytes, si7021.o(i.SI_stop))
<BR><BR>[Stack]<UL><LI>Max Depth = 16<LI>Call Chain = SI_stop &rArr; delay_us
</UL>
<BR>[Calls]<UL><LI><a href="#[79]">&gt;&gt;</a>&nbsp;&nbsp;&nbsp;GPIO_SetBits
<LI><a href="#[7c]">&gt;&gt;</a>&nbsp;&nbsp;&nbsp;GPIO_ResetBits
<LI><a href="#[7d]">&gt;&gt;</a>&nbsp;&nbsp;&nbsp;delay_us
</UL>
<BR>[Called By]<UL><LI><a href="#[af]">&gt;&gt;</a>&nbsp;&nbsp;&nbsp;SI70XX_Sensor_Measure
<LI><a href="#[ad]">&gt;&gt;</a>&nbsp;&nbsp;&nbsp;SI7021_measure
</UL>

<P><STRONG><a name="[bc]"></a>STMFLASH_GetFlashSector</STRONG> (Thumb, 116 bytes, Stack size 0 bytes, stmflash.o(i.STMFLASH_GetFlashSector))
<BR><BR>[Called By]<UL><LI><a href="#[b9]">&gt;&gt;</a>&nbsp;&nbsp;&nbsp;STMFLASH_Write
</UL>

<P><STRONG><a name="[b7]"></a>STMFLASH_Read</STRONG> (Thumb, 32 bytes, Stack size 12 bytes, stmflash.o(i.STMFLASH_Read))
<BR><BR>[Stack]<UL><LI>Max Depth = 12<LI>Call Chain = STMFLASH_Read
</UL>
<BR>[Calls]<UL><LI><a href="#[b8]">&gt;&gt;</a>&nbsp;&nbsp;&nbsp;STMFLASH_ReadWord
</UL>
<BR>[Called By]<UL><LI><a href="#[5c]">&gt;&gt;</a>&nbsp;&nbsp;&nbsp;main
</UL>

<P><STRONG><a name="[b8]"></a>STMFLASH_ReadWord</STRONG> (Thumb, 6 bytes, Stack size 0 bytes, stmflash.o(i.STMFLASH_ReadWord))
<BR><BR>[Called By]<UL><LI><a href="#[b9]">&gt;&gt;</a>&nbsp;&nbsp;&nbsp;STMFLASH_Write
<LI><a href="#[b7]">&gt;&gt;</a>&nbsp;&nbsp;&nbsp;STMFLASH_Read
</UL>

<P><STRONG><a name="[b9]"></a>STMFLASH_Write</STRONG> (Thumb, 146 bytes, Stack size 32 bytes, stmflash.o(i.STMFLASH_Write))
<BR><BR>[Stack]<UL><LI>Max Depth = 56<LI>Call Chain = STMFLASH_Write &rArr; FLASH_EraseSector &rArr; FLASH_WaitForLastOperation
</UL>
<BR>[Calls]<UL><LI><a href="#[ba]">&gt;&gt;</a>&nbsp;&nbsp;&nbsp;FLASH_Unlock
<LI><a href="#[74]">&gt;&gt;</a>&nbsp;&nbsp;&nbsp;FLASH_ProgramWord
<LI><a href="#[bd]">&gt;&gt;</a>&nbsp;&nbsp;&nbsp;FLASH_Lock
<LI><a href="#[72]">&gt;&gt;</a>&nbsp;&nbsp;&nbsp;FLASH_EraseSector
<LI><a href="#[bb]">&gt;&gt;</a>&nbsp;&nbsp;&nbsp;FLASH_DataCacheCmd
<LI><a href="#[b8]">&gt;&gt;</a>&nbsp;&nbsp;&nbsp;STMFLASH_ReadWord
<LI><a href="#[bc]">&gt;&gt;</a>&nbsp;&nbsp;&nbsp;STMFLASH_GetFlashSector
</UL>
<BR>[Called By]<UL><LI><a href="#[5c]">&gt;&gt;</a>&nbsp;&nbsp;&nbsp;main
<LI><a href="#[dc]">&gt;&gt;</a>&nbsp;&nbsp;&nbsp;mcu_firm_update_handle
</UL>

<P><STRONG><a name="[6]"></a>SVC_Handler</STRONG> (Thumb, 2 bytes, Stack size 0 bytes, stm32f4xx_it.o(i.SVC_Handler))
<BR>[Address Reference Count : 1]<UL><LI> startup_stm32f40_41xxx.o(RESET)
</UL>
<P><STRONG><a name="[b3]"></a>Slave_acknowledge</STRONG> (Thumb, 116 bytes, Stack size 8 bytes, si7021.o(i.Slave_acknowledge))
<BR><BR>[Stack]<UL><LI>Max Depth = 16<LI>Call Chain = Slave_acknowledge &rArr; delay_us
</UL>
<BR>[Calls]<UL><LI><a href="#[79]">&gt;&gt;</a>&nbsp;&nbsp;&nbsp;GPIO_SetBits
<LI><a href="#[7c]">&gt;&gt;</a>&nbsp;&nbsp;&nbsp;GPIO_ResetBits
<LI><a href="#[b6]">&gt;&gt;</a>&nbsp;&nbsp;&nbsp;GPIO_ReadInputDataBit
<LI><a href="#[7d]">&gt;&gt;</a>&nbsp;&nbsp;&nbsp;delay_us
</UL>
<BR>[Called By]<UL><LI><a href="#[af]">&gt;&gt;</a>&nbsp;&nbsp;&nbsp;SI70XX_Sensor_Measure
</UL>

<P><STRONG><a name="[9]"></a>SysTick_Handler</STRONG> (Thumb, 2 bytes, Stack size 0 bytes, stm32f4xx_it.o(i.SysTick_Handler))
<BR>[Address Reference Count : 1]<UL><LI> startup_stm32f40_41xxx.o(RESET)
</UL>
<P><STRONG><a name="[be]"></a>Sys_Config</STRONG> (Thumb, 30 bytes, Stack size 8 bytes, sys_cfg.o(i.Sys_Config))
<BR><BR>[Stack]<UL><LI>Max Depth = 100<LI>Call Chain = Sys_Config &rArr; USART_Configuration &rArr; USART_Init &rArr; RCC_GetClocksFreq
</UL>
<BR>[Calls]<UL><LI><a href="#[c0]">&gt;&gt;</a>&nbsp;&nbsp;&nbsp;Delay_Configuration
<LI><a href="#[bf]">&gt;&gt;</a>&nbsp;&nbsp;&nbsp;USART_Configuration
<LI><a href="#[a1]">&gt;&gt;</a>&nbsp;&nbsp;&nbsp;RCC_Configuration
<LI><a href="#[93]">&gt;&gt;</a>&nbsp;&nbsp;&nbsp;NVIC_Configuration
<LI><a href="#[76]">&gt;&gt;</a>&nbsp;&nbsp;&nbsp;GPIO_Configuration
<LI><a href="#[82]">&gt;&gt;</a>&nbsp;&nbsp;&nbsp;__2printf
</UL>
<BR>[Called By]<UL><LI><a href="#[5c]">&gt;&gt;</a>&nbsp;&nbsp;&nbsp;main
</UL>

<P><STRONG><a name="[5d]"></a>SystemInit</STRONG> (Thumb, 88 bytes, Stack size 8 bytes, system_stm32f4xx.o(i.SystemInit))
<BR><BR>[Stack]<UL><LI>Max Depth = 20<LI>Call Chain = SystemInit &rArr; SetSysClock
</UL>
<BR>[Calls]<UL><LI><a href="#[c1]">&gt;&gt;</a>&nbsp;&nbsp;&nbsp;SetSysClock
</UL>
<BR>[Address Reference Count : 1]<UL><LI> startup_stm32f40_41xxx.o(.text)
</UL>
<P><STRONG><a name="[27]"></a>TIM3_IRQHandler</STRONG> (Thumb, 110 bytes, Stack size 8 bytes, net_io.o(i.TIM3_IRQHandler))
<BR><BR>[Stack]<UL><LI>Max Depth = 8<LI>Call Chain = TIM3_IRQHandler
</UL>
<BR>[Calls]<UL><LI><a href="#[c2]">&gt;&gt;</a>&nbsp;&nbsp;&nbsp;GPIO_ToggleBits
<LI><a href="#[79]">&gt;&gt;</a>&nbsp;&nbsp;&nbsp;GPIO_SetBits
<LI><a href="#[7c]">&gt;&gt;</a>&nbsp;&nbsp;&nbsp;GPIO_ResetBits
<LI><a href="#[8d]">&gt;&gt;</a>&nbsp;&nbsp;&nbsp;TIM_ClearFlag
</UL>
<BR>[Address Reference Count : 1]<UL><LI> startup_stm32f40_41xxx.o(RESET)
</UL>
<P><STRONG><a name="[8d]"></a>TIM_ClearFlag</STRONG> (Thumb, 6 bytes, Stack size 0 bytes, stm32f4xx_tim.o(i.TIM_ClearFlag))
<BR><BR>[Called By]<UL><LI><a href="#[27]">&gt;&gt;</a>&nbsp;&nbsp;&nbsp;TIM3_IRQHandler
<LI><a href="#[81]">&gt;&gt;</a>&nbsp;&nbsp;&nbsp;NET_Timer_Init
</UL>

<P><STRONG><a name="[8f]"></a>TIM_Cmd</STRONG> (Thumb, 24 bytes, Stack size 0 bytes, stm32f4xx_tim.o(i.TIM_Cmd))
<BR><BR>[Called By]<UL><LI><a href="#[81]">&gt;&gt;</a>&nbsp;&nbsp;&nbsp;NET_Timer_Init
</UL>

<P><STRONG><a name="[8b]"></a>TIM_DeInit</STRONG> (Thumb, 346 bytes, Stack size 8 bytes, stm32f4xx_tim.o(i.TIM_DeInit))
<BR><BR>[Stack]<UL><LI>Max Depth = 8<LI>Call Chain = TIM_DeInit
</UL>
<BR>[Calls]<UL><LI><a href="#[c4]">&gt;&gt;</a>&nbsp;&nbsp;&nbsp;RCC_APB1PeriphResetCmd
<LI><a href="#[c3]">&gt;&gt;</a>&nbsp;&nbsp;&nbsp;RCC_APB2PeriphResetCmd
</UL>
<BR>[Called By]<UL><LI><a href="#[81]">&gt;&gt;</a>&nbsp;&nbsp;&nbsp;NET_Timer_Init
</UL>

<P><STRONG><a name="[8e]"></a>TIM_ITConfig</STRONG> (Thumb, 18 bytes, Stack size 0 bytes, stm32f4xx_tim.o(i.TIM_ITConfig))
<BR><BR>[Called By]<UL><LI><a href="#[81]">&gt;&gt;</a>&nbsp;&nbsp;&nbsp;NET_Timer_Init
</UL>

<P><STRONG><a name="[8c]"></a>TIM_TimeBaseInit</STRONG> (Thumb, 104 bytes, Stack size 0 bytes, stm32f4xx_tim.o(i.TIM_TimeBaseInit))
<BR><BR>[Called By]<UL><LI><a href="#[81]">&gt;&gt;</a>&nbsp;&nbsp;&nbsp;NET_Timer_Init
</UL>

<P><STRONG><a name="[31]"></a>USART3_IRQHandler</STRONG> (Thumb, 112 bytes, Stack size 8 bytes, net_io.o(i.USART3_IRQHandler))
<BR><BR>[Stack]<UL><LI>Max Depth = 16<LI>Call Chain = USART3_IRQHandler &rArr; NET_IO_AddTag2End
</UL>
<BR>[Calls]<UL><LI><a href="#[c7]">&gt;&gt;</a>&nbsp;&nbsp;&nbsp;NET_IO_AddTag2End
<LI><a href="#[c6]">&gt;&gt;</a>&nbsp;&nbsp;&nbsp;uart_receive_input
<LI><a href="#[87]">&gt;&gt;</a>&nbsp;&nbsp;&nbsp;USART_GetFlagStatus
<LI><a href="#[c5]">&gt;&gt;</a>&nbsp;&nbsp;&nbsp;USART_ClearFlag
</UL>
<BR>[Address Reference Count : 1]<UL><LI> startup_stm32f40_41xxx.o(RESET)
</UL>
<P><STRONG><a name="[c5]"></a>USART_ClearFlag</STRONG> (Thumb, 18 bytes, Stack size 0 bytes, stm32f4xx_usart.o(i.USART_ClearFlag))
<BR><BR>[Called By]<UL><LI><a href="#[31]">&gt;&gt;</a>&nbsp;&nbsp;&nbsp;USART3_IRQHandler
</UL>

<P><STRONG><a name="[91]"></a>USART_Cmd</STRONG> (Thumb, 24 bytes, Stack size 0 bytes, stm32f4xx_usart.o(i.USART_Cmd))
<BR><BR>[Called By]<UL><LI><a href="#[84]">&gt;&gt;</a>&nbsp;&nbsp;&nbsp;NET_USART_Init
<LI><a href="#[bf]">&gt;&gt;</a>&nbsp;&nbsp;&nbsp;USART_Configuration
</UL>

<P><STRONG><a name="[87]"></a>USART_GetFlagStatus</STRONG> (Thumb, 26 bytes, Stack size 0 bytes, stm32f4xx_usart.o(i.USART_GetFlagStatus))
<BR><BR>[Called By]<UL><LI><a href="#[31]">&gt;&gt;</a>&nbsp;&nbsp;&nbsp;USART3_IRQHandler
<LI><a href="#[85]">&gt;&gt;</a>&nbsp;&nbsp;&nbsp;NET_IO_Send
<LI><a href="#[5f]">&gt;&gt;</a>&nbsp;&nbsp;&nbsp;fputc
</UL>

<P><STRONG><a name="[92]"></a>USART_ITConfig</STRONG> (Thumb, 74 bytes, Stack size 20 bytes, stm32f4xx_usart.o(i.USART_ITConfig))
<BR><BR>[Stack]<UL><LI>Max Depth = 20<LI>Call Chain = USART_ITConfig
</UL>
<BR>[Called By]<UL><LI><a href="#[84]">&gt;&gt;</a>&nbsp;&nbsp;&nbsp;NET_USART_Init
</UL>

<P><STRONG><a name="[90]"></a>USART_Init</STRONG> (Thumb, 204 bytes, Stack size 48 bytes, stm32f4xx_usart.o(i.USART_Init))
<BR><BR>[Stack]<UL><LI>Max Depth = 68<LI>Call Chain = USART_Init &rArr; RCC_GetClocksFreq
</UL>
<BR>[Calls]<UL><LI><a href="#[c9]">&gt;&gt;</a>&nbsp;&nbsp;&nbsp;RCC_GetClocksFreq
</UL>
<BR>[Called By]<UL><LI><a href="#[84]">&gt;&gt;</a>&nbsp;&nbsp;&nbsp;NET_USART_Init
<LI><a href="#[bf]">&gt;&gt;</a>&nbsp;&nbsp;&nbsp;USART_Configuration
</UL>

<P><STRONG><a name="[86]"></a>USART_SendData</STRONG> (Thumb, 8 bytes, Stack size 0 bytes, stm32f4xx_usart.o(i.USART_SendData))
<BR><BR>[Called By]<UL><LI><a href="#[85]">&gt;&gt;</a>&nbsp;&nbsp;&nbsp;NET_IO_Send
<LI><a href="#[5f]">&gt;&gt;</a>&nbsp;&nbsp;&nbsp;fputc
</UL>

<P><STRONG><a name="[5]"></a>UsageFault_Handler</STRONG> (Thumb, 4 bytes, Stack size 0 bytes, stm32f4xx_it.o(i.UsageFault_Handler))
<BR>[Address Reference Count : 1]<UL><LI> startup_stm32f40_41xxx.o(RESET)
</UL>
<P><STRONG><a name="[ca]"></a>__0printf</STRONG> (Thumb, 22 bytes, Stack size 24 bytes, printfa.o(i.__0printf), UNUSED)
<BR><BR>[Calls]<UL><LI><a href="#[cb]">&gt;&gt;</a>&nbsp;&nbsp;&nbsp;_printf_core
</UL>

<P><STRONG><a name="[105]"></a>__1printf</STRONG> (Thumb, 0 bytes, Stack size 24 bytes, printfa.o(i.__0printf), UNUSED)

<P><STRONG><a name="[82]"></a>__2printf</STRONG> (Thumb, 0 bytes, Stack size 24 bytes, printfa.o(i.__0printf))
<BR><BR>[Stack]<UL><LI>Max Depth = 24<LI>Call Chain = __2printf
</UL>
<BR>[Called By]<UL><LI><a href="#[be]">&gt;&gt;</a>&nbsp;&nbsp;&nbsp;Sys_Config
<LI><a href="#[80]">&gt;&gt;</a>&nbsp;&nbsp;&nbsp;NET_DEVICE_Reset
<LI><a href="#[ad]">&gt;&gt;</a>&nbsp;&nbsp;&nbsp;SI7021_measure
</UL>

<P><STRONG><a name="[106]"></a>__c89printf</STRONG> (Thumb, 0 bytes, Stack size 24 bytes, printfa.o(i.__0printf), UNUSED)

<P><STRONG><a name="[107]"></a>printf</STRONG> (Thumb, 0 bytes, Stack size 24 bytes, printfa.o(i.__0printf), UNUSED)

<P><STRONG><a name="[108]"></a>__scatterload_copy</STRONG> (Thumb, 14 bytes, Stack size unknown bytes, handlers.o(i.__scatterload_copy), UNUSED)

<P><STRONG><a name="[109]"></a>__scatterload_null</STRONG> (Thumb, 2 bytes, Stack size unknown bytes, handlers.o(i.__scatterload_null), UNUSED)

<P><STRONG><a name="[10a]"></a>__scatterload_zeroinit</STRONG> (Thumb, 14 bytes, Stack size unknown bytes, handlers.o(i.__scatterload_zeroinit), UNUSED)

<P><STRONG><a name="[d1]"></a>all_data_update</STRONG> (Thumb, 72 bytes, Stack size 8 bytes, protocol.o(i.all_data_update))
<BR><BR>[Stack]<UL><LI>Max Depth = 128<LI>Call Chain = all_data_update &rArr; oled_tuya_dis &rArr; OLED_ShowNum &rArr; OLED_ShowChar &rArr; OLED_Set_Pos &rArr; OLED_WR_Byte
</UL>
<BR>[Calls]<UL><LI><a href="#[9c]">&gt;&gt;</a>&nbsp;&nbsp;&nbsp;oled_tuya_dis
<LI><a href="#[ad]">&gt;&gt;</a>&nbsp;&nbsp;&nbsp;SI7021_measure
<LI><a href="#[d3]">&gt;&gt;</a>&nbsp;&nbsp;&nbsp;mcu_dp_value_update
<LI><a href="#[d5]">&gt;&gt;</a>&nbsp;&nbsp;&nbsp;mcu_dp_fault_update
<LI><a href="#[d4]">&gt;&gt;</a>&nbsp;&nbsp;&nbsp;mcu_dp_enum_update
<LI><a href="#[d2]">&gt;&gt;</a>&nbsp;&nbsp;&nbsp;mcu_dp_bool_update
</UL>
<BR>[Called By]<UL><LI><a href="#[d6]">&gt;&gt;</a>&nbsp;&nbsp;&nbsp;data_handle
</UL>

<P><STRONG><a name="[ed]"></a>byte_to_int</STRONG> (Thumb, 26 bytes, Stack size 0 bytes, mcu_api.o(i.byte_to_int))
<BR><BR>[Called By]<UL><LI><a href="#[e6]">&gt;&gt;</a>&nbsp;&nbsp;&nbsp;mcu_get_dp_download_value
</UL>

<P><STRONG><a name="[d6]"></a>data_handle</STRONG> (Thumb, 460 bytes, Stack size 40 bytes, system.o(i.data_handle))
<BR><BR>[Stack]<UL><LI>Max Depth = 240<LI>Call Chain = data_handle &rArr; data_point_handle &rArr; dp_download_handle &rArr; dp_download_tempset_handle &rArr; oled_tuya_dis &rArr; OLED_ShowNum &rArr; OLED_ShowChar &rArr; OLED_Set_Pos &rArr; OLED_WR_Byte
</UL>
<BR>[Calls]<UL><LI><a href="#[d8]">&gt;&gt;</a>&nbsp;&nbsp;&nbsp;product_info_update
<LI><a href="#[d7]">&gt;&gt;</a>&nbsp;&nbsp;&nbsp;heat_beat_check
<LI><a href="#[d9]">&gt;&gt;</a>&nbsp;&nbsp;&nbsp;get_mcu_wifi_mode
<LI><a href="#[db]">&gt;&gt;</a>&nbsp;&nbsp;&nbsp;data_point_handle
<LI><a href="#[dd]">&gt;&gt;</a>&nbsp;&nbsp;&nbsp;wifi_test_result
<LI><a href="#[dc]">&gt;&gt;</a>&nbsp;&nbsp;&nbsp;mcu_firm_update_handle
<LI><a href="#[d1]">&gt;&gt;</a>&nbsp;&nbsp;&nbsp;all_data_update
<LI><a href="#[da]">&gt;&gt;</a>&nbsp;&nbsp;&nbsp;wifi_uart_write_frame
</UL>
<BR>[Called By]<UL><LI><a href="#[eb]">&gt;&gt;</a>&nbsp;&nbsp;&nbsp;wifi_uart_service
</UL>

<P><STRONG><a name="[83]"></a>delay_ms</STRONG> (Thumb, 74 bytes, Stack size 8 bytes, sys_delay.o(i.delay_ms))
<BR><BR>[Stack]<UL><LI>Max Depth = 8<LI>Call Chain = delay_ms
</UL>
<BR>[Called By]<UL><LI><a href="#[99]">&gt;&gt;</a>&nbsp;&nbsp;&nbsp;OLED_Init
<LI><a href="#[af]">&gt;&gt;</a>&nbsp;&nbsp;&nbsp;SI70XX_Sensor_Measure
<LI><a href="#[80]">&gt;&gt;</a>&nbsp;&nbsp;&nbsp;NET_DEVICE_Reset
</UL>

<P><STRONG><a name="[7d]"></a>delay_us</STRONG> (Thumb, 64 bytes, Stack size 8 bytes, sys_delay.o(i.delay_us))
<BR><BR>[Stack]<UL><LI>Max Depth = 8<LI>Call Chain = delay_us
</UL>
<BR>[Called By]<UL><LI><a href="#[b3]">&gt;&gt;</a>&nbsp;&nbsp;&nbsp;Slave_acknowledge
<LI><a href="#[ae]">&gt;&gt;</a>&nbsp;&nbsp;&nbsp;SI_stop
<LI><a href="#[b1]">&gt;&gt;</a>&nbsp;&nbsp;&nbsp;SI_start
<LI><a href="#[b2]">&gt;&gt;</a>&nbsp;&nbsp;&nbsp;SI_W_Byte
<LI><a href="#[b4]">&gt;&gt;</a>&nbsp;&nbsp;&nbsp;SI_R_Byte
<LI><a href="#[95]">&gt;&gt;</a>&nbsp;&nbsp;&nbsp;No_ack
<LI><a href="#[7b]">&gt;&gt;</a>&nbsp;&nbsp;&nbsp;Master_acknowledge
</UL>

<P><STRONG><a name="[df]"></a>dp_download_handle</STRONG> (Thumb, 86 bytes, Stack size 24 bytes, protocol.o(i.dp_download_handle))
<BR><BR>[Stack]<UL><LI>Max Depth = 168<LI>Call Chain = dp_download_handle &rArr; dp_download_tempset_handle &rArr; oled_tuya_dis &rArr; OLED_ShowNum &rArr; OLED_ShowChar &rArr; OLED_Set_Pos &rArr; OLED_WR_Byte
</UL>
<BR>[Calls]<UL><LI><a href="#[e1]">&gt;&gt;</a>&nbsp;&nbsp;&nbsp;dp_download_tempset_handle
<LI><a href="#[e0]">&gt;&gt;</a>&nbsp;&nbsp;&nbsp;dp_download_power_handle
[...]
<LI><a href="#[e0]">&gt;&gt;</a>&nbsp;&nbsp;&nbsp;dp_download_power_handle
<LI><a href="#[e3]">&gt;&gt;</a>&nbsp;&nbsp;&nbsp;dp_download_light_handle
</UL>

<P><STRONG><a name="[d4]"></a>mcu_dp_enum_update</STRONG> (Thumb, 80 bytes, Stack size 16 bytes, mcu_api.o(i.mcu_dp_enum_update))
<BR><BR>[Stack]<UL><LI>Max Depth = 72<LI>Call Chain = mcu_dp_enum_update &rArr; wifi_uart_write_frame &rArr; wifi_uart_write_data &rArr; uart_transmit_output &rArr; NET_IO_Send
</UL>
<BR>[Calls]<UL><LI><a href="#[da]">&gt;&gt;</a>&nbsp;&nbsp;&nbsp;wifi_uart_write_frame
<LI><a href="#[e8]">&gt;&gt;</a>&nbsp;&nbsp;&nbsp;set_wifi_uart_byte
</UL>
<BR>[Called By]<UL><LI><a href="#[d1]">&gt;&gt;</a>&nbsp;&nbsp;&nbsp;all_data_update
<LI><a href="#[e2]">&gt;&gt;</a>&nbsp;&nbsp;&nbsp;dp_download_mode_handle
</UL>

<P><STRONG><a name="[d5]"></a>mcu_dp_fault_update</STRONG> (Thumb, 192 bytes, Stack size 16 bytes, mcu_api.o(i.mcu_dp_fault_update))
<BR><BR>[Stack]<UL><LI>Max Depth = 72<LI>Call Chain = mcu_dp_fault_update &rArr; wifi_uart_write_frame &rArr; wifi_uart_write_data &rArr; uart_transmit_output &rArr; NET_IO_Send
</UL>
<BR>[Calls]<UL><LI><a href="#[da]">&gt;&gt;</a>&nbsp;&nbsp;&nbsp;wifi_uart_write_frame
<LI><a href="#[e8]">&gt;&gt;</a>&nbsp;&nbsp;&nbsp;set_wifi_uart_byte
</UL>
<BR>[Called By]<UL><LI><a href="#[d1]">&gt;&gt;</a>&nbsp;&nbsp;&nbsp;all_data_update
</UL>

<P><STRONG><a name="[d3]"></a>mcu_dp_value_update</STRONG> (Thumb, 114 bytes, Stack size 16 bytes, mcu_api.o(i.mcu_dp_value_update))
<BR><BR>[Stack]<UL><LI>Max Depth = 72<LI>Call Chain = mcu_dp_value_update &rArr; wifi_uart_write_frame &rArr; wifi_uart_write_data &rArr; uart_transmit_output &rArr; NET_IO_Send
</UL>
<BR>[Calls]<UL><LI><a href="#[da]">&gt;&gt;</a>&nbsp;&nbsp;&nbsp;wifi_uart_write_frame
<LI><a href="#[e8]">&gt;&gt;</a>&nbsp;&nbsp;&nbsp;set_wifi_uart_byte
</UL>
<BR>[Called By]<UL><LI><a href="#[d1]">&gt;&gt;</a>&nbsp;&nbsp;&nbsp;all_data_update
<LI><a href="#[e1]">&gt;&gt;</a>&nbsp;&nbsp;&nbsp;dp_download_tempset_handle
</UL>

<P><STRONG><a name="[dc]"></a>mcu_firm_update_handle</STRONG> (Thumb, 148 bytes, Stack size 24 bytes, protocol.o(i.mcu_firm_update_handle))
<BR><BR>[Stack]<UL><LI>Max Depth = 80<LI>Call Chain = mcu_firm_update_handle &rArr; STMFLASH_Write &rArr; FLASH_EraseSector &rArr; FLASH_WaitForLastOperation
</UL>
<BR>[Calls]<UL><LI><a href="#[b9]">&gt;&gt;</a>&nbsp;&nbsp;&nbsp;STMFLASH_Write
</UL>
<BR>[Called By]<UL><LI><a href="#[d6]">&gt;&gt;</a>&nbsp;&nbsp;&nbsp;data_handle
</UL>

<P><STRONG><a name="[e4]"></a>mcu_get_dp_download_bool</STRONG> (Thumb, 6 bytes, Stack size 0 bytes, mcu_api.o(i.mcu_get_dp_download_bool))
<BR><BR>[Called By]<UL><LI><a href="#[e0]">&gt;&gt;</a>&nbsp;&nbsp;&nbsp;dp_download_power_handle
<LI><a href="#[e3]">&gt;&gt;</a>&nbsp;&nbsp;&nbsp;dp_download_light_handle
</UL>

<P><STRONG><a name="[e5]"></a>mcu_get_dp_download_enum</STRONG> (Thumb, 6 bytes, Stack size 0 bytes, mcu_api.o(i.mcu_get_dp_download_enum))
<BR><BR>[Called By]<UL><LI><a href="#[e2]">&gt;&gt;</a>&nbsp;&nbsp;&nbsp;dp_download_mode_handle
</UL>

<P><STRONG><a name="[e6]"></a>mcu_get_dp_download_value</STRONG> (Thumb, 14 bytes, Stack size 8 bytes, mcu_api.o(i.mcu_get_dp_download_value))
<BR><BR>[Stack]<UL><LI>Max Depth = 8<LI>Call Chain = mcu_get_dp_download_value
</UL>
<BR>[Calls]<UL><LI><a href="#[ed]">&gt;&gt;</a>&nbsp;&nbsp;&nbsp;byte_to_int
</UL>
<BR>[Called By]<UL><LI><a href="#[e1]">&gt;&gt;</a>&nbsp;&nbsp;&nbsp;dp_download_tempset_handle
</UL>

<P><STRONG><a name="[ec]"></a>mcu_get_wifi_work_state</STRONG> (Thumb, 6 bytes, Stack size 0 bytes, mcu_api.o(i.mcu_get_wifi_work_state))
<BR><BR>[Called By]<UL><LI><a href="#[5c]">&gt;&gt;</a>&nbsp;&nbsp;&nbsp;main
</UL>

<P><STRONG><a name="[f0]"></a>my_memcpy</STRONG> (Thumb, 68 bytes, Stack size 20 bytes, mcu_api.o(i.my_memcpy))
<BR><BR>[Stack]<UL><LI>Max Depth = 20<LI>Call Chain = my_memcpy
</UL>
<BR>[Called By]<UL><LI><a href="#[eb]">&gt;&gt;</a>&nbsp;&nbsp;&nbsp;wifi_uart_service
<LI><a href="#[ef]">&gt;&gt;</a>&nbsp;&nbsp;&nbsp;set_wifi_uart_buffer
</UL>

<P><STRONG><a name="[ee]"></a>my_strlen</STRONG> (Thumb, 28 bytes, Stack size 0 bytes, mcu_api.o(i.my_strlen))
<BR><BR>[Called By]<UL><LI><a href="#[d8]">&gt;&gt;</a>&nbsp;&nbsp;&nbsp;product_info_update
</UL>

<P><STRONG><a name="[9f]"></a>oled_pow</STRONG> (Thumb, 22 bytes, Stack size 8 bytes, oled.o(i.oled_pow))
<BR><BR>[Stack]<UL><LI>Max Depth = 8<LI>Call Chain = oled_pow
</UL>
<BR>[Called By]<UL><LI><a href="#[9e]">&gt;&gt;</a>&nbsp;&nbsp;&nbsp;OLED_ShowNum
</UL>

<P><STRONG><a name="[9c]"></a>oled_tuya_dis</STRONG> (Thumb, 174 bytes, Stack size 8 bytes, oled.o(i.oled_tuya_dis))
<BR><BR>[Stack]<UL><LI>Max Depth = 120<LI>Call Chain = oled_tuya_dis &rArr; OLED_ShowNum &rArr; OLED_ShowChar &rArr; OLED_Set_Pos &rArr; OLED_WR_Byte
</UL>
<BR>[Calls]<UL><LI><a href="#[a0]">&gt;&gt;</a>&nbsp;&nbsp;&nbsp;OLED_ShowString
<LI><a href="#[9e]">&gt;&gt;</a>&nbsp;&nbsp;&nbsp;OLED_ShowNum
</UL>
<BR>[Called By]<UL><LI><a href="#[99]">&gt;&gt;</a>&nbsp;&nbsp;&nbsp;OLED_Init
<LI><a href="#[d1]">&gt;&gt;</a>&nbsp;&nbsp;&nbsp;all_data_update
<LI><a href="#[e1]">&gt;&gt;</a>&nbsp;&nbsp;&nbsp;dp_download_tempset_handle
<LI><a href="#[e0]">&gt;&gt;</a>&nbsp;&nbsp;&nbsp;dp_download_power_handle
<LI><a href="#[e2]">&gt;&gt;</a>&nbsp;&nbsp;&nbsp;dp_download_mode_handle
<LI><a href="#[e3]">&gt;&gt;</a>&nbsp;&nbsp;&nbsp;dp_download_light_handle
</UL>

<P><STRONG><a name="[ef]"></a>set_wifi_uart_buffer</STRONG> (Thumb, 34 bytes, Stack size 24 bytes, system.o(i.set_wifi_uart_buffer))
<BR><BR>[Stack]<UL><LI>Max Depth = 44<LI>Call Chain = set_wifi_uart_buffer &rArr; my_memcpy
</UL>
<BR>[Calls]<UL><LI><a href="#[f0]">&gt;&gt;</a>&nbsp;&nbsp;&nbsp;my_memcpy
</UL>
<BR>[Called By]<UL><LI><a href="#[d8]">&gt;&gt;</a>&nbsp;&nbsp;&nbsp;product_info_update
</UL>

<P><STRONG><a name="[e8]"></a>set_wifi_uart_byte</STRONG> (Thumb, 12 bytes, Stack size 0 bytes, system.o(i.set_wifi_uart_byte))
<BR><BR>[Called By]<UL><LI><a href="#[d7]">&gt;&gt;</a>&nbsp;&nbsp;&nbsp;heat_beat_check
<LI><a href="#[d3]">&gt;&gt;</a>&nbsp;&nbsp;&nbsp;mcu_dp_value_update
<LI><a href="#[d5]">&gt;&gt;</a>&nbsp;&nbsp;&nbsp;mcu_dp_fault_update
<LI><a href="#[d4]">&gt;&gt;</a>&nbsp;&nbsp;&nbsp;mcu_dp_enum_update
<LI><a href="#[d2]">&gt;&gt;</a>&nbsp;&nbsp;&nbsp;mcu_dp_bool_update
</UL>

<P><STRONG><a name="[c6]"></a>uart_receive_input</STRONG> (Thumb, 84 bytes, Stack size 0 bytes, mcu_api.o(i.uart_receive_input))
<BR><BR>[Called By]<UL><LI><a href="#[31]">&gt;&gt;</a>&nbsp;&nbsp;&nbsp;USART3_IRQHandler
</UL>

<P><STRONG><a name="[f1]"></a>uart_transmit_output</STRONG> (Thumb, 12 bytes, Stack size 8 bytes, protocol.o(i.uart_transmit_output))
<BR><BR>[Stack]<UL><LI>Max Depth = 24<LI>Call Chain = uart_transmit_output &rArr; NET_IO_Send
</UL>
<BR>[Calls]<UL><LI><a href="#[85]">&gt;&gt;</a>&nbsp;&nbsp;&nbsp;NET_IO_Send
</UL>
<BR>[Called By]<UL><LI><a href="#[f5]">&gt;&gt;</a>&nbsp;&nbsp;&nbsp;wifi_uart_write_data
</UL>

<P><STRONG><a name="[ea]"></a>wifi_protocol_init</STRONG> (Thumb, 18 bytes, Stack size 0 bytes, mcu_api.o(i.wifi_protocol_init))
<BR><BR>[Called By]<UL><LI><a href="#[5c]">&gt;&gt;</a>&nbsp;&nbsp;&nbsp;main
</UL>

<P><STRONG><a name="[dd]"></a>wifi_test_result</STRONG> (Thumb, 8 bytes, Stack size 0 bytes, protocol.o(i.wifi_test_result))
<BR><BR>[Called By]<UL><LI><a href="#[d6]">&gt;&gt;</a>&nbsp;&nbsp;&nbsp;data_handle
</UL>

<P><STRONG><a name="[eb]"></a>wifi_uart_service</STRONG> (Thumb, 242 bytes, Stack size 16 bytes, mcu_api.o(i.wifi_uart_service))
<BR><BR>[Stack]<UL><LI>Max Depth = 256<LI>Call Chain = wifi_uart_service &rArr; data_handle &rArr; data_point_handle &rArr; dp_download_handle &rArr; dp_download_tempset_handle &rArr; oled_tuya_dis &rArr; OLED_ShowNum &rArr; OLED_ShowChar &rArr; OLED_Set_Pos &rArr; OLED_WR_Byte
</UL>
<BR>[Calls]<UL><LI><a href="#[f3]">&gt;&gt;</a>&nbsp;&nbsp;&nbsp;get_queue_total_data
<LI><a href="#[f4]">&gt;&gt;</a>&nbsp;&nbsp;&nbsp;get_check_sum
<LI><a href="#[d6]">&gt;&gt;</a>&nbsp;&nbsp;&nbsp;data_handle
<LI><a href="#[f2]">&gt;&gt;</a>&nbsp;&nbsp;&nbsp;Queue_Read_Byte
<LI><a href="#[f0]">&gt;&gt;</a>&nbsp;&nbsp;&nbsp;my_memcpy
</UL>
<BR>[Called By]<UL><LI><a href="#[5c]">&gt;&gt;</a>&nbsp;&nbsp;&nbsp;main
</UL>

<P><STRONG><a name="[da]"></a>wifi_uart_write_frame</STRONG> (Thumb, 64 bytes, Stack size 16 bytes, system.o(i.wifi_uart_write_frame))
<BR><BR>[Stack]<UL><LI>Max Depth = 56<LI>Call Chain = wifi_uart_write_frame &rArr; wifi_uart_write_data &rArr; uart_transmit_output &rArr; NET_IO_Send
</UL>
<BR>[Calls]<UL><LI><a href="#[f5]">&gt;&gt;</a>&nbsp;&nbsp;&nbsp;wifi_uart_write_data
<LI><a href="#[f4]">&gt;&gt;</a>&nbsp;&nbsp;&nbsp;get_check_sum
</UL>
<BR>[Called By]<UL><LI><a href="#[d8]">&gt;&gt;</a>&nbsp;&nbsp;&nbsp;product_info_update
<LI><a href="#[d7]">&gt;&gt;</a>&nbsp;&nbsp;&nbsp;heat_beat_check
<LI><a href="#[d9]">&gt;&gt;</a>&nbsp;&nbsp;&nbsp;get_mcu_wifi_mode
<LI><a href="#[d6]">&gt;&gt;</a>&nbsp;&nbsp;&nbsp;data_handle
<LI><a href="#[d3]">&gt;&gt;</a>&nbsp;&nbsp;&nbsp;mcu_dp_value_update
<LI><a href="#[d5]">&gt;&gt;</a>&nbsp;&nbsp;&nbsp;mcu_dp_fault_update
<LI><a href="#[d4]">&gt;&gt;</a>&nbsp;&nbsp;&nbsp;mcu_dp_enum_update
<LI><a href="#[d2]">&gt;&gt;</a>&nbsp;&nbsp;&nbsp;mcu_dp_bool_update
</UL>
<P>
<H3>
Local Symbols
</H3>
<P><STRONG><a name="[c1]"></a>SetSysClock</STRONG> (Thumb, 220 bytes, Stack size 12 bytes, system_stm32f4xx.o(i.SetSysClock))
<BR><BR>[Stack]<UL><LI>Max Depth = 12<LI>Call Chain = SetSysClock
</UL>
<BR>[Called By]<UL><LI><a href="#[5d]">&gt;&gt;</a>&nbsp;&nbsp;&nbsp;SystemInit
</UL>

<P><STRONG><a name="[76]"></a>GPIO_Configuration</STRONG> (Thumb, 174 bytes, Stack size 16 bytes, sys_cfg.o(i.GPIO_Configuration))
<BR><BR>[Stack]<UL><LI>Max Depth = 36<LI>Call Chain = GPIO_Configuration &rArr; GPIO_PinAFConfig
</UL>
<BR>[Calls]<UL><LI><a href="#[79]">&gt;&gt;</a>&nbsp;&nbsp;&nbsp;GPIO_SetBits
<LI><a href="#[7a]">&gt;&gt;</a>&nbsp;&nbsp;&nbsp;GPIO_PinAFConfig
<LI><a href="#[78]">&gt;&gt;</a>&nbsp;&nbsp;&nbsp;GPIO_Init
<LI><a href="#[77]">&gt;&gt;</a>&nbsp;&nbsp;&nbsp;RCC_AHB1PeriphClockCmd
</UL>
<BR>[Called By]<UL><LI><a href="#[be]">&gt;&gt;</a>&nbsp;&nbsp;&nbsp;Sys_Config
</UL>

<P><STRONG><a name="[93]"></a>NVIC_Configuration</STRONG> (Thumb, 14 bytes, Stack size 8 bytes, sys_cfg.o(i.NVIC_Configuration))
<BR><BR>[Stack]<UL><LI>Max Depth = 8<LI>Call Chain = NVIC_Configuration
</UL>
<BR>[Calls]<UL><LI><a href="#[94]">&gt;&gt;</a>&nbsp;&nbsp;&nbsp;NVIC_SetVectorTable
</UL>
<BR>[Called By]<UL><LI><a href="#[be]">&gt;&gt;</a>&nbsp;&nbsp;&nbsp;Sys_Config
</UL>

<P><STRONG><a name="[a1]"></a>RCC_Configuration</STRONG> (Thumb, 98 bytes, Stack size 8 bytes, sys_cfg.o(i.RCC_Configuration))
<BR><BR>[Stack]<UL><LI>Max Depth = 32<LI>Call Chain = RCC_Configuration &rArr; RCC_WaitForHSEStartUp &rArr; RCC_GetFlagStatus
</UL>
<BR>[Calls]<UL><LI><a href="#[a4]">&gt;&gt;</a>&nbsp;&nbsp;&nbsp;RCC_WaitForHSEStartUp
<LI><a href="#[a8]">&gt;&gt;</a>&nbsp;&nbsp;&nbsp;RCC_SYSCLKConfig
<LI><a href="#[a5]">&gt;&gt;</a>&nbsp;&nbsp;&nbsp;RCC_PLLConfig
<LI><a href="#[a6]">&gt;&gt;</a>&nbsp;&nbsp;&nbsp;RCC_PLLCmd
<LI><a href="#[ac]">&gt;&gt;</a>&nbsp;&nbsp;&nbsp;RCC_PCLK2Config
<LI><a href="#[ab]">&gt;&gt;</a>&nbsp;&nbsp;&nbsp;RCC_PCLK1Config
<LI><a href="#[a3]">&gt;&gt;</a>&nbsp;&nbsp;&nbsp;RCC_HSEConfig
<LI><a href="#[aa]">&gt;&gt;</a>&nbsp;&nbsp;&nbsp;RCC_HCLKConfig
<LI><a href="#[a9]">&gt;&gt;</a>&nbsp;&nbsp;&nbsp;RCC_GetSYSCLKSource
<LI><a href="#[a7]">&gt;&gt;</a>&nbsp;&nbsp;&nbsp;RCC_GetFlagStatus
<LI><a href="#[a2]">&gt;&gt;</a>&nbsp;&nbsp;&nbsp;RCC_DeInit
</UL>
<BR>[Called By]<UL><LI><a href="#[be]">&gt;&gt;</a>&nbsp;&nbsp;&nbsp;Sys_Config
</UL>

<P><STRONG><a name="[bf]"></a>USART_Configuration</STRONG> (Thumb, 58 bytes, Stack size 24 bytes, sys_cfg.o(i.USART_Configuration))
<BR><BR>[Stack]<UL><LI>Max Depth = 92<LI>Call Chain = USART_Configuration &rArr; USART_Init &rArr; RCC_GetClocksFreq
</UL>
<BR>[Calls]<UL><LI><a href="#[c8]">&gt;&gt;</a>&nbsp;&nbsp;&nbsp;RCC_APB2PeriphClockCmd
<LI><a href="#[90]">&gt;&gt;</a>&nbsp;&nbsp;&nbsp;USART_Init
<LI><a href="#[91]">&gt;&gt;</a>&nbsp;&nbsp;&nbsp;USART_Cmd
</UL>
<BR>[Called By]<UL><LI><a href="#[be]">&gt;&gt;</a>&nbsp;&nbsp;&nbsp;Sys_Config
</UL>

<P><STRONG><a name="[e3]"></a>dp_download_light_handle</STRONG> (Thumb, 68 bytes, Stack size 24 bytes, protocol.o(i.dp_download_light_handle))
<BR><BR>[Stack]<UL><LI>Max Depth = 144<LI>Call Chain = dp_download_light_handle &rArr; oled_tuya_dis &rArr; OLED_ShowNum &rArr; OLED_ShowChar &rArr; OLED_Set_Pos &rArr; OLED_WR_Byte
</UL>
<BR>[Calls]<UL><LI><a href="#[79]">&gt;&gt;</a>&nbsp;&nbsp;&nbsp;GPIO_SetBits
<LI><a href="#[7c]">&gt;&gt;</a>&nbsp;&nbsp;&nbsp;GPIO_ResetBits
<LI><a href="#[9c]">&gt;&gt;</a>&nbsp;&nbsp;&nbsp;oled_tuya_dis
<LI><a href="#[e4]">&gt;&gt;</a>&nbsp;&nbsp;&nbsp;mcu_get_dp_download_bool
<LI><a href="#[d2]">&gt;&gt;</a>&nbsp;&nbsp;&nbsp;mcu_dp_bool_update
</UL>
<BR>[Called By]<UL><LI><a href="#[df]">&gt;&gt;</a>&nbsp;&nbsp;&nbsp;dp_download_handle
</UL>

<P><STRONG><a name="[e2]"></a>dp_download_mode_handle</STRONG> (Thumb, 70 bytes, Stack size 24 bytes, protocol.o(i.dp_download_mode_handle))
<BR><BR>[Stack]<UL><LI>Max Depth = 144<LI>Call Chain = dp_download_mode_handle &rArr; oled_tuya_dis &rArr; OLED_ShowNum &rArr; OLED_ShowChar &rArr; OLED_Set_Pos &rArr; OLED_WR_Byte
</UL>
<BR>[Calls]<UL><LI><a href="#[9c]">&gt;&gt;</a>&nbsp;&nbsp;&nbsp;oled_tuya_dis
<LI><a href="#[e5]">&gt;&gt;</a>&nbsp;&nbsp;&nbsp;mcu_get_dp_download_enum
<LI><a href="#[d4]">&gt;&gt;</a>&nbsp;&nbsp;&nbsp;mcu_dp_enum_update
</UL>
<BR>[Called By]<UL><LI><a href="#[df]">&gt;&gt;</a>&nbsp;&nbsp;&nbsp;dp_download_handle
</UL>

<P><STRONG><a name="[e0]"></a>dp_download_power_handle</STRONG> (Thumb, 68 bytes, Stack size 24 bytes, protocol.o(i.dp_download_power_handle))
<BR><BR>[Stack]<UL><LI>Max Depth = 144<LI>Call Chain = dp_download_power_handle &rArr; oled_tuya_dis &rArr; OLED_ShowNum &rArr; OLED_ShowChar &rArr; OLED_Set_Pos &rArr; OLED_WR_Byte
</UL>
<BR>[Calls]<UL><LI><a href="#[79]">&gt;&gt;</a>&nbsp;&nbsp;&nbsp;GPIO_SetBits
<LI><a href="#[7c]">&gt;&gt;</a>&nbsp;&nbsp;&nbsp;GPIO_ResetBits
<LI><a href="#[9c]">&gt;&gt;</a>&nbsp;&nbsp;&nbsp;oled_tuya_dis
<LI><a href="#[e4]">&gt;&gt;</a>&nbsp;&nbsp;&nbsp;mcu_get_dp_download_bool
<LI><a href="#[d2]">&gt;&gt;</a>&nbsp;&nbsp;&nbsp;mcu_dp_bool_update
</UL>
<BR>[Called By]<UL><LI><a href="#[df]">&gt;&gt;</a>&nbsp;&nbsp;&nbsp;dp_download_handle
</UL>

<P><STRONG><a name="[e1]"></a>dp_download_tempset_handle</STRONG> (Thumb, 48 bytes, Stack size 24 bytes, protocol.o(i.dp_download_tempset_handle))
<BR><BR>[Stack]<UL><LI>Max Depth = 144<LI>Call Chain = dp_download_tempset_handle &rArr; oled_tuya_dis &rArr; OLED_ShowNum &rArr; OLED_ShowChar &rArr; OLED_Set_Pos &rArr; OLED_WR_Byte
</UL>
<BR>[Calls]<UL><LI><a href="#[9c]">&gt;&gt;</a>&nbsp;&nbsp;&nbsp;oled_tuya_dis
<LI><a href="#[e6]">&gt;&gt;</a>&nbsp;&nbsp;&nbsp;mcu_get_dp_download_value
<LI><a href="#[d3]">&gt;&gt;</a>&nbsp;&nbsp;&nbsp;mcu_dp_value_update
</UL>
<BR>[Called By]<UL><LI><a href="#[df]">&gt;&gt;</a>&nbsp;&nbsp;&nbsp;dp_download_handle
</UL>

<P><STRONG><a name="[db]"></a>data_point_handle</STRONG> (Thumb, 72 bytes, Stack size 32 bytes, system.o(i.data_point_handle))
<BR><BR>[Stack]<UL><LI>Max Depth = 200<LI>Call Chain = data_point_handle &rArr; dp_download_handle &rArr; dp_download_tempset_handle &rArr; oled_tuya_dis &rArr; OLED_ShowNum &rArr; OLED_ShowChar &rArr; OLED_Set_Pos &rArr; OLED_WR_Byte
</UL>
<BR>[Calls]<UL><LI><a href="#[de]">&gt;&gt;</a>&nbsp;&nbsp;&nbsp;get_dowmload_dpid_index
<LI><a href="#[df]">&gt;&gt;</a>&nbsp;&nbsp;&nbsp;dp_download_handle
</UL>
<BR>[Called By]<UL><LI><a href="#[d6]">&gt;&gt;</a>&nbsp;&nbsp;&nbsp;data_handle
</UL>

<P><STRONG><a name="[de]"></a>get_dowmload_dpid_index</STRONG> (Thumb, 42 bytes, Stack size 16 bytes, system.o(i.get_dowmload_dpid_index))
<BR><BR>[Stack]<UL><LI>Max Depth = 16<LI>Call Chain = get_dowmload_dpid_index
</UL>
<BR>[Calls]<UL><LI><a href="#[e7]">&gt;&gt;</a>&nbsp;&nbsp;&nbsp;get_download_cmd_total
</UL>
<BR>[Called By]<UL><LI><a href="#[db]">&gt;&gt;</a>&nbsp;&nbsp;&nbsp;data_point_handle
</UL>

<P><STRONG><a name="[d9]"></a>get_mcu_wifi_mode</STRONG> (Thumb, 14 bytes, Stack size 8 bytes, system.o(i.get_mcu_wifi_mode))
<BR><BR>[Stack]<UL><LI>Max Depth = 64<LI>Call Chain = get_mcu_wifi_mode &rArr; wifi_uart_write_frame &rArr; wifi_uart_write_data &rArr; uart_transmit_output &rArr; NET_IO_Send
</UL>
<BR>[Calls]<UL><LI><a href="#[da]">&gt;&gt;</a>&nbsp;&nbsp;&nbsp;wifi_uart_write_frame
</UL>
<BR>[Called By]<UL><LI><a href="#[d6]">&gt;&gt;</a>&nbsp;&nbsp;&nbsp;data_handle
</UL>

<P><STRONG><a name="[d7]"></a>heat_beat_check</STRONG> (Thumb, 48 bytes, Stack size 8 bytes, system.o(i.heat_beat_check))
<BR><BR>[Stack]<UL><LI>Max Depth = 64<LI>Call Chain = heat_beat_check &rArr; wifi_uart_write_frame &rArr; wifi_uart_write_data &rArr; uart_transmit_output &rArr; NET_IO_Send
</UL>
<BR>[Calls]<UL><LI><a href="#[da]">&gt;&gt;</a>&nbsp;&nbsp;&nbsp;wifi_uart_write_frame
<LI><a href="#[e8]">&gt;&gt;</a>&nbsp;&nbsp;&nbsp;set_wifi_uart_byte
</UL>
<BR>[Called By]<UL><LI><a href="#[d6]">&gt;&gt;</a>&nbsp;&nbsp;&nbsp;data_handle
</UL>

<P><STRONG><a name="[d8]"></a>product_info_update</STRONG> (Thumb, 54 bytes, Stack size 16 bytes, system.o(i.product_info_update))
<BR><BR>[Stack]<UL><LI>Max Depth = 72<LI>Call Chain = product_info_update &rArr; wifi_uart_write_frame &rArr; wifi_uart_write_data &rArr; uart_transmit_output &rArr; NET_IO_Send
</UL>
<BR>[Calls]<UL><LI><a href="#[da]">&gt;&gt;</a>&nbsp;&nbsp;&nbsp;wifi_uart_write_frame
<LI><a href="#[ef]">&gt;&gt;</a>&nbsp;&nbsp;&nbsp;set_wifi_uart_buffer
<LI><a href="#[ee]">&gt;&gt;</a>&nbsp;&nbsp;&nbsp;my_strlen
</UL>
<BR>[Called By]<UL><LI><a href="#[d6]">&gt;&gt;</a>&nbsp;&nbsp;&nbsp;data_handle
</UL>

<P><STRONG><a name="[f5]"></a>wifi_uart_write_data</STRONG> (Thumb, 36 bytes, Stack size 16 bytes, system.o(i.wifi_uart_write_data))
<BR><BR>[Stack]<UL><LI>Max Depth = 40<LI>Call Chain = wifi_uart_write_data &rArr; uart_transmit_output &rArr; NET_IO_Send
</UL>
<BR>[Calls]<UL><LI><a href="#[f1]">&gt;&gt;</a>&nbsp;&nbsp;&nbsp;uart_transmit_output
</UL>
<BR>[Called By]<UL><LI><a href="#[da]">&gt;&gt;</a>&nbsp;&nbsp;&nbsp;wifi_uart_write_frame
</UL>

<P><STRONG><a name="[cc]"></a>_fp_digits</STRONG> (Thumb, 366 bytes, Stack size 64 bytes, printfa.o(i._fp_digits), UNUSED)
<BR><BR>[Calls]<UL><LI><a href="#[65]">&gt;&gt;</a>&nbsp;&nbsp;&nbsp;__aeabi_uldivmod
<LI><a href="#[6e]">&gt;&gt;</a>&nbsp;&nbsp;&nbsp;__aeabi_dmul
<LI><a href="#[6f]">&gt;&gt;</a>&nbsp;&nbsp;&nbsp;__aeabi_ddiv
<LI><a href="#[68]">&gt;&gt;</a>&nbsp;&nbsp;&nbsp;__aeabi_dadd
<LI><a href="#[70]">&gt;&gt;</a>&nbsp;&nbsp;&nbsp;__aeabi_d2ulz
<LI><a href="#[cd]">&gt;&gt;</a>&nbsp;&nbsp;&nbsp;__aeabi_cdrcmple
</UL>
<BR>[Called By]<UL><LI><a href="#[cb]">&gt;&gt;</a>&nbsp;&nbsp;&nbsp;_printf_core
</UL>

<P><STRONG><a name="[cb]"></a>_printf_core</STRONG> (Thumb, 1744 bytes, Stack size 136 bytes, printfa.o(i._printf_core), UNUSED)
<BR><BR>[Calls]<UL><LI><a href="#[65]">&gt;&gt;</a>&nbsp;&nbsp;&nbsp;__aeabi_uldivmod
<LI><a href="#[d0]">&gt;&gt;</a>&nbsp;&nbsp;&nbsp;__aeabi_uidivmod
<LI><a href="#[ce]">&gt;&gt;</a>&nbsp;&nbsp;&nbsp;_printf_pre_padding
<LI><a href="#[cf]">&gt;&gt;</a>&nbsp;&nbsp;&nbsp;_printf_post_padding
<LI><a href="#[cc]">&gt;&gt;</a>&nbsp;&nbsp;&nbsp;_fp_digits
</UL>
<BR>[Called By]<UL><LI><a href="#[ca]">&gt;&gt;</a>&nbsp;&nbsp;&nbsp;__0printf
</UL>

<P><STRONG><a name="[cf]"></a>_printf_post_padding</STRONG> (Thumb, 36 bytes, Stack size 24 bytes, printfa.o(i._printf_post_padding), UNUSED)
<BR><BR>[Called By]<UL><LI><a href="#[cb]">&gt;&gt;</a>&nbsp;&nbsp;&nbsp;_printf_core
</UL>

<P><STRONG><a name="[ce]"></a>_printf_pre_padding</STRONG> (Thumb, 46 bytes, Stack size 24 bytes, printfa.o(i._printf_pre_padding), UNUSED)
<BR><BR>[Called By]<UL><LI><a href="#[cb]">&gt;&gt;</a>&nbsp;&nbsp;&nbsp;_printf_core
</UL>
<P>
<H3>
Undefined Global Symbols
</H3><HR></body></html>
